Component: ARM Compiler 5.06 update 4 (build 422) Tool: armlink [4d35d2]

==============================================================================

Section Cross References

    system_stm32f4xx.o(i.SystemCoreClockUpdate) refers to system_stm32f4xx.o(.data) for .data
    system_stm32f4xx.o(i.SystemInit) refers to system_stm32f4xx.o(i.SetSysClock) for SetSysClock
    startup_stm32f40_41xxx.o(STACK) refers (Special) to heapauxi.o(.text) for __use_two_region_memory
    startup_stm32f40_41xxx.o(HEAP) refers (Special) to heapauxi.o(.text) for __use_two_region_memory
    startup_stm32f40_41xxx.o(RESET) refers (Special) to heapauxi.o(.text) for __use_two_region_memory
    startup_stm32f40_41xxx.o(RESET) refers to startup_stm32f40_41xxx.o(STACK) for __initial_sp
    startup_stm32f40_41xxx.o(RESET) refers to startup_stm32f40_41xxx.o(.text) for Reset_Handler
    startup_stm32f40_41xxx.o(RESET) refers to irq_cm4f.o(.text) for SVC_Handler
    startup_stm32f40_41xxx.o(RESET) refers to bluetooth.o(i.USART2_IRQHandler) for USART2_IRQHandler
    startup_stm32f40_41xxx.o(RESET) refers to microwaveovenuart.o(i.USART3_IRQHandler) for USART3_IRQHandler
    startup_stm32f40_41xxx.o(.text) refers (Special) to heapauxi.o(.text) for __use_two_region_memory
    startup_stm32f40_41xxx.o(.text) refers to system_stm32f4xx.o(i.SystemInit) for SystemInit
    startup_stm32f40_41xxx.o(.text) refers to __main.o(!!!main) for __main
    startup_stm32f40_41xxx.o(.text) refers to startup_stm32f40_41xxx.o(HEAP) for Heap_Mem
    startup_stm32f40_41xxx.o(.text) refers to startup_stm32f40_41xxx.o(STACK) for Stack_Mem
    main.o(i.main) refers to rtx_kernel.o(.text.osKernelInitialize) for osKernelInitialize
    main.o(i.main) refers to cxa_guard_acquire.o(i.__cxa_guard_acquire) for __cxa_guard_acquire
    main.o(i.main) refers to pickmoto.o(i._ZN8PickMotoC1Ev) for PickMoto::PickMoto()
    main.o(i.main) refers to main.o(i._ZN6Fridge8instanceEv) for Fridge::instance()
    main.o(i.main) refers to robotarm1.o(i._ZN9RobotArm1C1Ev) for RobotArm1::RobotArm1()
    main.o(i.main) refers to robotarm2.o(i._ZN9RobotArm2C1Ev) for RobotArm2::RobotArm2()
    main.o(i.main) refers to ledhinttask.o(i._ZN11LedHintTaskC1Ev) for LedHintTask::LedHintTask()
    main.o(i.main) refers to task.o(i._ZN4Task5startEv) for Task::start()
    main.o(i.main) refers to task.o(i._ZN4TaskC2EPKcPyj12osPriority_t) for Task::Task__sub_object(const char*, unsigned long long*, unsigned, osPriority_t)
    main.o(i.main) refers to statusreporttask.o(i._ZN16StatusReportTaskC1Ev) for StatusReportTask::StatusReportTask()
    main.o(i.main) refers to bluetoothprotocolparsetask.o(i._ZN26BluetoothProtocolParseTaskC1Ev) for BluetoothProtocolParseTask::BluetoothProtocolParseTask()
    main.o(i.main) refers to rtx_kernel.o(.text.osKernelStart) for osKernelStart
    main.o(i.main) refers to main.o(.data__ZZN8PickMoto8instanceEvE8pickMoto) for guard variable for PickMoto::instance()::pickMoto
    main.o(i.main) refers to main.o(.bss__ZZN8PickMoto8instanceEvE8pickMoto) for PickMoto::instance()::pickMoto
    main.o(i.main) refers to main.o(.data__ZZN9RobotArm18instanceEvE1r) for guard variable for RobotArm1::instance()::r
    main.o(i.main) refers to main.o(.bss__ZZN9RobotArm18instanceEvE1r) for RobotArm1::instance()::r
    main.o(i.main) refers to main.o(.data__ZZN9RobotArm28instanceEvE8instance) for guard variable for RobotArm2::instance()::instance
    main.o(i.main) refers to main.o(.bss__ZZN9RobotArm28instanceEvE8instance) for RobotArm2::instance()::instance
    main.o(i.main) refers to main.o(.data__ZZN11LedHintTask8instanceEvE4task) for guard variable for LedHintTask::instance()::task
    main.o(i.main) refers to main.o(.bss__ZZN11LedHintTask8instanceEvE4task) for LedHintTask::instance()::task
    main.o(i.main) refers to main.o(.data__ZZN17MicroWaveOvenTask8instanceEvE4task) for guard variable for MicroWaveOvenTask::instance()::task
    main.o(i.main) refers to main.o(.bss__ZZN17MicroWaveOvenTask8instanceEvE4task) for MicroWaveOvenTask::instance()::task
    main.o(i.main) refers to main.o(.bss) for .bss
    main.o(i.main) refers to main.o(.constdata__ZZN17MicroWaveOvenTaskC1EvEs) for MicroWaveOvenTask::MicroWaveOvenTask()::string
    main.o(i.main) refers to main.o(.constdata__ZTV17MicroWaveOvenTask) for vtable for MicroWaveOvenTask
    main.o(i.main) refers to main.o(.data__ZZN16StatusReportTask8instanceEvE4task) for guard variable for StatusReportTask::instance()::task
    main.o(i.main) refers to main.o(.bss__ZZN16StatusReportTask8instanceEvE4task) for StatusReportTask::instance()::task
    main.o(i.main) refers to main.o(.data__ZZN26BluetoothProtocolParseTask8instanceEvE4task) for guard variable for BluetoothProtocolParseTask::instance()::task
    main.o(i.main) refers to main.o(.bss__ZZN26BluetoothProtocolParseTask8instanceEvE4task) for BluetoothProtocolParseTask::instance()::task
    main.o(.ARM.exidx) refers to main.o(i.main) for i.main
[...]
    _printf_percent_end                      0x080002a9   Thumb Code     0  _printf_percent_end.o(.ARM.Collect$$_printf_percent$$00000017)
    __rt_lib_init                            0x080002ad   Thumb Code     0  libinit.o(.ARM.Collect$$libinit$$00000000)
    __rt_lib_init_fp_1                       0x080002af   Thumb Code     0  libinit2.o(.ARM.Collect$$libinit$$00000001)
    __rt_lib_init_heap_1                     0x080002b3   Thumb Code     0  libinit2.o(.ARM.Collect$$libinit$$0000000A)
    __rt_lib_init_lc_common                  0x080002b3   Thumb Code     0  libinit2.o(.ARM.Collect$$libinit$$0000000F)
    __rt_lib_init_preinit_1                  0x080002b3   Thumb Code     0  libinit2.o(.ARM.Collect$$libinit$$00000004)
    __rt_lib_init_rand_1                     0x080002b3   Thumb Code     0  libinit2.o(.ARM.Collect$$libinit$$0000000E)
    __rt_lib_init_user_alloc_1               0x080002b3   Thumb Code     0  libinit2.o(.ARM.Collect$$libinit$$0000000C)
    __rt_lib_init_lc_collate_1               0x080002b9   Thumb Code     0  libinit2.o(.ARM.Collect$$libinit$$00000011)
    __rt_lib_init_lc_ctype_2                 0x080002b9   Thumb Code     0  libinit2.o(.ARM.Collect$$libinit$$00000012)
    __rt_lib_init_lc_ctype_1                 0x080002c5   Thumb Code     0  libinit2.o(.ARM.Collect$$libinit$$00000013)
    __rt_lib_init_lc_monetary_1              0x080002c5   Thumb Code     0  libinit2.o(.ARM.Collect$$libinit$$00000015)
    __rt_lib_init_lc_numeric_2               0x080002c5   Thumb Code     0  libinit2.o(.ARM.Collect$$libinit$$00000016)
    __rt_lib_init_alloca_1                   0x080002cf   Thumb Code     0  libinit2.o(.ARM.Collect$$libinit$$0000002E)
    __rt_lib_init_argv_1                     0x080002cf   Thumb Code     0  libinit2.o(.ARM.Collect$$libinit$$0000002C)
    __rt_lib_init_atexit_1                   0x080002cf   Thumb Code     0  libinit2.o(.ARM.Collect$$libinit$$0000001B)
    __rt_lib_init_clock_1                    0x080002cf   Thumb Code     0  libinit2.o(.ARM.Collect$$libinit$$00000021)
    __rt_lib_init_cpp_2                      0x080002cf   Thumb Code     0  libinit2.o(.ARM.Collect$$libinit$$00000031)
    __rt_lib_init_exceptions_1               0x080002cf   Thumb Code     0  libinit2.o(.ARM.Collect$$libinit$$00000030)
    __rt_lib_init_fp_trap_1                  0x080002cf   Thumb Code     0  libinit2.o(.ARM.Collect$$libinit$$0000001F)
    __rt_lib_init_getenv_1                   0x080002cf   Thumb Code     0  libinit2.o(.ARM.Collect$$libinit$$00000023)
    __rt_lib_init_lc_numeric_1               0x080002cf   Thumb Code     0  libinit2.o(.ARM.Collect$$libinit$$00000017)
    __rt_lib_init_lc_time_1                  0x080002cf   Thumb Code     0  libinit2.o(.ARM.Collect$$libinit$$00000019)
    __rt_lib_init_signal_1                   0x080002cf   Thumb Code     0  libinit2.o(.ARM.Collect$$libinit$$0000001D)
    __rt_lib_init_stdio_1                    0x080002cf   Thumb Code     0  libinit2.o(.ARM.Collect$$libinit$$00000025)
    __rt_lib_init_cpp_1                      0x080002d3   Thumb Code     0  libinit2.o(.ARM.Collect$$libinit$$00000032)
    __rt_lib_init_return                     0x080002d3   Thumb Code     0  libinit2.o(.ARM.Collect$$libinit$$00000033)
    __rt_lib_shutdown                        0x080002d5   Thumb Code     0  libshutdown.o(.ARM.Collect$$libshutdown$$00000000)
    __rt_lib_shutdown_cpp_1                  0x080002d7   Thumb Code     0  libshutdown2.o(.ARM.Collect$$libshutdown$$00000002)
    __rt_lib_shutdown_fp_trap_1              0x080002d7   Thumb Code     0  libshutdown2.o(.ARM.Collect$$libshutdown$$00000007)
    __rt_lib_shutdown_heap_1                 0x080002d7   Thumb Code     0  libshutdown2.o(.ARM.Collect$$libshutdown$$0000000F)
    __rt_lib_shutdown_return                 0x080002d7   Thumb Code     0  libshutdown2.o(.ARM.Collect$$libshutdown$$00000010)
    __rt_lib_shutdown_signal_1               0x080002d7   Thumb Code     0  libshutdown2.o(.ARM.Collect$$libshutdown$$0000000A)
    __rt_lib_shutdown_stdio_1                0x080002d7   Thumb Code     0  libshutdown2.o(.ARM.Collect$$libshutdown$$00000004)
    __rt_lib_shutdown_user_alloc_1           0x080002d7   Thumb Code     0  libshutdown2.o(.ARM.Collect$$libshutdown$$0000000C)
    __rt_entry                               0x080002d9   Thumb Code     0  __rtentry.o(.ARM.Collect$$rtentry$$00000000)
    __rt_entry_presh_1                       0x080002d9   Thumb Code     0  __rtentry2.o(.ARM.Collect$$rtentry$$00000002)
    __rt_entry_sh                            0x080002d9   Thumb Code     0  __rtentry4.o(.ARM.Collect$$rtentry$$00000004)
    __rt_entry_postsh_1                      0x080002df   Thumb Code     0  __rtentry2.o(.ARM.Collect$$rtentry$$00000008)
    __rt_entry_li                            0x080002e7   Thumb Code     0  __rtentry2.o(.ARM.Collect$$rtentry$$0000000A)
    __rt_entry_main                          0x080002eb   Thumb Code     0  __rtentry2.o(.ARM.Collect$$rtentry$$0000000D)
    __rt_entry_postli_1                      0x080002eb   Thumb Code     0  __rtentry2.o(.ARM.Collect$$rtentry$$0000000C)
    __rt_exit                                0x080002f3   Thumb Code     0  rtexit.o(.ARM.Collect$$rtexit$$00000000)
    __rt_exit_ls                             0x080002f5   Thumb Code     0  rtexit2.o(.ARM.Collect$$rtexit$$00000003)
    __rt_exit_prels_1                        0x080002f5   Thumb Code     0  rtexit2.o(.ARM.Collect$$rtexit$$00000002)
    __rt_exit_exit                           0x080002f9   Thumb Code     0  rtexit2.o(.ARM.Collect$$rtexit$$00000004)
    Reset_Handler                            0x08000301   Thumb Code     8  startup_stm32f40_41xxx.o(.text)
    NMI_Handler                              0x08000309   Thumb Code     2  startup_stm32f40_41xxx.o(.text)
    HardFault_Handler                        0x0800030b   Thumb Code     2  startup_stm32f40_41xxx.o(.text)
    MemManage_Handler                        0x0800030d   Thumb Code     2  startup_stm32f40_41xxx.o(.text)
    BusFault_Handler                         0x0800030f   Thumb Code     2  startup_stm32f40_41xxx.o(.text)
    UsageFault_Handler                       0x08000311   Thumb Code     2  startup_stm32f40_41xxx.o(.text)
    DebugMon_Handler                         0x08000315   Thumb Code     2  startup_stm32f40_41xxx.o(.text)
    ADC_IRQHandler                           0x0800031b   Thumb Code     0  startup_stm32f40_41xxx.o(.text)
    CAN1_RX0_IRQHandler                      0x0800031b   Thumb Code     0  startup_stm32f40_41xxx.o(.text)
    CAN1_RX1_IRQHandler                      0x0800031b   Thumb Code     0  startup_stm32f40_41xxx.o(.text)
    CAN1_SCE_IRQHandler                      0x0800031b   Thumb Code     0  startup_stm32f40_41xxx.o(.text)
    CAN1_TX_IRQHandler                       0x0800031b   Thumb Code     0  startup_stm32f40_41xxx.o(.text)
    CAN2_RX0_IRQHandler                      0x0800031b   Thumb Code     0  startup_stm32f40_41xxx.o(.text)
    CAN2_RX1_IRQHandler                      0x0800031b   Thumb Code     0  startup_stm32f40_41xxx.o(.text)
    CAN2_SCE_IRQHandler                      0x0800031b   Thumb Code     0  startup_stm32f40_41xxx.o(.text)
    CAN2_TX_IRQHandler                       0x0800031b   Thumb Code     0  startup_stm32f40_41xxx.o(.text)
    CRYP_IRQHandler                          0x0800031b   Thumb Code     0  startup_stm32f40_41xxx.o(.text)
    DCMI_IRQHandler                          0x0800031b   Thumb Code     0  startup_stm32f40_41xxx.o(.text)
    DMA1_Stream0_IRQHandler                  0x0800031b   Thumb Code     0  startup_stm32f40_41xxx.o(.text)
    DMA1_Stream1_IRQHandler                  0x0800031b   Thumb Code     0  startup_stm32f40_41xxx.o(.text)
    DMA1_Stream2_IRQHandler                  0x0800031b   Thumb Code     0  startup_stm32f40_41xxx.o(.text)
    DMA1_Stream3_IRQHandler                  0x0800031b   Thumb Code     0  startup_stm32f40_41xxx.o(.text)
    DMA1_Stream4_IRQHandler                  0x0800031b   Thumb Code     0  startup_stm32f40_41xxx.o(.text)
    DMA1_Stream5_IRQHandler                  0x0800031b   Thumb Code     0  startup_stm32f40_41xxx.o(.text)
    DMA1_Stream6_IRQHandler                  0x0800031b   Thumb Code     0  startup_stm32f40_41xxx.o(.text)
    DMA1_Stream7_IRQHandler                  0x0800031b   Thumb Code     0  startup_stm32f40_41xxx.o(.text)
    DMA2_Stream0_IRQHandler                  0x0800031b   Thumb Code     0  startup_stm32f40_41xxx.o(.text)
    DMA2_Stream1_IRQHandler                  0x0800031b   Thumb Code     0  startup_stm32f40_41xxx.o(.text)
    DMA2_Stream2_IRQHandler                  0x0800031b   Thumb Code     0  startup_stm32f40_41xxx.o(.text)
    DMA2_Stream3_IRQHandler                  0x0800031b   Thumb Code     0  startup_stm32f40_41xxx.o(.text)
    DMA2_Stream4_IRQHandler                  0x0800031b   Thumb Code     0  startup_stm32f40_41xxx.o(.text)
    DMA2_Stream5_IRQHandler                  0x0800031b   Thumb Code     0  startup_stm32f40_41xxx.o(.text)
    DMA2_Stream6_IRQHandler                  0x0800031b   Thumb Code     0  startup_stm32f40_41xxx.o(.text)
    DMA2_Stream7_IRQHandler                  0x0800031b   Thumb Code     0  startup_stm32f40_41xxx.o(.text)
    ETH_IRQHandler                           0x0800031b   Thumb Code     0  startup_stm32f40_41xxx.o(.text)
    ETH_WKUP_IRQHandler                      0x0800031b   Thumb Code     0  startup_stm32f40_41xxx.o(.text)
    EXTI0_IRQHandler                         0x0800031b   Thumb Code     0  startup_stm32f40_41xxx.o(.text)
    EXTI15_10_IRQHandler                     0x0800031b   Thumb Code     0  startup_stm32f40_41xxx.o(.text)
    EXTI1_IRQHandler                         0x0800031b   Thumb Code     0  startup_stm32f40_41xxx.o(.text)
    EXTI2_IRQHandler                         0x0800031b   Thumb Code     0  startup_stm32f40_41xxx.o(.text)
    EXTI3_IRQHandler                         0x0800031b   Thumb Code     0  startup_stm32f40_41xxx.o(.text)
    EXTI4_IRQHandler                         0x0800031b   Thumb Code     0  startup_stm32f40_41xxx.o(.text)
    EXTI9_5_IRQHandler                       0x0800031b   Thumb Code     0  startup_stm32f40_41xxx.o(.text)
    FLASH_IRQHandler                         0x0800031b   Thumb Code     0  startup_stm32f40_41xxx.o(.text)
    FPU_IRQHandler                           0x0800031b   Thumb Code     0  startup_stm32f40_41xxx.o(.text)
    FSMC_IRQHandler                          0x0800031b   Thumb Code     0  startup_stm32f40_41xxx.o(.text)
    HASH_RNG_IRQHandler                      0x0800031b   Thumb Code     0  startup_stm32f40_41xxx.o(.text)
    I2C1_ER_IRQHandler                       0x0800031b   Thumb Code     0  startup_stm32f40_41xxx.o(.text)
    I2C1_EV_IRQHandler                       0x0800031b   Thumb Code     0  startup_stm32f40_41xxx.o(.text)
    I2C2_ER_IRQHandler                       0x0800031b   Thumb Code     0  startup_stm32f40_41xxx.o(.text)
    I2C2_EV_IRQHandler                       0x0800031b   Thumb Code     0  startup_stm32f40_41xxx.o(.text)
    I2C3_ER_IRQHandler                       0x0800031b   Thumb Code     0  startup_stm32f40_41xxx.o(.text)
    I2C3_EV_IRQHandler                       0x0800031b   Thumb Code     0  startup_stm32f40_41xxx.o(.text)
    OTG_FS_IRQHandler                        0x0800031b   Thumb Code     0  startup_stm32f40_41xxx.o(.text)
    OTG_FS_WKUP_IRQHandler                   0x0800031b   Thumb Code     0  startup_stm32f40_41xxx.o(.text)
    OTG_HS_EP1_IN_IRQHandler                 0x0800031b   Thumb Code     0  startup_stm32f40_41xxx.o(.text)
    OTG_HS_EP1_OUT_IRQHandler                0x0800031b   Thumb Code     0  startup_stm32f40_41xxx.o(.text)
    OTG_HS_IRQHandler                        0x0800031b   Thumb Code     0  startup_stm32f40_41xxx.o(.text)
    OTG_HS_WKUP_IRQHandler                   0x0800031b   Thumb Code     0  startup_stm32f40_41xxx.o(.text)
    PVD_IRQHandler                           0x0800031b   Thumb Code     0  startup_stm32f40_41xxx.o(.text)
    RCC_IRQHandler                           0x0800031b   Thumb Code     0  startup_stm32f40_41xxx.o(.text)
    RTC_Alarm_IRQHandler                     0x0800031b   Thumb Code     0  startup_stm32f40_41xxx.o(.text)
    RTC_WKUP_IRQHandler                      0x0800031b   Thumb Code     0  startup_stm32f40_41xxx.o(.text)
    SDIO_IRQHandler                          0x0800031b   Thumb Code     0  startup_stm32f40_41xxx.o(.text)
    SPI1_IRQHandler                          0x0800031b   Thumb Code     0  startup_stm32f40_41xxx.o(.text)
    SPI2_IRQHandler                          0x0800031b   Thumb Code     0  startup_stm32f40_41xxx.o(.text)
    SPI3_IRQHandler                          0x0800031b   Thumb Code     0  startup_stm32f40_41xxx.o(.text)
    TAMP_STAMP_IRQHandler                    0x0800031b   Thumb Code     0  startup_stm32f40_41xxx.o(.text)
    TIM1_BRK_TIM9_IRQHandler                 0x0800031b   Thumb Code     0  startup_stm32f40_41xxx.o(.text)
    TIM1_CC_IRQHandler                       0x0800031b   Thumb Code     0  startup_stm32f40_41xxx.o(.text)
    TIM1_TRG_COM_TIM11_IRQHandler            0x0800031b   Thumb Code     0  startup_stm32f40_41xxx.o(.text)
    TIM1_UP_TIM10_IRQHandler                 0x0800031b   Thumb Code     0  startup_stm32f40_41xxx.o(.text)
    TIM2_IRQHandler                          0x0800031b   Thumb Code     0  startup_stm32f40_41xxx.o(.text)
    TIM3_IRQHandler                          0x0800031b   Thumb Code     0  startup_stm32f40_41xxx.o(.text)
    TIM4_IRQHandler                          0x0800031b   Thumb Code     0  startup_stm32f40_41xxx.o(.text)
    TIM5_IRQHandler                          0x0800031b   Thumb Code     0  startup_stm32f40_41xxx.o(.text)
    TIM6_DAC_IRQHandler                      0x0800031b   Thumb Code     0  startup_stm32f40_41xxx.o(.text)
    TIM7_IRQHandler                          0x0800031b   Thumb Code     0  startup_stm32f40_41xxx.o(.text)
    TIM8_BRK_TIM12_IRQHandler                0x0800031b   Thumb Code     0  startup_stm32f40_41xxx.o(.text)
    TIM8_CC_IRQHandler                       0x0800031b   Thumb Code     0  startup_stm32f40_41xxx.o(.text)
    TIM8_TRG_COM_TIM14_IRQHandler            0x0800031b   Thumb Code     0  startup_stm32f40_41xxx.o(.text)
    TIM8_UP_TIM13_IRQHandler                 0x0800031b   Thumb Code     0  startup_stm32f40_41xxx.o(.text)
    UART4_IRQHandler                         0x0800031b   Thumb Code     0  startup_stm32f40_41xxx.o(.text)
    UART5_IRQHandler                         0x0800031b   Thumb Code     0  startup_stm32f40_41xxx.o(.text)
    USART1_IRQHandler                        0x0800031b   Thumb Code     0  startup_stm32f40_41xxx.o(.text)
    USART6_IRQHandler                        0x0800031b   Thumb Code     0  startup_stm32f40_41xxx.o(.text)
    WWDG_IRQHandler                          0x0800031b   Thumb Code     0  startup_stm32f40_41xxx.o(.text)
    __user_initial_stackheap                 0x0800031d   Thumb Code     0  startup_stm32f40_41xxx.o(.text)
    SVC_Handler                              0x0800033d   Thumb Code   152  irq_cm4f.o(.text)
    PendSV_Handler                           0x080003d5   Thumb Code    16  irq_cm4f.o(.text)
    SysTick_Handler                          0x080003e5   Thumb Code    16  irq_cm4f.o(.text)
    __c89vsprintf                            0x08000401   Thumb Code    32  c89vsprintf.o(.text)
    __aeabi_memcpy                           0x08000425   Thumb Code     0  rt_memcpy_v6.o(.text)
    __rt_memcpy                              0x08000425   Thumb Code   138  rt_memcpy_v6.o(.text)
    _memcpy_lastbytes                        0x0800048b   Thumb Code     0  rt_memcpy_v6.o(.text)
    __aeabi_memclr                           0x080004af   Thumb Code     0  rt_memclr.o(.text)
    __rt_memclr                              0x080004af   Thumb Code    68  rt_memclr.o(.text)
    _memset                                  0x080004b3   Thumb Code     0  rt_memclr.o(.text)
    __aeabi_memclr4                          0x080004f3   Thumb Code     0  rt_memclr_w.o(.text)
    __aeabi_memclr8                          0x080004f3   Thumb Code     0  rt_memclr_w.o(.text)
    __rt_memclr_w                            0x080004f3   Thumb Code    78  rt_memclr_w.o(.text)
    _memset_w                                0x080004f7   Thumb Code     0  rt_memclr_w.o(.text)
    __use_two_region_memory                  0x08000541   Thumb Code     2  heapauxi.o(.text)
    __rt_heap_escrow                         0x08000543   Thumb Code     2  heapauxi.o(.text)
    __rt_heap_expand                         0x08000545   Thumb Code     2  heapauxi.o(.text)
    __cpp_initialize__aeabi_                 0x08000549   Thumb Code    26  init_aeabi.o(.text)
    _printf_pre_padding                      0x0800056d   Thumb Code    44  _printf_pad.o(.text)
    _printf_post_padding                     0x08000599   Thumb Code    34  _printf_pad.o(.text)
    _printf_truncate_signed                  0x080005bb   Thumb Code    18  _printf_truncate.o(.text)
    _printf_truncate_unsigned                0x080005cd   Thumb Code    18  _printf_truncate.o(.text)
    _printf_str                              0x080005df   Thumb Code    82  _printf_str.o(.text)
    _printf_int_dec                          0x08000631   Thumb Code   104  _printf_dec.o(.text)
    _printf_charcount                        0x080006a9   Thumb Code    40  _printf_charcount.o(.text)
    _printf_char_common                      0x080006db   Thumb Code    32  _printf_char_common.o(.text)
    _sputc                                   0x08000701   Thumb Code    10  _sputc.o(.text)
    _printf_wctomb                           0x0800070d   Thumb Code   182  _printf_wctomb.o(.text)
    _printf_longlong_dec                     0x080007c9   Thumb Code   108  _printf_longlong_dec.o(.text)
    _printf_longlong_oct                     0x08000845   Thumb Code    66  _printf_oct_int_ll.o(.text)
    _printf_int_oct                          0x08000887   Thumb Code    24  _printf_oct_int_ll.o(.text)
    _printf_ll_oct                           0x0800089f   Thumb Code    12  _printf_oct_int_ll.o(.text)
    _printf_longlong_hex                     0x080008b5   Thumb Code    86  _printf_hex_int_ll_ptr.o(.text)
    _printf_int_hex                          0x0800090b   Thumb Code    28  _printf_hex_int_ll_ptr.o(.text)
    _printf_ll_hex                           0x08000927   Thumb Code    12  _printf_hex_int_ll_ptr.o(.text)
    _printf_hex_ptr                          0x08000933   Thumb Code    18  _printf_hex_int_ll_ptr.o(.text)
    __printf                                 0x08000949   Thumb Code   388  __printf_flags_ss_wp.o(.text)
    __rt_SIGPVFN                             0x08000ad1   Thumb Code    14  defsig_pvfn_outer.o(.text)
    __aeabi_memcpy4                          0x08000adf   Thumb Code     0  rt_memcpy_w.o(.text)
    __aeabi_memcpy8                          0x08000adf   Thumb Code     0  rt_memcpy_w.o(.text)
    __rt_memcpy_w                            0x08000adf   Thumb Code   100  rt_memcpy_w.o(.text)
    _memcpy_lastbytes_aligned                0x08000b27   Thumb Code     0  rt_memcpy_w.o(.text)
    _ll_udiv10                               0x08000b43   Thumb Code   138  lludiv10.o(.text)
    _printf_int_common                       0x08000bcd   Thumb Code   178  _printf_intcommon.o(.text)
    __lib_sel_fp_printf                      0x08000c7f   Thumb Code     2  _printf_fp_dec.o(.text)
    _printf_fp_dec_real                      0x08000e2d   Thumb Code   620  _printf_fp_dec.o(.text)
    _printf_cs_common                        0x08001099   Thumb Code    20  _printf_char.o(.text)
    _printf_char                             0x080010ad   Thumb Code    16  _printf_char.o(.text)
    _printf_string                           0x080010bd   Thumb Code     8  _printf_char.o(.text)
    _printf_lcs_common                       0x080010c5   Thumb Code    20  _printf_wchar.o(.text)
    _printf_wchar                            0x080010d9   Thumb Code    16  _printf_wchar.o(.text)
    _printf_wstring                          0x080010e9   Thumb Code     8  _printf_wchar.o(.text)
    _wcrtomb                                 0x080010f1   Thumb Code    64  _wcrtomb.o(.text)
    __sig_exit                               0x08001131   Thumb Code    10  defsig_exit.o(.text)
    __rt_SIGPVFN_inner                       0x0800113d   Thumb Code    14  defsig_pvfn_inner.o(.text)
    _sys_exit                                0x0800116d   Thumb Code     8  sys_exit.o(.text)
    __user_setup_stackheap                   0x08001179   Thumb Code    74  sys_stackheap_outer.o(.text)
    __rt_ctype_table                         0x080011c5   Thumb Code    16  rt_ctype_table.o(.text)
    __rt_locale                              0x080011d5   Thumb Code    10  rt_locale_twolibspace.o(.text)
    _printf_fp_infnan                        0x080011e1   Thumb Code   112  _printf_fp_infnan.o(.text)
    _btod_etento                             0x08001261   Thumb Code   216  bigflt0.o(.text)
    exit                                     0x0800133d   Thumb Code    18  exit.o(.text)
    __default_signal_display                 0x0800134f   Thumb Code    50  defsig_general.o(.text)
    _ttywrch                                 0x08001381   Thumb Code    14  sys_wrch.o(.text)
    __user_libspace                          0x08001391   Thumb Code     8  libspace.o(.text)
    __user_perproc_libspace                  0x08001391   Thumb Code     0  libspace.o(.text)
    __I$use$semihosting                      0x08001399   Thumb Code     0  use_no_semi.o(.text)
    __use_no_semihosting_swi                 0x08001399   Thumb Code     2  use_no_semi.o(.text)
    __semihosting_library_function           0x0800139b   Thumb Code     0  indicate_semi.o(.text)
    strcmp                                   0x0800139d   Thumb Code   128  strcmpv7m.o(.text)
    OS_Tick_AcknowledgeIRQ                   0x080014ed   Thumb Code    12  os_systick.o(.text.OS_Tick_AcknowledgeIRQ)
    OS_Tick_Enable                           0x080014f9   Thumb Code    44  os_systick.o(.text.OS_Tick_Enable)
    OS_Tick_GetIRQn                          0x08001525   Thumb Code     6  os_systick.o(.text.OS_Tick_GetIRQn)
    OS_Tick_Setup                            0x0800152d   Thumb Code    64  os_systick.o(.text.OS_Tick_Setup)
    osDelay                                  0x08001629   Thumb Code    36  rtx_delay.o(.text.osDelay)
    osKernelGetState                         0x0800164d   Thumb Code    52  rtx_kernel.o(.text.osKernelGetState)
    osKernelInitialize                       0x08001681   Thumb Code    36  rtx_kernel.o(.text.osKernelInitialize)
    osKernelStart                            0x080016a5   Thumb Code    36  rtx_kernel.o(.text.osKernelStart)
    osMessageQueueGet                        0x080016c9   Thumb Code   112  rtx_msgqueue.o(.text.osMessageQueueGet)
    osMessageQueueNew                        0x08001739   Thumb Code    36  rtx_msgqueue.o(.text.osMessageQueueNew)
    osMessageQueuePut                        0x0800175d   Thumb Code   128  rtx_msgqueue.o(.text.osMessageQueuePut)
    osMutexAcquire                           0x080017dd   Thumb Code    36  rtx_mutex.o(.text.osMutexAcquire)
    osMutexDelete                            0x08001801   Thumb Code    36  rtx_mutex.o(.text.osMutexDelete)
    osMutexNew                               0x08001825   Thumb Code    36  rtx_mutex.o(.text.osMutexNew)
    osMutexRelease                           0x08001849   Thumb Code    36  rtx_mutex.o(.text.osMutexRelease)
    osRtxMemoryAlloc                         0x0800186d   Thumb Code   128  rtx_memory.o(.text.osRtxMemoryAlloc)
    osRtxMemoryFree                          0x080018ed   Thumb Code    82  rtx_memory.o(.text.osRtxMemoryFree)
    osRtxMemoryInit                          0x0800193f   Thumb Code    54  rtx_memory.o(.text.osRtxMemoryInit)
    osRtxMemoryPoolAlloc                     0x08001975   Thumb Code    74  rtx_mempool.o(.text.osRtxMemoryPoolAlloc)
    osRtxMemoryPoolFree                      0x080019bf   Thumb Code    86  rtx_mempool.o(.text.osRtxMemoryPoolFree)
    osRtxMemoryPoolInit                      0x08001a15   Thumb Code    84  rtx_mempool.o(.text.osRtxMemoryPoolInit)
    osRtxMutexOwnerRelease                   0x08001b3f   Thumb Code    68  rtx_mutex.o(.text.osRtxMutexOwnerRelease)
    osRtxPendSV_Handler                      0x08001b85   Thumb Code   144  rtx_system.o(.text.osRtxPendSV_Handler)
    osRtxPostProcess                         0x08001c15   Thumb Code   116  rtx_system.o(.text.osRtxPostProcess)
    osRtxThreadDelayTick                     0x08001db1   Thumb Code    56  rtx_thread.o(.text.osRtxThreadDelayTick)
    osRtxThreadDispatch                      0x08001de9   Thumb Code    96  rtx_thread.o(.text.osRtxThreadDispatch)
    osRtxThreadListGet                       0x08001ea1   Thumb Code    22  rtx_thread.o(.text.osRtxThreadListGet)
    osRtxThreadListPut                       0x08001eb7   Thumb Code    56  rtx_thread.o(.text.osRtxThreadListPut)
    osRtxThreadListRemove                    0x08001eef   Thumb Code    20  rtx_thread.o(.text.osRtxThreadListRemove)
    osRtxThreadListSort                      0x08001f03   Thumb Code    40  rtx_thread.o(.text.osRtxThreadListSort)
    osRtxThreadReadyPut                      0x08001f55   Thumb Code    20  rtx_thread.o(.text.osRtxThreadReadyPut)
    osRtxThreadRegPtr                        0x08001f69   Thumb Code    20  rtx_thread.o(.text.osRtxThreadRegPtr)
    osRtxThreadStartup                       0x08001f7d   Thumb Code    88  rtx_thread.o(.text.osRtxThreadStartup)
    osRtxThreadSwitch                        0x08001fd5   Thumb Code    16  rtx_thread.o(.text.osRtxThreadSwitch)
    osRtxThreadWaitEnter                     0x08001fe5   Thumb Code    56  rtx_thread.o(.text.osRtxThreadWaitEnter)
    osRtxThreadWaitExit                      0x0800201d   Thumb Code    50  rtx_thread.o(.text.osRtxThreadWaitExit)
    osRtxTick_Handler                        0x08002051   Thumb Code   112  rtx_system.o(.text.osRtxTick_Handler)
    osRtxTimerThread                         0x080020c1   Thumb Code    68  rtx_timer.o(.text.osRtxTimerThread)
    osThreadExit                             0x0800215d   Thumb Code    12  rtx_thread.o(.text.osThreadExit)
    osThreadNew                              0x08002169   Thumb Code    36  rtx_thread.o(.text.osThreadNew)
    osThreadTerminate                        0x0800218d   Thumb Code    36  rtx_thread.o(.text.osThreadTerminate)
    _btod_d2e                                0x08002c5d   Thumb Code    62  btod.o(CL$$btod_d2e)
    _d2e_denorm_low                          0x08002c9b   Thumb Code    70  btod.o(CL$$btod_d2e_denorm_low)
    _d2e_norm_op1                            0x08002ce1   Thumb Code    96  btod.o(CL$$btod_d2e_norm_op1)
    __btod_div_common                        0x08002d41   Thumb Code   696  btod.o(CL$$btod_div_common)
    _e2e                                     0x08003079   Thumb Code   198  btod.o(CL$$btod_e2e)
    _btod_ediv                               0x0800313f   Thumb Code    40  btod.o(CL$$btod_ediv)
    _btod_emul                               0x08003167   Thumb Code    40  btod.o(CL$$btod_emul)
    __btod_mult_common                       0x0800318f   Thumb Code   580  btod.o(CL$$btod_mult_common)
    SystemInit                               0x08003489   Thumb Code    74  system_stm32f4xx.o(i.SystemInit)
    USART2_IRQHandler                        0x080034e5   Thumb Code   140  bluetooth.o(i.USART2_IRQHandler)
    USART3_IRQHandler                        0x0800358d   Thumb Code   142  microwaveovenuart.o(i.USART3_IRQHandler)
    LedHintTask::run()                       0x08003635   Thumb Code    62  ledhinttask.o(i._ZN11LedHintTask3runEv)
    LedHintTask::LedHintTask()               0x08003679   Thumb Code    82  ledhinttask.o(i._ZN11LedHintTaskC1Ev)
    LedHintTask::LedHintTask__sub_object()   0x08003679   Thumb Code     0  ledhinttask.o(i._ZN11LedHintTaskC1Ev)
    PositionSwitch::instance()               0x080036e5   Thumb Code    34  fridge.o(i._ZN14PositionSwitch8instanceEv)
    PositionSwitch::xGetValue()              0x08003711   Thumb Code    64  positionswitch.o(i._ZN14PositionSwitch9xGetValueEv)
    PositionSwitch::PositionSwitch()         0x08003755   Thumb Code    70  positionswitch.o(i._ZN14PositionSwitchC1Ev)
    PositionSwitch::PositionSwitch__sub_object() 0x08003755   Thumb Code     0  positionswitch.o(i._ZN14PositionSwitchC1Ev)
    RobotArmTestTask::run()                  0x080037b5   Thumb Code    92  robotarmtesttask.o(i._ZN16RobotArmTestTask3runEv)
    RobotArmTestTask::instance()             0x08003811   Thumb Code    34  bluetoothprotocolparsetask.o(i._ZN16RobotArmTestTask8instanceEv)
    RobotArmTestTask::RobotArmTestTask()     0x0800383d   Thumb Code    24  robotarmtesttask.o(i._ZN16RobotArmTestTaskC1Ev)
    RobotArmTestTask::RobotArmTestTask__sub_object() 0x0800383d   Thumb Code     0  robotarmtesttask.o(i._ZN16RobotArmTestTaskC1Ev)
    StatusReportTask::run()                  0x08003869   Thumb Code   264  statusreporttask.o(i._ZN16StatusReportTask3runEv)
    StatusReportTask::StatusReportTask()     0x08003995   Thumb Code    24  statusreporttask.o(i._ZN16StatusReportTaskC1Ev)
    StatusReportTask::StatusReportTask__sub_object() 0x08003995   Thumb Code     0  statusreporttask.o(i._ZN16StatusReportTaskC1Ev)
    MicroWaveOvenTask::run()                 0x080039bd   Thumb Code   106  main.o(i._ZN17MicroWaveOvenTask3runEv)
    MicroWaveOvenUart::initDriver()          0x08003a35   Thumb Code   176  microwaveovenuart.o(i._ZN17MicroWaveOvenUart10initDriverEv)
    MicroWaveOvenUart::write(const char*, ...) 0x08003b01   Thumb Code    64  microwaveovenuart.o(i._ZN17MicroWaveOvenUart5writeEPKcz)
    MicroWaveOvenUart::MicroWaveOvenUart()   0x08003b49   Thumb Code    38  microwaveovenuart.o(i._ZN17MicroWaveOvenUartC1Ev)
    MicroWaveOvenUart::MicroWaveOvenUart__sub_object() 0x08003b49   Thumb Code     0  microwaveovenuart.o(i._ZN17MicroWaveOvenUartC1Ev)
    BluetoothProtocolParseTask::run()        0x08003b81   Thumb Code    92  bluetoothprotocolparsetask.o(i._ZN26BluetoothProtocolParseTask3runEv)
    BluetoothProtocolParseTask::BluetoothProtocolParseTask() 0x08003be5   Thumb Code    24  bluetoothprotocolparsetask.o(i._ZN26BluetoothProtocolParseTaskC1Ev)
    BluetoothProtocolParseTask::BluetoothProtocolParseTask__sub_object() 0x08003be5   Thumb Code     0  bluetoothprotocolparsetask.o(i._ZN26BluetoothProtocolParseTaskC1Ev)
    Task::startThreadFun(void*)              0x08003c11   Thumb Code    18  task.o(i._ZN4Task14startThreadFunEPv)
    Task::stop()                             0x08003c23   Thumb Code    16  task.o(i._ZN4Task4stopEv)
    Task::start()                            0x08003c35   Thumb Code    30  task.o(i._ZN4Task5startEv)
    Task::Task__sub_object(const char*, unsigned long long*, unsigned, osPriority_t) 0x08003c59   Thumb Code    38  task.o(i._ZN4TaskC2EPKcPyj12osPriority_t)
    Fridge::initMotoGpio()                   0x08003c85   Thumb Code   112  fridge.o(i._ZN6Fridge12initMotoGpioEv)
    Fridge::initMotoDriver()                 0x08003d01   Thumb Code    48  fridge.o(i._ZN6Fridge14initMotoDriverEv)
    Fridge::initCounterGpio()                0x08003d39   Thumb Code    90  fridge.o(i._ZN6Fridge15initCounterGpioEv)
    Fridge::initCounterDriver()              0x08003d9d   Thumb Code    50  fridge.o(i._ZN6Fridge17initCounterDriverEv)
    Fridge::isTop()                          0x08003dd9   Thumb Code    18  fridge.o(i._ZN6Fridge5isTopEv)
    Fridge::runUp(unsigned short)            0x08003ded   Thumb Code    52  fridge.o(i._ZN6Fridge5runUpEt)
    Fridge::isDown()                         0x08003e25   Thumb Code    18  fridge.o(i._ZN6Fridge6isDownEv)
    Fridge::runDown(unsigned short)          0x08003e39   Thumb Code    52  fridge.o(i._ZN6Fridge7runDownEt)
    Fridge::vSetDir(Fridge::Dir)             0x08003e71   Thumb Code    36  fridge.o(i._ZN6Fridge7vSetDirENS_3DirE)
    Fridge::instance()                       0x08003e99   Thumb Code    34  main.o(i._ZN6Fridge8instanceEv)
    Fridge::Fridge()                         0x08003ec5   Thumb Code    44  fridge.o(i._ZN6FridgeC1Ev)
    Fridge::Fridge__sub_object()             0x08003ec5   Thumb Code     0  fridge.o(i._ZN6FridgeC1Ev)
    Sender::Sender(const char*)              0x08003ef9   Thumb Code    32  sender.o(i._ZN6SenderC1EPKc)
    Sender::Sender__sub_object(const char*)  0x08003ef9   Thumb Code     0  sender.o(i._ZN6SenderC1EPKc)
    PickMoto::initMotoGpio()                 0x08003f19   Thumb Code   132  pickmoto.o(i._ZN8PickMoto12initMotoGpioEv)
    PickMoto::initMotoDriver()               0x08003fa9   Thumb Code    66  pickmoto.o(i._ZN8PickMoto14initMotoDriverEv)
    PickMoto::initCounterGpio()              0x08003ff5   Thumb Code    78  pickmoto.o(i._ZN8PickMoto15initCounterGpioEv)
    PickMoto::initCounterDriver()            0x0800404d   Thumb Code    38  pickmoto.o(i._ZN8PickMoto17initCounterDriverEv)
    PickMoto::vSetDir(PickMoto::Dir)         0x0800407d   Thumb Code    42  pickmoto.o(i._ZN8PickMoto7vSetDirENS_3DirE)
    PickMoto::PickMoto()                     0x080040ad   Thumb Code    44  pickmoto.o(i._ZN8PickMotoC1Ev)
    PickMoto::PickMoto__sub_object()         0x080040ad   Thumb Code     0  pickmoto.o(i._ZN8PickMotoC1Ev)
    Protocol::vCreateCustom(unsigned char*, unsigned, const unsigned char*, unsigned) 0x080040e5   Thumb Code    44  protocol.o(i._ZN8Protocol13vCreateCustomEPhjPKhj)
    Protocol::vCreateStatus(unsigned char*, unsigned short, unsigned short, unsigned short) 0x08004111   Thumb Code    56  protocol.o(i._ZN8Protocol13vCreateStatusEPhttt)
    Receiver::Receiver(const char*, unsigned long long*, unsigned, unsigned) 0x08004149   Thumb Code    54  receiver.o(i._ZN8ReceiverC1EPKcPyjj)
    Receiver::Receiver__sub_object(const char*, unsigned long long*, unsigned, unsigned) 0x08004149   Thumb Code     0  receiver.o(i._ZN8ReceiverC1EPKcPyjj)
    Bluetooth::initDriver()                  0x08004181   Thumb Code   194  bluetooth.o(i._ZN9Bluetooth10initDriverEv)
    Bluetooth::write(const unsigned char*, unsigned) 0x08004261   Thumb Code    56  bluetooth.o(i._ZN9Bluetooth5writeEPKhj)
    Bluetooth::Bluetooth()                   0x0800429d   Thumb Code    38  bluetooth.o(i._ZN9BluetoothC1Ev)
    Bluetooth::Bluetooth__sub_object()       0x0800429d   Thumb Code     0  bluetooth.o(i._ZN9BluetoothC1Ev)
    RobotArm1::initMotoGpio()                0x080042d1   Thumb Code   186  robotarm1.o(i._ZN9RobotArm112initMotoGpioEv)
    RobotArm1::initMotoDriver()              0x08004399   Thumb Code    82  robotarm1.o(i._ZN9RobotArm114initMotoDriverEv)
    RobotArm1::initCounterGpio()             0x080043f5   Thumb Code    78  robotarm1.o(i._ZN9RobotArm115initCounterGpioEv)
    RobotArm1::initCounterDriver()           0x0800444d   Thumb Code    50  robotarm1.o(i._ZN9RobotArm117initCounterDriverEv)
    RobotArm1::runTo(unsigned short, unsigned short) 0x08004485   Thumb Code    84  robotarm1.o(i._ZN9RobotArm15runToEtt)
    RobotArm1::vSetDir(RobotArm1::Dir)       0x080044dd   Thumb Code    36  robotarm1.o(i._ZN9RobotArm17vSetDirENS_3DirE)
    RobotArm1::instance()                    0x08004505   Thumb Code    34  robotarmtesttask.o(i._ZN9RobotArm18instanceEv)
    RobotArm1::RobotArm1()                   0x08004531   Thumb Code    44  robotarm1.o(i._ZN9RobotArm1C1Ev)
    RobotArm1::RobotArm1__sub_object()       0x08004531   Thumb Code     0  robotarm1.o(i._ZN9RobotArm1C1Ev)
    RobotArm2::initMotoGpio()                0x08004569   Thumb Code    54  robotarm2.o(i._ZN9RobotArm212initMotoGpioEv)
    RobotArm2::initCounterGpio()             0x080045a9   Thumb Code    78  robotarm2.o(i._ZN9RobotArm215initCounterGpioEv)
    RobotArm2::initCounterDriver()           0x08004601   Thumb Code    74  robotarm2.o(i._ZN9RobotArm217initCounterDriverEv)
    RobotArm2::runTo(unsigned short, unsigned short) 0x08004655   Thumb Code    86  robotarm2.o(i._ZN9RobotArm25runToEtt)
    RobotArm2::vSetDir(RobotArm2::Dir)       0x080046b5   Thumb Code    36  robotarm2.o(i._ZN9RobotArm27vSetDirENS_3DirE)
    RobotArm2::instance()                    0x080046dd   Thumb Code    34  robotarmtesttask.o(i._ZN9RobotArm28instanceEv)
    RobotArm2::RobotArm2()                   0x08004709   Thumb Code    38  robotarm2.o(i._ZN9RobotArm2C1Ev)
    RobotArm2::RobotArm2__sub_object()       0x08004709   Thumb Code     0  robotarm2.o(i._ZN9RobotArm2C1Ev)
    Event::check() const                     0x0800473d   Thumb Code    28  event.o(i._ZNK5Event5checkEv)
    Event::isCorrect() const                 0x08004759   Thumb Code    58  event.o(i._ZNK5Event9isCorrectEv)
    __ARM_fpclassify                         0x08004793   Thumb Code    48  fpclassify.o(i.__ARM_fpclassify)
    __cxa_guard_acquire                      0x080047c3   Thumb Code    16  cxa_guard_acquire.o(i.__cxa_guard_acquire)
    __cxa_pure_virtual                       0x080047d3   Thumb Code     6  pure_virt.o(i.__cxa_pure_virtual)
    _is_digit                                0x080047fd   Thumb Code    14  __printf_wp.o(i._is_digit)
    _mutex_acquire                           0x0800480b   Thumb Code    28  rtx_lib.o(i._mutex_acquire)
    _mutex_free                              0x08004827   Thumb Code     6  rtx_lib.o(i._mutex_free)
    _mutex_initialize                        0x0800482d   Thumb Code    32  rtx_lib.o(i._mutex_initialize)
    _mutex_release                           0x0800484d   Thumb Code    24  rtx_lib.o(i._mutex_release)
    _platform_post_stackheap_init            0x08004865   Thumb Code     4  rtx_lib.o(i._platform_post_stackheap_init)
    main                                     0x08004869   Thumb Code   294  main.o(i.main)
    osRtxErrorNotify                         0x080049e5   Thumb Code     2  rtx_config.o(i.osRtxErrorNotify)
    osRtxIdleThread                          0x080049e7   Thumb Code     2  rtx_config.o(i.osRtxIdleThread)
    osRtxThreadStackCheck                    0x080049e9   Thumb Code     2  rtx_lib.o(i.osRtxThreadStackCheck)
    _get_lc_numeric                          0x08004a09   Thumb Code    44  lc_numeric_c.o(locale$$code)
    _get_lc_ctype                            0x08004a35   Thumb Code    44  lc_ctype_c.o(locale$$code)
    _fp_init                                 0x08004a61   Thumb Code    10  fpinit.o(x$fpl$fpinit)
    __fplib_config_fpu_vfp                   0x08004a69   Thumb Code     0  fpinit.o(x$fpl$fpinit)
    __fplib_config_pureend_doubles           0x08004a69   Thumb Code     0  fpinit.o(x$fpl$fpinit)
    _printf_fp_dec                           0x08004a6b   Thumb Code     4  printf1.o(x$fpl$printf1)
    __I$use$fp                               0x08004a6e   Number         0  usenofp.o(x$fpl$usenofp)
    osRtxUserSVC                             0x08004ad0   Data           4  rtx_lib.o(.constdata)
    vtable for LedHintTask                   0x08004bac   Data          12  ledhinttask.o(.constdata__ZTV11LedHintTask)
    vtable for RobotArmTestTask              0x08004bb8   Data          12  robotarmtesttask.o(.constdata__ZTV16RobotArmTestTask)
    vtable for StatusReportTask              0x08004bc4   Data          12  statusreporttask.o(.constdata__ZTV16StatusReportTask)
    vtable for MicroWaveOvenTask             0x08004bd0   Data          12  main.o(.constdata__ZTV17MicroWaveOvenTask)
    vtable for BluetoothProtocolParseTask    0x08004bdc   Data          12  bluetoothprotocolparsetask.o(.constdata__ZTV26BluetoothProtocolParseTask)
    vtable for Task                          0x08004be8   Data          12  task.o(.constdata__ZTV4Task)
    MicroWaveOvenTask::run()::string         0x08004bf4   Data           6  main.o(.constdata__ZZN17MicroWaveOvenTask3runEvEs)
    MicroWaveOvenTask::MicroWaveOvenTask()::string 0x08004bfa   Data           1  main.o(.constdata__ZZN17MicroWaveOvenTaskC1EvEs)
    osRtxConfig                              0x08004bfc   Data         104  rtx_lib.o(.rodata)
    Region$$Table$$Base                      0x08004c70   Number         0  anon$$obj.o(Region$$Table)
    Region$$Table$$Limit                     0x08004c90   Number         0  anon$$obj.o(Region$$Table)
    __ctype                                  0x08004cb9   Data           0  lc_ctype_c.o(locale$$data)
    SHT$$INIT_ARRAY$$Base                    0x08004dbc   Number         0  microwaveovenuart.o(.init_array)
    SHT$$INIT_ARRAY$$Limit                   0x08004dc4   Number         0  init_aeabi.o(.init_array)
    .bss.os.msgqueue.cb$$Base                0x20001040   Number         0  rtx_lib.o(.bss.os.msgqueue.cb)
    .bss.os.msgqueue.cb$$Limit               0x20001074   Number         0  rtx_lib.o(.bss.os.msgqueue.cb)
    .bss.os.thread.cb$$Base                  0x200010c4   Number         0  rtx_lib.o(.bss.os.thread.cb)
    .bss.os.thread.cb$$Limit                 0x2000114c   Number         0  rtx_lib.o(.bss.os.thread.cb)
    SystemCoreClock                          0x20001450   Data           4  system_stm32f4xx.o(.data)
    AHBPrescTable                            0x20001454   Data          16  system_stm32f4xx.o(.data)
    osRtxInfo                                0x20001478   Data         164  rtx_kernel.o(.data.os)
    guard variable for LedHintTask::instance()::task 0x2000151c   Data           4  main.o(.data__ZZN11LedHintTask8instanceEvE4task)
    guard variable for PositionSwitch::instance()::instance 0x20001520   Data           4  statusreporttask.o(.data__ZZN14PositionSwitch8instanceEvE8instance)
    guard variable for RobotArmTestTask::instance()::task 0x20001524   Data           4  bluetoothprotocolparsetask.o(.data__ZZN16RobotArmTestTask8instanceEvE4task)
    guard variable for StatusReportTask::instance()::task 0x20001528   Data           4  main.o(.data__ZZN16StatusReportTask8instanceEvE4task)
    guard variable for MicroWaveOvenTask::instance()::task 0x2000152c   Data           4  main.o(.data__ZZN17MicroWaveOvenTask8instanceEvE4task)
    guard variable for MicroWaveOvenUart::instance()::uart 0x20001530   Data           4  main.o(.data__ZZN17MicroWaveOvenUart8instanceEvE4uart)
    guard variable for BluetoothProtocolParseTask::instance()::task 0x20001534   Data           4  main.o(.data__ZZN26BluetoothProtocolParseTask8instanceEvE4task)
    guard variable for Fridge::instance()::fridge 0x20001538   Data           4  main.o(.data__ZZN6Fridge8instanceEvE6fridge)
    guard variable for PickMoto::instance()::pickMoto 0x2000153c   Data           4  main.o(.data__ZZN8PickMoto8instanceEvE8pickMoto)
    guard variable for Bluetooth::instance()::ble 0x20001540   Data           4  statusreporttask.o(.data__ZZN9Bluetooth8instanceEvE3ble)
    guard variable for RobotArm1::instance()::r 0x20001544   Data           4  main.o(.data__ZZN9RobotArm18instanceEvE1r)
    guard variable for RobotArm2::instance()::instance 0x20001548   Data           4  main.o(.data__ZZN9RobotArm28instanceEvE8instance)
    __libspace_start                         0x20002348   Data          96  libspace.o(.bss)
    __temporary_stack_top$libspace           0x200023a8   Data           0  libspace.o(.bss)
    LedHintTask::instance()::task            0x200023b0   Data         128  main.o(.bss__ZZN11LedHintTask8instanceEvE4task)
    PositionSwitch::instance()::instance     0x20002430   Data          56  statusreporttask.o(.bss__ZZN14PositionSwitch8instanceEvE8instance)
    RobotArmTestTask::instance()::task       0x20002468   Data         128  bluetoothprotocolparsetask.o(.bss__ZZN16RobotArmTestTask8instanceEvE4task)
    StatusReportTask::instance()::task       0x200024e8   Data         128  main.o(.bss__ZZN16StatusReportTask8instanceEvE4task)
    MicroWaveOvenTask::instance()::task      0x20002568   Data         128  main.o(.bss__ZZN17MicroWaveOvenTask8instanceEvE4task)
    MicroWaveOvenUart::instance()::uart      0x200025e8   Data         424  main.o(.bss__ZZN17MicroWaveOvenUart8instanceEvE4uart)
    BluetoothProtocolParseTask::instance()::task 0x20002790   Data         128  main.o(.bss__ZZN26BluetoothProtocolParseTask8instanceEvE4task)
    Fridge::instance()::fridge               0x20002810   Data          56  main.o(.bss__ZZN6Fridge8instanceEvE6fridge)
    PickMoto::instance()::pickMoto           0x20002848   Data          56  main.o(.bss__ZZN8PickMoto8instanceEvE8pickMoto)
    Bluetooth::instance()::ble               0x20002880   Data         344  statusreporttask.o(.bss__ZZN9Bluetooth8instanceEvE3ble)
    RobotArm1::instance()::r                 0x200029d8   Data          64  main.o(.bss__ZZN9RobotArm18instanceEvE1r)
    RobotArm2::instance()::instance          0x20002a18   Data          64  main.o(.bss__ZZN9RobotArm28instanceEvE8instance)



==============================================================================

Memory Map of the image

  Image Entry point : 0x08000189

  Load Region LR_IROM1 (Base: 0x08000000, Size: 0x00006310, Max: 0x00080000, ABSOLUTE, COMPRESSED[0x00004e08])

    Execution Region ER_IROM1 (Base: 0x08000000, Size: 0x00004dc4, Max: 0x00080000, ABSOLUTE)

    Base Addr    Size         Type   Attr      Idx    E Section Name        Object

    0x08000000   0x00000188   Data   RO           66    RESET               startup_stm32f40_41xxx.o
    0x08000188   0x00000008   Code   RO         1993  * !!!main             c_w.l(__main.o)
    0x08000190   0x00000034   Code   RO         2582    !!!scatter          c_w.l(__scatter.o)
    0x080001c4   0x0000003a   Code   RO         2580    !!dczerorl          c_w.l(__dczerorl.o)
    0x080001fe   0x00000002   PAD
    0x08000200   0x0000001c   Code   RO         2584    !!handler_zi        c_w.l(__scatter_zi.o)
    0x0800021c   0x00000000   Code   RO         2198    .ARM.Collect$$_printf_percent$$00000000  c_w.l(_printf_percent.o)
    0x0800021c   0x00000006   Code   RO         2187    .ARM.Collect$$_printf_percent$$00000001  c_w.l(_printf_n.o)
    0x08000222   0x00000006   Code   RO         2189    .ARM.Collect$$_printf_percent$$00000002  c_w.l(_printf_p.o)
    0x08000228   0x00000006   Code   RO         2194    .ARM.Collect$$_printf_percent$$00000003  c_w.l(_printf_f.o)
    0x0800022e   0x00000006   Code   RO         2195    .ARM.Collect$$_printf_percent$$00000004  c_w.l(_printf_e.o)
    0x08000234   0x00000006   Code   RO         2196    .ARM.Collect$$_printf_percent$$00000005  c_w.l(_printf_g.o)
    0x0800023a   0x00000006   Code   RO         2197    .ARM.Collect$$_printf_percent$$00000006  c_w.l(_printf_a.o)
    0x08000240   0x0000000a   Code   RO         2202    .ARM.Collect$$_printf_percent$$00000007  c_w.l(_printf_ll.o)
    0x0800024a   0x00000006   Code   RO         2191    .ARM.Collect$$_printf_percent$$00000008  c_w.l(_printf_i.o)
    0x08000250   0x00000006   Code   RO         2192    .ARM.Collect$$_printf_percent$$00000009  c_w.l(_printf_d.o)
    0x08000256   0x00000006   Code   RO         2193    .ARM.Collect$$_printf_percent$$0000000A  c_w.l(_printf_u.o)
    0x0800025c   0x00000006   Code   RO         2190    .ARM.Collect$$_printf_percent$$0000000B  c_w.l(_printf_o.o)
    0x08000262   0x00000006   Code   RO         2188    .ARM.Collect$$_printf_percent$$0000000C  c_w.l(_printf_x.o)
    0x08000268   0x00000006   Code   RO         2199    .ARM.Collect$$_printf_percent$$0000000D  c_w.l(_printf_lli.o)
    0x0800026e   0x00000006   Code   RO         2200    .ARM.Collect$$_printf_percent$$0000000E  c_w.l(_printf_lld.o)
    0x08000274   0x00000006   Code   RO         2201    .ARM.Collect$$_printf_percent$$0000000F  c_w.l(_printf_llu.o)
    0x0800027a   0x00000006   Code   RO         2206    .ARM.Collect$$_printf_percent$$00000010  c_w.l(_printf_llo.o)
    0x08000280   0x00000006   Code   RO         2207    .ARM.Collect$$_printf_percent$$00000011  c_w.l(_printf_llx.o)
    0x08000286   0x0000000a   Code   RO         2203    .ARM.Collect$$_printf_percent$$00000012  c_w.l(_printf_l.o)
    0x08000290   0x00000006   Code   RO         2185    .ARM.Collect$$_printf_percent$$00000013  c_w.l(_printf_c.o)
    0x08000296   0x00000006   Code   RO         2186    .ARM.Collect$$_printf_percent$$00000014  c_w.l(_printf_s.o)
    0x0800029c   0x00000006   Code   RO         2204    .ARM.Collect$$_printf_percent$$00000015  c_w.l(_printf_lc.o)
    0x080002a2   0x00000006   Code   RO         2205    .ARM.Collect$$_printf_percent$$00000016  c_w.l(_printf_ls.o)
    0x080002a8   0x00000004   Code   RO         2303    .ARM.Collect$$_printf_percent$$00000017  c_w.l(_printf_percent_end.o)
    0x080002ac   0x00000002   Code   RO         2448    .ARM.Collect$$libinit$$00000000  c_w.l(libinit.o)
    0x080002ae   0x00000004   Code   RO         2214    .ARM.Collect$$libinit$$00000001  c_w.l(libinit2.o)
    0x080002b2   0x00000000   Code   RO         2217    .ARM.Collect$$libinit$$00000004  c_w.l(libinit2.o)
    0x080002b2   0x00000000   Code   RO         2220    .ARM.Collect$$libinit$$0000000A  c_w.l(libinit2.o)
    0x080002b2   0x00000000   Code   RO         2222    .ARM.Collect$$libinit$$0000000C  c_w.l(libinit2.o)
    0x080002b2   0x00000000   Code   RO         2224    .ARM.Collect$$libinit$$0000000E  c_w.l(libinit2.o)
    0x080002b2   0x00000006   Code   RO         2225    .ARM.Collect$$libinit$$0000000F  c_w.l(libinit2.o)
    0x080002b8   0x00000000   Code   RO         2227    .ARM.Collect$$libinit$$00000011  c_w.l(libinit2.o)
    0x080002b8   0x0000000c   Code   RO         2228    .ARM.Collect$$libinit$$00000012  c_w.l(libinit2.o)
    0x080002c4   0x00000000   Code   RO         2229    .ARM.Collect$$libinit$$00000013  c_w.l(libinit2.o)
    0x080002c4   0x00000000   Code   RO         2231    .ARM.Collect$$libinit$$00000015  c_w.l(libinit2.o)
    0x080002c4   0x0000000a   Code   RO         2232    .ARM.Collect$$libinit$$00000016  c_w.l(libinit2.o)
    0x080002ce   0x00000000   Code   RO         2233    .ARM.Collect$$libinit$$00000017  c_w.l(libinit2.o)
    0x080002ce   0x00000000   Code   RO         2235    .ARM.Collect$$libinit$$00000019  c_w.l(libinit2.o)
    0x080002ce   0x00000000   Code   RO         2237    .ARM.Collect$$libinit$$0000001B  c_w.l(libinit2.o)
    0x080002ce   0x00000000   Code   RO         2239    .ARM.Collect$$libinit$$0000001D  c_w.l(libinit2.o)
    0x080002ce   0x00000000   Code   RO         2241    .ARM.Collect$$libinit$$0000001F  c_w.l(libinit2.o)
    0x080002ce   0x00000000   Code   RO         2243    .ARM.Collect$$libinit$$00000021  c_w.l(libinit2.o)
    0x080002ce   0x00000000   Code   RO         2245    .ARM.Collect$$libinit$$00000023  c_w.l(libinit2.o)
    0x080002ce   0x00000000   Code   RO         2247    .ARM.Collect$$libinit$$00000025  c_w.l(libinit2.o)
    0x080002ce   0x00000000   Code   RO         2251    .ARM.Collect$$libinit$$0000002C  c_w.l(libinit2.o)
    0x080002ce   0x00000000   Code   RO         2253    .ARM.Collect$$libinit$$0000002E  c_w.l(libinit2.o)
    0x080002ce   0x00000000   Code   RO         2255    .ARM.Collect$$libinit$$00000030  c_w.l(libinit2.o)
    0x080002ce   0x00000004   Code   RO         2256    .ARM.Collect$$libinit$$00000031  c_w.l(libinit2.o)
    0x080002d2   0x00000000   Code   RO         2257    .ARM.Collect$$libinit$$00000032  c_w.l(libinit2.o)
    0x080002d2   0x00000002   Code   RO         2258    .ARM.Collect$$libinit$$00000033  c_w.l(libinit2.o)
    0x080002d4   0x00000002   Code   RO         2557    .ARM.Collect$$libshutdown$$00000000  c_w.l(libshutdown.o)
    0x080002d6   0x00000000   Code   RO         2563    .ARM.Collect$$libshutdown$$00000002  c_w.l(libshutdown2.o)
    0x080002d6   0x00000000   Code   RO         2565    .ARM.Collect$$libshutdown$$00000004  c_w.l(libshutdown2.o)
    0x080002d6   0x00000000   Code   RO         2568    .ARM.Collect$$libshutdown$$00000007  c_w.l(libshutdown2.o)
    0x080002d6   0x00000000   Code   RO         2571    .ARM.Collect$$libshutdown$$0000000A  c_w.l(libshutdown2.o)
    0x080002d6   0x00000000   Code   RO         2573    .ARM.Collect$$libshutdown$$0000000C  c_w.l(libshutdown2.o)
    0x080002d6   0x00000000   Code   RO         2576    .ARM.Collect$$libshutdown$$0000000F  c_w.l(libshutdown2.o)
    0x080002d6   0x00000002   Code   RO         2577    .ARM.Collect$$libshutdown$$00000010  c_w.l(libshutdown2.o)
    0x080002d8   0x00000000   Code   RO         2116    .ARM.Collect$$rtentry$$00000000  c_w.l(__rtentry.o)
    0x080002d8   0x00000000   Code   RO         2275    .ARM.Collect$$rtentry$$00000002  c_w.l(__rtentry2.o)
    0x080002d8   0x00000006   Code   RO         2287    .ARM.Collect$$rtentry$$00000004  c_w.l(__rtentry4.o)
    0x080002de   0x00000008   Code   RO         2276    .ARM.Collect$$rtentry$$00000008  c_w.l(__rtentry2.o)
    0x080002e6   0x00000004   Code   RO         2278    .ARM.Collect$$rtentry$$0000000A  c_w.l(__rtentry2.o)
    0x080002ea   0x00000000   Code   RO         2280    .ARM.Collect$$rtentry$$0000000C  c_w.l(__rtentry2.o)
    0x080002ea   0x00000008   Code   RO         2281    .ARM.Collect$$rtentry$$0000000D  c_w.l(__rtentry2.o)
    0x080002f2   0x00000002   Code   RO         2467    .ARM.Collect$$rtexit$$00000000  c_w.l(rtexit.o)
    0x080002f4   0x00000000   Code   RO         2522    .ARM.Collect$$rtexit$$00000002  c_w.l(rtexit2.o)
    0x080002f4   0x00000004   Code   RO         2523    .ARM.Collect$$rtexit$$00000003  c_w.l(rtexit2.o)
    0x080002f8   0x00000006   Code   RO         2524    .ARM.Collect$$rtexit$$00000004  c_w.l(rtexit2.o)
    0x080002fe   0x00000002   PAD
    0x08000300   0x0000003c   Code   RO           67    .text               startup_stm32f40_41xxx.o
    0x0800033c   0x000000c4   Code   RO         1815    .text               RTX_CM4F.lib(irq_cm4f.o)
    0x08000400   0x00000024   Code   RO         1983    .text               c_w.l(c89vsprintf.o)
    0x08000424   0x0000008a   Code   RO         1985    .text               c_w.l(rt_memcpy_v6.o)
    0x080004ae   0x00000044   Code   RO         1987    .text               c_w.l(rt_memclr.o)
    0x080004f2   0x0000004e   Code   RO         1989    .text               c_w.l(rt_memclr_w.o)
    0x08000540   0x00000006   Code   RO         1991    .text               c_w.l(heapauxi.o)
    0x08000546   0x00000002   PAD
    0x08000548   0x00000024   Code   RO         1998    .text               c_w.l(init_aeabi.o)
    0x0800056c   0x0000004e   Code   RO         2119    .text               c_w.l(_printf_pad.o)
    0x080005ba   0x00000024   Code   RO         2121    .text               c_w.l(_printf_truncate.o)
    0x080005de   0x00000052   Code   RO         2123    .text               c_w.l(_printf_str.o)
    0x08000630   0x00000078   Code   RO         2125    .text               c_w.l(_printf_dec.o)
    0x080006a8   0x00000028   Code   RO         2127    .text               c_w.l(_printf_charcount.o)
    0x080006d0   0x00000030   Code   RO         2129    .text               c_w.l(_printf_char_common.o)
    0x08000700   0x0000000a   Code   RO         2131    .text               c_w.l(_sputc.o)
    0x0800070a   0x00000002   PAD
    0x0800070c   0x000000bc   Code   RO         2133    .text               c_w.l(_printf_wctomb.o)
    0x080007c8   0x0000007c   Code   RO         2136    .text               c_w.l(_printf_longlong_dec.o)
    0x08000844   0x00000070   Code   RO         2142    .text               c_w.l(_printf_oct_int_ll.o)
    0x080008b4   0x00000094   Code   RO         2162    .text               c_w.l(_printf_hex_int_ll_ptr.o)
    0x08000948   0x00000188   Code   RO         2182    .text               c_w.l(__printf_flags_ss_wp.o)
    0x08000ad0   0x0000000e   Code   RO         2208    .text               c_w.l(defsig_pvfn_outer.o)
    0x08000ade   0x00000064   Code   RO         2212    .text               c_w.l(rt_memcpy_w.o)
    0x08000b42   0x0000008a   Code   RO         2291    .text               c_w.l(lludiv10.o)
    0x08000bcc   0x000000b2   Code   RO         2293    .text               c_w.l(_printf_intcommon.o)
    0x08000c7e   0x0000041a   Code   RO         2295    .text               c_w.l(_printf_fp_dec.o)
    0x08001098   0x0000002c   Code   RO         2299    .text               c_w.l(_printf_char.o)
    0x080010c4   0x0000002c   Code   RO         2301    .text               c_w.l(_printf_wchar.o)
    0x080010f0   0x00000040   Code   RO         2304    .text               c_w.l(_wcrtomb.o)
    0x08001130   0x0000000a   Code   RO         2306    .text               c_w.l(defsig_exit.o)
    0x0800113a   0x00000002   PAD
    0x0800113c   0x00000030   Code   RO         2308    .text               c_w.l(defsig_pvfn_inner.o)
    0x0800116c   0x0000000c   Code   RO         2327    .text               c_w.l(sys_exit.o)
    0x08001178   0x0000004a   Code   RO         2329    .text               c_w.l(sys_stackheap_outer.o)
    0x080011c2   0x00000002   PAD
    0x080011c4   0x00000010   Code   RO         2331    .text               c_w.l(rt_ctype_table.o)
    0x080011d4   0x0000000a   Code   RO         2338    .text               c_w.l(rt_locale_twolibspace.o)
    0x080011de   0x00000002   PAD
    0x080011e0   0x00000080   Code   RO         2403    .text               c_w.l(_printf_fp_infnan.o)
    0x08001260   0x000000dc   Code   RO         2405    .text               c_w.l(bigflt0.o)
    0x0800133c   0x00000012   Code   RO         2433    .text               c_w.l(exit.o)
    0x0800134e   0x00000032   Code   RO         2439    .text               c_w.l(defsig_general.o)
    0x08001380   0x0000000e   Code   RO         2457    .text               c_w.l(sys_wrch.o)
    0x0800138e   0x00000002   PAD
    0x08001390   0x00000008   Code   RO         2461    .text               c_w.l(libspace.o)
    0x08001398   0x00000002   Code   RO         2464    .text               c_w.l(use_no_semi.o)
    0x0800139a   0x00000000   Code   RO         2466    .text               c_w.l(indicate_semi.o)
    0x0800139a   0x00000002   PAD
    0x0800139c   0x00000080   Code   RO         2517    .text               c_w.l(strcmpv7m.o)
    0x0800141c   0x00000046   Code   RO         1796    .text.MessageQueueGet  RTX_CM4F.lib(rtx_msgqueue.o)
    0x08001462   0x00000064   Code   RO         1790    .text.MessageQueuePut  RTX_CM4F.lib(rtx_msgqueue.o)
    0x080014c6   0x00000026   Code   RO         1788    .text.MessageQueueRemove  RTX_CM4F.lib(rtx_msgqueue.o)
    0x080014ec   0x0000000c   Code   RO         1958    .text.OS_Tick_AcknowledgeIRQ  RTX_CM4F.lib(os_systick.o)
    0x080014f8   0x0000002c   Code   RO         1954    .text.OS_Tick_Enable  RTX_CM4F.lib(os_systick.o)
    0x08001524   0x00000006   Code   RO         1960    .text.OS_Tick_GetIRQn  RTX_CM4F.lib(os_systick.o)
    0x0800152a   0x00000002   PAD
    0x0800152c   0x00000040   Code   RO         1952    .text.OS_Tick_Setup  RTX_CM4F.lib(os_systick.o)
    0x0800156c   0x0000006a   Code   RO         1643    .text.ThreadFlagsCheck  RTX_CM4F.lib(rtx_thread.o)
    0x080015d6   0x00000002   PAD
    0x080015d8   0x00000050   Code   RO         1836    .text.TimerInsert   RTX_CM4F.lib(rtx_timer.o)
    0x08001628   0x00000024   Code   RO         1700    .text.osDelay       RTX_CM4F.lib(rtx_delay.o)
    0x0800164c   0x00000034   Code   RO         1506    .text.osKernelGetState  RTX_CM4F.lib(rtx_kernel.o)
    0x08001680   0x00000024   Code   RO         1500    .text.osKernelInitialize  RTX_CM4F.lib(rtx_kernel.o)
    0x080016a4   0x00000024   Code   RO         1510    .text.osKernelStart  RTX_CM4F.lib(rtx_kernel.o)
    0x080016c8   0x00000070   Code   RO         1762    .text.osMessageQueueGet  RTX_CM4F.lib(rtx_msgqueue.o)
    0x08001738   0x00000024   Code   RO         1756    .text.osMessageQueueNew  RTX_CM4F.lib(rtx_msgqueue.o)
    0x0800175c   0x00000080   Code   RO         1760    .text.osMessageQueuePut  RTX_CM4F.lib(rtx_msgqueue.o)
    0x080017dc   0x00000024   Code   RO         1725    .text.osMutexAcquire  RTX_CM4F.lib(rtx_mutex.o)
    0x08001800   0x00000024   Code   RO         1731    .text.osMutexDelete  RTX_CM4F.lib(rtx_mutex.o)
    0x08001824   0x00000024   Code   RO         1721    .text.osMutexNew    RTX_CM4F.lib(rtx_mutex.o)
    0x08001848   0x00000024   Code   RO         1727    .text.osMutexRelease  RTX_CM4F.lib(rtx_mutex.o)
    0x0800186c   0x00000080   Code   RO         1865    .text.osRtxMemoryAlloc  RTX_CM4F.lib(rtx_memory.o)
    0x080018ec   0x00000052   Code   RO         1867    .text.osRtxMemoryFree  RTX_CM4F.lib(rtx_memory.o)
    0x0800193e   0x00000036   Code   RO         1863    .text.osRtxMemoryInit  RTX_CM4F.lib(rtx_memory.o)
    0x08001974   0x0000004a   Code   RO         1882    .text.osRtxMemoryPoolAlloc  RTX_CM4F.lib(rtx_mempool.o)
    0x080019be   0x00000056   Code   RO         1884    .text.osRtxMemoryPoolFree  RTX_CM4F.lib(rtx_mempool.o)
    0x08001a14   0x00000054   Code   RO         1880    .text.osRtxMemoryPoolInit  RTX_CM4F.lib(rtx_mempool.o)
    0x08001a68   0x000000d6   Code   RO         1786    .text.osRtxMessageQueuePostProcess  RTX_CM4F.lib(rtx_msgqueue.o)
    0x08001b3e   0x00000044   Code   RO         1719    .text.osRtxMutexOwnerRelease  RTX_CM4F.lib(rtx_mutex.o)
    0x08001b82   0x00000002   PAD
    0x08001b84   0x00000090   Code   RO         1937    .text.osRtxPendSV_Handler  RTX_CM4F.lib(rtx_system.o)
    0x08001c14   0x00000074   Code   RO         1939    .text.osRtxPostProcess  RTX_CM4F.lib(rtx_system.o)
    0x08001c88   0x0000003c   Code   RO         1585    .text.osRtxThreadBlock  RTX_CM4F.lib(rtx_thread.o)
    0x08001cc4   0x00000094   Code   RO         1593    .text.osRtxThreadDelayInsert  RTX_CM4F.lib(rtx_thread.o)
    0x08001d58   0x00000058   Code   RO         1589    .text.osRtxThreadDelayRemove  RTX_CM4F.lib(rtx_thread.o)
    0x08001db0   0x00000038   Code   RO         1575    .text.osRtxThreadDelayTick  RTX_CM4F.lib(rtx_thread.o)
    0x08001de8   0x00000060   Code   RO         1583    .text.osRtxThreadDispatch  RTX_CM4F.lib(rtx_thread.o)
    0x08001e48   0x00000058   Code   RO         1669    .text.osRtxThreadFree  RTX_CM4F.lib(rtx_thread.o)
    0x08001ea0   0x00000016   Code   RO         1567    .text.osRtxThreadListGet  RTX_CM4F.lib(rtx_thread.o)
    0x08001eb6   0x00000038   Code   RO         1565    .text.osRtxThreadListPut  RTX_CM4F.lib(rtx_thread.o)
    0x08001eee   0x00000014   Code   RO         1571    .text.osRtxThreadListRemove  RTX_CM4F.lib(rtx_thread.o)
    0x08001f02   0x00000028   Code   RO         1569    .text.osRtxThreadListSort  RTX_CM4F.lib(rtx_thread.o)
    0x08001f2a   0x0000002a   Code   RO         1641    .text.osRtxThreadPostProcess  RTX_CM4F.lib(rtx_thread.o)
    0x08001f54   0x00000014   Code   RO         1573    .text.osRtxThreadReadyPut  RTX_CM4F.lib(rtx_thread.o)
    0x08001f68   0x00000014   Code   RO         1577    .text.osRtxThreadRegPtr  RTX_CM4F.lib(rtx_thread.o)
    0x08001f7c   0x00000058   Code   RO         1595    .text.osRtxThreadStartup  RTX_CM4F.lib(rtx_thread.o)
    0x08001fd4   0x00000010   Code   RO         1579    .text.osRtxThreadSwitch  RTX_CM4F.lib(rtx_thread.o)
    0x08001fe4   0x00000038   Code   RO         1591    .text.osRtxThreadWaitEnter  RTX_CM4F.lib(rtx_thread.o)
    0x0800201c   0x00000032   Code   RO         1587    .text.osRtxThreadWaitExit  RTX_CM4F.lib(rtx_thread.o)
    0x0800204e   0x00000002   PAD
    0x08002050   0x00000070   Code   RO         1935    .text.osRtxTick_Handler  RTX_CM4F.lib(rtx_system.o)
    0x080020c0   0x00000044   Code   RO         1820    .text.osRtxTimerThread  RTX_CM4F.lib(rtx_timer.o)
    0x08002104   0x00000058   Code   RO         1822    .text.osRtxTimerTick  RTX_CM4F.lib(rtx_timer.o)
    0x0800215c   0x0000000c   Code   RO         1625    .text.osThreadExit  RTX_CM4F.lib(rtx_thread.o)
    0x08002168   0x00000024   Code   RO         1599    .text.osThreadNew   RTX_CM4F.lib(rtx_thread.o)
    0x0800218c   0x00000024   Code   RO         1627    .text.osThreadTerminate  RTX_CM4F.lib(rtx_thread.o)
    0x080021b0   0x00000014   Code   RO         1704    .text.svcRtxDelay   RTX_CM4F.lib(rtx_delay.o)
    0x080021c4   0x0000000c   Code   RO         1508    .text.svcRtxKernelGetState  RTX_CM4F.lib(rtx_kernel.o)
    0x080021d0   0x00000178   Code   RO         1538    .text.svcRtxKernelInitialize  RTX_CM4F.lib(rtx_kernel.o)
    0x08002348   0x0000008c   Code   RO         1540    .text.svcRtxKernelStart  RTX_CM4F.lib(rtx_kernel.o)
    0x080023d4   0x000000f0   Code   RO         1798    .text.svcRtxMessageQueueGet  RTX_CM4F.lib(rtx_msgqueue.o)
    0x080024c4   0x00000138   Code   RO         1784    .text.svcRtxMessageQueueNew  RTX_CM4F.lib(rtx_msgqueue.o)
    0x080025fc   0x000000c8   Code   RO         1794    .text.svcRtxMessageQueuePut  RTX_CM4F.lib(rtx_msgqueue.o)
    0x080026c4   0x00000098   Code   RO         1737    .text.svcRtxMutexAcquire  RTX_CM4F.lib(rtx_mutex.o)
    0x0800275c   0x000000d4   Code   RO         1743    .text.svcRtxMutexDelete  RTX_CM4F.lib(rtx_mutex.o)
    0x08002830   0x0000006c   Code   RO         1733    .text.svcRtxMutexNew  RTX_CM4F.lib(rtx_mutex.o)
    0x0800289c   0x000000bc   Code   RO         1739    .text.svcRtxMutexRelease  RTX_CM4F.lib(rtx_mutex.o)
    0x08002958   0x00000068   Code   RO         1673    .text.svcRtxThreadExit  RTX_CM4F.lib(rtx_thread.o)
    0x080029c0   0x000001e0   Code   RO         1597    .text.svcRtxThreadNew  RTX_CM4F.lib(rtx_thread.o)
    0x08002ba0   0x000000bc   Code   RO         1675    .text.svcRtxThreadTerminate  RTX_CM4F.lib(rtx_thread.o)
    0x08002c5c   0x0000003e   Code   RO         2408    CL$$btod_d2e        c_w.l(btod.o)
    0x08002c9a   0x00000046   Code   RO         2410    CL$$btod_d2e_denorm_low  c_w.l(btod.o)
    0x08002ce0   0x00000060   Code   RO         2409    CL$$btod_d2e_norm_op1  c_w.l(btod.o)
    0x08002d40   0x00000338   Code   RO         2418    CL$$btod_div_common  c_w.l(btod.o)
    0x08003078   0x000000c6   Code   RO         2415    CL$$btod_e2e        c_w.l(btod.o)
    0x0800313e   0x00000028   Code   RO         2412    CL$$btod_ediv       c_w.l(btod.o)
    0x08003166   0x00000028   Code   RO         2411    CL$$btod_emul       c_w.l(btod.o)
    0x0800318e   0x00000244   Code   RO         2417    CL$$btod_mult_common  c_w.l(btod.o)
    0x080033d2   0x00000002   PAD
    0x080033d4   0x000000b4   Code   RO            4    i.SetSysClock       system_stm32f4xx.o
    0x08003488   0x0000005c   Code   RO            6    i.SystemInit        system_stm32f4xx.o
    0x080034e4   0x000000a8   Code   RO          731    i.USART2_IRQHandler  bluetooth.o
    0x0800358c   0x000000a8   Code   RO          649    i.USART3_IRQHandler  microwaveovenuart.o
    0x08003634   0x00000044   Code   RO          303    i._ZN11LedHintTask3runEv  ledhinttask.o
    0x08003678   0x0000006c   Code   RO          304    i._ZN11LedHintTaskC1Ev  ledhinttask.o
    0x080036e4   0x0000002c   Code   RO          868    i._ZN14PositionSwitch8instanceEv  fridge.o
    0x08003710   0x00000044   Code   RO         1213    i._ZN14PositionSwitch9xGetValueEv  positionswitch.o
    0x08003754   0x00000060   Code   RO         1214    i._ZN14PositionSwitchC1Ev  positionswitch.o
    0x080037b4   0x0000005c   Code   RO          592    i._ZN16RobotArmTestTask3runEv  robotarmtesttask.o
    0x08003810   0x0000002c   Code   RO          539    i._ZN16RobotArmTestTask8instanceEv  bluetoothprotocolparsetask.o
    0x0800383c   0x0000002c   Code   RO          593    i._ZN16RobotArmTestTaskC1Ev  robotarmtesttask.o
    0x08003868   0x0000012c   Code   RO          434    i._ZN16StatusReportTask3runEv  statusreporttask.o
    0x08003994   0x00000028   Code   RO          435    i._ZN16StatusReportTaskC1Ev  statusreporttask.o
    0x080039bc   0x00000078   Code   RO          125    i._ZN17MicroWaveOvenTask3runEv  main.o
    0x08003a34   0x000000cc   Code   RO          650    i._ZN17MicroWaveOvenUart10initDriverEv  microwaveovenuart.o
    0x08003b00   0x00000048   Code   RO          651    i._ZN17MicroWaveOvenUart5writeEPKcz  microwaveovenuart.o
    0x08003b48   0x00000038   Code   RO          652    i._ZN17MicroWaveOvenUartC1Ev  microwaveovenuart.o
    0x08003b80   0x00000064   Code   RO          511    i._ZN26BluetoothProtocolParseTask3runEv  bluetoothprotocolparsetask.o
    0x08003be4   0x0000002c   Code   RO          512    i._ZN26BluetoothProtocolParseTaskC1Ev  bluetoothprotocolparsetask.o
    0x08003c10   0x00000012   Code   RO          251    i._ZN4Task14startThreadFunEPv  task.o
    0x08003c22   0x00000010   Code   RO          252    i._ZN4Task4stopEv   task.o
    0x08003c32   0x00000002   PAD
    0x08003c34   0x00000024   Code   RO          253    i._ZN4Task5startEv  task.o
    0x08003c58   0x0000002c   Code   RO          254    i._ZN4TaskC2EPKcPyj12osPriority_t  task.o
    0x08003c84   0x0000007c   Code   RO          814    i._ZN6Fridge12initMotoGpioEv  fridge.o
    0x08003d00   0x00000038   Code   RO          815    i._ZN6Fridge14initMotoDriverEv  fridge.o
    0x08003d38   0x00000064   Code   RO          816    i._ZN6Fridge15initCounterGpioEv  fridge.o
    0x08003d9c   0x0000003c   Code   RO          817    i._ZN6Fridge17initCounterDriverEv  fridge.o
    0x08003dd8   0x00000012   Code   RO          880    i._ZN6Fridge5isTopEv  fridge.o
    0x08003dea   0x00000002   PAD
    0x08003dec   0x00000038   Code   RO          818    i._ZN6Fridge5runUpEt  fridge.o
    0x08003e24   0x00000012   Code   RO          886    i._ZN6Fridge6isDownEv  fridge.o
    0x08003e36   0x00000002   PAD
    0x08003e38   0x00000038   Code   RO          819    i._ZN6Fridge7runDownEt  fridge.o
    0x08003e70   0x00000028   Code   RO          874    i._ZN6Fridge7vSetDirENS_3DirE  fridge.o
    0x08003e98   0x0000002c   Code   RO           97    i._ZN6Fridge8instanceEv  main.o
    0x08003ec4   0x00000034   Code   RO          820    i._ZN6FridgeC1Ev    fridge.o
    0x08003ef8   0x00000020   Code   RO         1286    i._ZN6SenderC1EPKc  sender.o
    0x08003f18   0x00000090   Code   RO          923    i._ZN8PickMoto12initMotoGpioEv  pickmoto.o
    0x08003fa8   0x0000004c   Code   RO          924    i._ZN8PickMoto14initMotoDriverEv  pickmoto.o
    0x08003ff4   0x00000058   Code   RO          925    i._ZN8PickMoto15initCounterGpioEv  pickmoto.o
    0x0800404c   0x00000030   Code   RO          926    i._ZN8PickMoto17initCounterDriverEv  pickmoto.o
    0x0800407c   0x00000030   Code   RO          977    i._ZN8PickMoto7vSetDirENS_3DirE  pickmoto.o
    0x080040ac   0x00000038   Code   RO          929    i._ZN8PickMotoC1Ev  pickmoto.o
    0x080040e4   0x0000002c   Code   RO         1310    i._ZN8Protocol13vCreateCustomEPhjPKhj  protocol.o
    0x08004110   0x00000038   Code   RO         1312    i._ZN8Protocol13vCreateStatusEPhttt  protocol.o
    0x08004148   0x00000036   Code   RO         1274    i._ZN8ReceiverC1EPKcPyjj  receiver.o
    0x0800417e   0x00000002   PAD
    0x08004180   0x000000e0   Code   RO          732    i._ZN9Bluetooth10initDriverEv  bluetooth.o
    0x08004260   0x0000003c   Code   RO          733    i._ZN9Bluetooth5writeEPKhj  bluetooth.o
    0x0800429c   0x00000034   Code   RO          734    i._ZN9BluetoothC1Ev  bluetooth.o
    0x080042d0   0x000000c8   Code   RO         1000    i._ZN9RobotArm112initMotoGpioEv  robotarm1.o
    0x08004398   0x0000005c   Code   RO         1001    i._ZN9RobotArm114initMotoDriverEv  robotarm1.o
    0x080043f4   0x00000058   Code   RO         1002    i._ZN9RobotArm115initCounterGpioEv  robotarm1.o
    0x0800444c   0x00000038   Code   RO         1003    i._ZN9RobotArm117initCounterDriverEv  robotarm1.o
    0x08004484   0x00000058   Code   RO         1004    i._ZN9RobotArm15runToEtt  robotarm1.o
    0x080044dc   0x00000028   Code   RO         1048    i._ZN9RobotArm17vSetDirENS_3DirE  robotarm1.o
    0x08004504   0x0000002c   Code   RO          620    i._ZN9RobotArm18instanceEv  robotarmtesttask.o
    0x08004530   0x00000038   Code   RO         1005    i._ZN9RobotArm1C1Ev  robotarm1.o
    0x08004568   0x00000040   Code   RO         1067    i._ZN9RobotArm212initMotoGpioEv  robotarm2.o
    0x080045a8   0x00000058   Code   RO         1069    i._ZN9RobotArm215initCounterGpioEv  robotarm2.o
    0x08004600   0x00000054   Code   RO         1070    i._ZN9RobotArm217initCounterDriverEv  robotarm2.o
    0x08004654   0x00000060   Code   RO         1071    i._ZN9RobotArm25runToEtt  robotarm2.o
    0x080046b4   0x00000028   Code   RO         1115    i._ZN9RobotArm27vSetDirENS_3DirE  robotarm2.o
    0x080046dc   0x0000002c   Code   RO          626    i._ZN9RobotArm28instanceEv  robotarmtesttask.o
    0x08004708   0x00000034   Code   RO         1072    i._ZN9RobotArm2C1Ev  robotarm2.o
    0x0800473c   0x0000001c   Code   RO         1243    i._ZNK5Event5checkEv  event.o
    0x08004758   0x0000003a   Code   RO         1244    i._ZNK5Event9isCorrectEv  event.o
    0x08004792   0x00000030   Code   RO         2455    i.__ARM_fpclassify  m_wm.l(fpclassify.o)
    0x080047c2   0x00000010   Code   RO         2004    i.__cxa_guard_acquire  cpprt_w.l(cxa_guard_acquire.o)
    0x080047d2   0x00000006   Code   RO         2001    i.__cxa_pure_virtual  cpprt_w.l(pure_virt.o)
    0x080047d8   0x00000010   Code   RO          735    i.__sti___13_Bluetooth_cpp_6b41d81d  bluetooth.o
    0x080047e8   0x00000014   Code   RO          653    i.__sti___21_MicroWaveOvenUart_cpp_6b2dcb45  microwaveovenuart.o
    0x080047fc   0x0000000e   Code   RO         2175    i._is_digit         c_w.l(__printf_wp.o)
    0x0800480a   0x0000001c   Code   RO         1363    i._mutex_acquire    rtx_lib.o
    0x08004826   0x00000006   Code   RO         1364    i._mutex_free       rtx_lib.o
    0x0800482c   0x00000020   Code   RO         1365    i._mutex_initialize  rtx_lib.o
    0x0800484c   0x00000018   Code   RO         1366    i._mutex_release    rtx_lib.o
    0x08004864   0x00000004   Code   RO         1367    i._platform_post_stackheap_init  rtx_lib.o
    0x08004868   0x0000017c   Code   RO           74    i.main              main.o
    0x080049e4   0x00000002   Code   RO         1468    i.osRtxErrorNotify  rtx_config.o
    0x080049e6   0x00000002   Code   RO         1469    i.osRtxIdleThread   rtx_config.o
    0x080049e8   0x00000002   Code   RO         1368    i.osRtxThreadStackCheck  rtx_lib.o
    0x080049ea   0x00000002   PAD
    0x080049ec   0x0000001c   Code   RO         1369    i.os_kernel_is_active  rtx_lib.o
    0x08004a08   0x0000002c   Code   RO         2431    locale$$code        c_w.l(lc_numeric_c.o)
    0x08004a34   0x0000002c   Code   RO         2505    locale$$code        c_w.l(lc_ctype_c.o)
    0x08004a60   0x0000000a   Code   RO         2325    x$fpl$fpinit        fz_wm.l(fpinit.o)
    0x08004a6a   0x00000004   Code   RO         2272    x$fpl$printf1       fz_wm.l(printf1.o)
    0x08004a6e   0x00000000   Code   RO         2454    x$fpl$usenofp       fz_wm.l(usenofp.o)
    0x08004a6e   0x00000002   PAD
    0x08004a70   0x00000024   Data   RO         1379    .constdata          rtx_lib.o
    0x08004a94   0x00000024   Data   RO         1380    .constdata          rtx_lib.o
    0x08004ab8   0x00000018   Data   RO         1381    .constdata          rtx_lib.o
    0x08004ad0   0x00000004   Data   RO         1382    .constdata          rtx_lib.o
    0x08004ad4   0x00000008   Data   RO         2134    .constdata          c_w.l(_printf_wctomb.o)
    0x08004adc   0x00000028   Data   RO         2163    .constdata          c_w.l(_printf_hex_int_ll_ptr.o)
    0x08004b04   0x00000011   Data   RO         2183    .constdata          c_w.l(__printf_flags_ss_wp.o)
    0x08004b15   0x00000003   PAD
    0x08004b18   0x00000094   Data   RO         2406    .constdata          c_w.l(bigflt0.o)
    0x08004bac   0x0000000c   Data   RO          330    .constdata__ZTV11LedHintTask  ledhinttask.o
    0x08004bb8   0x0000000c   Data   RO          619    .constdata__ZTV16RobotArmTestTask  robotarmtesttask.o
    0x08004bc4   0x0000000c   Data   RO          461    .constdata__ZTV16StatusReportTask  statusreporttask.o
    0x08004bd0   0x0000000c   Data   RO          104    .constdata__ZTV17MicroWaveOvenTask  main.o
    0x08004bdc   0x0000000c   Data   RO          538    .constdata__ZTV26BluetoothProtocolParseTask  bluetoothprotocolparsetask.o
    0x08004be8   0x0000000c   Data   RO          280    .constdata__ZTV4Task  task.o
    0x08004bf4   0x00000006   Data   RO           96    .constdata__ZZN17MicroWaveOvenTask3runEvEs  main.o
    0x08004bfa   0x00000001   Data   RO           95    .constdata__ZZN17MicroWaveOvenTaskC1EvEs  main.o
    0x08004bfb   0x00000001   PAD
    0x08004bfc   0x00000068   Data   RO         1385    .rodata             rtx_lib.o
    0x08004c64   0x0000000b   Data   RO         1552    .rodata.str1.4      RTX_CM4F.lib(rtx_kernel.o)
    0x08004c6f   0x00000001   PAD
    0x08004c70   0x00000020   Data   RO         2578    Region$$Table       anon$$obj.o
    0x08004c90   0x0000001c   Data   RO         2430    locale$$data        c_w.l(lc_numeric_c.o)
    0x08004cac   0x00000110   Data   RO         2504    locale$$data        c_w.l(lc_ctype_c.o)
    0x08004dbc   0x00000004   Data   RO          661    .init_array         microwaveovenuart.o
    0x08004dc0   0x00000004   Data   RO          743    .init_array         bluetooth.o
    0x08004dc4   0x00000000   Data   RO         1996    .init_array         c_w.l(init_aeabi.o)


    Execution Region RW_IRAM1 (Base: 0x20000000, Size: 0x00002e58, Max: 0x00020000, ABSOLUTE, COMPRESSED[0x00000044])

    Base Addr    Size         Type   Attr      Idx    E Section Name        Object

    0x20000000   0x00001000   Data   RW         1370    .bss.os             rtx_lib.o
    0x20001000   0x00000040   Data   RW         1371    .bss.os             rtx_lib.o
    0x20001040   0x00000034   Data   RW         1373    .bss.os.msgqueue.cb  rtx_lib.o
    0x20001074   0x00000050   Data   RW         1374    .bss.os.msgqueue.mem  rtx_lib.o
    0x200010c4   0x00000044   Data   RW         1375    .bss.os.thread.cb   rtx_lib.o
    0x20001108   0x00000044   Data   RW         1376    .bss.os.thread.cb   rtx_lib.o
    0x2000114c   0x00000004   PAD
    0x20001150   0x00000100   Data   RW         1377    .bss.os.thread.stack  rtx_lib.o
    0x20001250   0x00000200   Data   RW         1378    .bss.os.thread.stack  rtx_lib.o
    0x20001450   0x00000014   Data   RW            7    .data               system_stm32f4xx.o
    0x20001464   0x00000004   Data   RW          660    .data               microwaveovenuart.o
    0x20001468   0x0000000c   Data   RW          742    .data               bluetooth.o
    0x20001474   0x00000001   Data   RW         1384    .data               rtx_lib.o
    0x20001475   0x00000003   PAD
    0x20001478   0x000000a4   Data   RW         1553    .data.os            RTX_CM4F.lib(rtx_kernel.o)
    0x2000151c   0x00000004   Data   RW          105    .data__ZZN11LedHintTask8instanceEvE4task  main.o
    0x20001520   0x00000004   Data   RW          463    .data__ZZN14PositionSwitch8instanceEvE8instance  statusreporttask.o
    0x20001524   0x00000004   Data   RW          546    .data__ZZN16RobotArmTestTask8instanceEvE4task  bluetoothprotocolparsetask.o
    0x20001528   0x00000004   Data   RW          107    .data__ZZN16StatusReportTask8instanceEvE4task  main.o
    0x2000152c   0x00000004   Data   RW          119    .data__ZZN17MicroWaveOvenTask8instanceEvE4task  main.o
    0x20001530   0x00000004   Data   RW          131    .data__ZZN17MicroWaveOvenUart8instanceEvE4uart  main.o
    0x20001534   0x00000004   Data   RW          109    .data__ZZN26BluetoothProtocolParseTask8instanceEvE4task  main.o
    0x20001538   0x00000004   Data   RW          115    .data__ZZN6Fridge8instanceEvE6fridge  main.o
    0x2000153c   0x00000004   Data   RW          117    .data__ZZN8PickMoto8instanceEvE8pickMoto  main.o
    0x20001540   0x00000004   Data   RW          465    .data__ZZN9Bluetooth8instanceEvE3ble  statusreporttask.o
    0x20001544   0x00000004   Data   RW          111    .data__ZZN9RobotArm18instanceEvE1r  main.o
    0x20001548   0x00000004   Data   RW          113    .data__ZZN9RobotArm28instanceEvE8instance  main.o
    0x2000154c   0x00000004   PAD
    0x20001550   0x00000200   Zero   RW           76    .bss                main.o
    0x20001750   0x00000100   Zero   RW          307    .bss                ledhinttask.o
    0x20001850   0x00000200   Zero   RW          438    .bss                statusreporttask.o
    0x20001a50   0x00000200   Zero   RW          515    .bss                bluetoothprotocolparsetask.o
    0x20001c50   0x00000200   Zero   RW          596    .bss                robotarmtesttask.o
    0x20001e50   0x000002b8   Zero   RW          659    .bss                microwaveovenuart.o
    0x20002108   0x00000240   Zero   RW          741    .bss                bluetooth.o
    0x20002348   0x00000060   Zero   RW         2462    .bss                c_w.l(libspace.o)
    0x200023a8   0x00000001   Zero   RW         1970    .bss.PendST         RTX_CM4F.lib(os_systick.o)
    0x200023a9   0x00000007   PAD
    0x200023b0   0x00000080   Zero   RW          106    .bss__ZZN11LedHintTask8instanceEvE4task  main.o
    0x20002430   0x00000038   Zero   RW          464    .bss__ZZN14PositionSwitch8instanceEvE8instance  statusreporttask.o
    0x20002468   0x00000080   Zero   RW          547    .bss__ZZN16RobotArmTestTask8instanceEvE4task  bluetoothprotocolparsetask.o
    0x200024e8   0x00000080   Zero   RW          108    .bss__ZZN16StatusReportTask8instanceEvE4task  main.o
    0x20002568   0x00000080   Zero   RW          120    .bss__ZZN17MicroWaveOvenTask8instanceEvE4task  main.o
    0x200025e8   0x000001a8   Zero   RW          132    .bss__ZZN17MicroWaveOvenUart8instanceEvE4uart  main.o
    0x20002790   0x00000080   Zero   RW          110    .bss__ZZN26BluetoothProtocolParseTask8instanceEvE4task  main.o
    0x20002810   0x00000038   Zero   RW          116    .bss__ZZN6Fridge8instanceEvE6fridge  main.o
    0x20002848   0x00000038   Zero   RW          118    .bss__ZZN8PickMoto8instanceEvE8pickMoto  main.o
    0x20002880   0x00000158   Zero   RW          466    .bss__ZZN9Bluetooth8instanceEvE3ble  statusreporttask.o
    0x200029d8   0x00000040   Zero   RW          112    .bss__ZZN9RobotArm18instanceEvE1r  main.o
    0x20002a18   0x00000040   Zero   RW          114    .bss__ZZN9RobotArm28instanceEvE8instance  main.o
    0x20002a58   0x00000000   Zero   RW           65    HEAP                startup_stm32f40_41xxx.o
    0x20002a58   0x00000400   Zero   RW           64    STACK               startup_stm32f40_41xxx.o


==============================================================================

Image component sizes


      Code (inc. data)   RO Data    RW Data    ZI Data      Debug   Object Name

       520         82          4         12        576      34675   bluetooth.o
       188         38         12          4        640       8608   bluetoothprotocolparsetask.o
        86          0          0          0          0       3580   event.o
       624         70          0          0          0       7820   fridge.o
       176         32         12          0        256     239224   ledhinttask.o
       544        110         19         36       1688     288466   main.o
       520         86          4          4        696      34427   microwaveovenuart.o
         0          0          0          0          0       5400   mototesttask.o
       460         60          0          0          0       3844   pickmoto.o
       164         30          0          0          0       1816   positionswitch.o
       100          0          0          0          0       1876   protocol.o
        54          0          0          0          0        992   receiver.o
       620         60          0          0          0       5120   robotarm1.o
       424         58          0          0          0       4568   robotarm2.o
       224         40         12          0        512       5816   robotarmtesttask.o
         4          0          0          0          0        969   rtx_config.o
       124          4        204       5197          0      16115   rtx_lib.o
        32          0          0          0          0        552   sender.o
        60         22        392          0       1024        824   startup_stm32f40_41xxx.o
       340         52         12          8        912       9172   statusreporttask.o
       272         36          0         20          0       6293   system_stm32f4xx.o
       114         12         12          0          0       9640   task.o

    ----------------------------------------------------------------------
      5660        792        716       5288       6308     689797   Object Totals
         0          0         32          0          0          0   (incl. Generated)
        10          0          1          7          4          0   (incl. Padding)

    ----------------------------------------------------------------------

      Code (inc. data)   RO Data    RW Data    ZI Data      Debug   Library Member Name

       196         12          0          0          0        540   irq_cm4f.o
       126         32          0          0          1       3578   os_systick.o
        56          4          0          0          0       3088   rtx_delay.o
       652         48         11        164          0      18714   rtx_kernel.o
       264          0          0          0          0       2707   rtx_memory.o
       244          0          0          0          0      15835   rtx_mempool.o
      1450         28          0          0          0      18606   rtx_msgqueue.o
       872         32          0          0          0      10258   rtx_mutex.o
       372         24          0          0          0       5544   rtx_system.o
      1928         92          0          0          0      33996   rtx_thread.o
       236         20          0          0          0      10983   rtx_timer.o
        58          0          0          0          0          0   __dczerorl.o
         8          0          0          0          0         68   __main.o
       392          4         17          0          0         92   __printf_flags_ss_wp.o
        14          0          0          0          0         68   __printf_wp.o
         0          0          0          0          0          0   __rtentry.o
        20          0          0          0          0          0   __rtentry2.o
         6          0          0          0          0          0   __rtentry4.o
        52          8          0          0          0          0   __scatter.o
        28          0          0          0          0          0   __scatter_zi.o
         6          0          0          0          0          0   _printf_a.o
         6          0          0          0          0          0   _printf_c.o
        44          0          0          0          0        108   _printf_char.o
        48          6          0          0          0         96   _printf_char_common.o
        40          0          0          0          0         68   _printf_charcount.o
         6          0          0          0          0          0   _printf_d.o
       120         16          0          0          0         92   _printf_dec.o
         6          0          0          0          0          0   _printf_e.o
         6          0          0          0          0          0   _printf_f.o
      1050          0          0          0          0        216   _printf_fp_dec.o
       128         16          0          0          0         84   _printf_fp_infnan.o
         6          0          0          0          0          0   _printf_g.o
       148          4         40          0          0        160   _printf_hex_int_ll_ptr.o
         6          0          0          0          0          0   _printf_i.o
       178          0          0          0          0         88   _printf_intcommon.o
        10          0          0          0          0          0   _printf_l.o
         6          0          0          0          0          0   _printf_lc.o
        10          0          0          0          0          0   _printf_ll.o
         6          0          0          0          0          0   _printf_lld.o
         6          0          0          0          0          0   _printf_lli.o
         6          0          0          0          0          0   _printf_llo.o
         6          0          0          0          0          0   _printf_llu.o
         6          0          0          0          0          0   _printf_llx.o
       124         16          0          0          0         92   _printf_longlong_dec.o
         6          0          0          0          0          0   _printf_ls.o
         6          0          0          0          0          0   _printf_n.o
         6          0          0          0          0          0   _printf_o.o
       112         10          0          0          0        124   _printf_oct_int_ll.o
         6          0          0          0          0          0   _printf_p.o
        78          0          0          0          0        108   _printf_pad.o
         0          0          0          0          0          0   _printf_percent.o
         4          0          0          0          0          0   _printf_percent_end.o
         6          0          0          0          0          0   _printf_s.o
        82          0          0          0          0         80   _printf_str.o
        36          0          0          0          0         84   _printf_truncate.o
         6          0          0          0          0          0   _printf_u.o
        44          0          0          0          0        108   _printf_wchar.o
       188          6          8          0          0         92   _printf_wctomb.o
         6          0          0          0          0          0   _printf_x.o
        10          0          0          0          0         68   _sputc.o
        64          0          0          0          0         92   _wcrtomb.o
       220          4        148          0          0         96   bigflt0.o
      1910        128          0          0          0        672   btod.o
        36          4          0          0          0         76   c89vsprintf.o
        10          0          0          0          0         68   defsig_exit.o
        50          0          0          0          0         88   defsig_general.o
        48         34          0          0          0         76   defsig_pvfn_inner.o
        14          0          0          0          0         80   defsig_pvfn_outer.o
        18          0          0          0          0         80   exit.o
         6          0          0          0          0        152   heapauxi.o
         0          0          0          0          0          0   indicate_semi.o
        36         10          0          0          0         80   init_aeabi.o
        44         10        272          0          0         76   lc_ctype_c.o
        44         10         28          0          0         76   lc_numeric_c.o
         2          0          0          0          0          0   libinit.o
        38          0          0          0          0          0   libinit2.o
         2          0          0          0          0          0   libshutdown.o
         2          0          0          0          0          0   libshutdown2.o
         8          4          0          0         96         68   libspace.o
       138          0          0          0          0         80   lludiv10.o
        16          4          0          0          0         76   rt_ctype_table.o
        10          0          0          0          0         76   rt_locale_twolibspace.o
        68          0          0          0          0         68   rt_memclr.o
        78          0          0          0          0         80   rt_memclr_w.o
       138          0          0          0          0         68   rt_memcpy_v6.o
       100          0          0          0          0         80   rt_memcpy_w.o
         2          0          0          0          0          0   rtexit.o
        10          0          0          0          0          0   rtexit2.o
       128          0          0          0          0         68   strcmpv7m.o
        12          4          0          0          0         68   sys_exit.o
        74          0          0          0          0         80   sys_stackheap_outer.o
        14          0          0          0          0         76   sys_wrch.o
         2          0          0          0          0         68   use_no_semi.o
        16          0          0          0          0         68   cxa_guard_acquire.o
         6          0          0          0          0         68   pure_virt.o
        10          0          0          0          0        116   fpinit.o
         4          0          0          0          0        116   printf1.o
         0          0          0          0          0          0   usenofp.o
        48          0          0          0          0        124   fpclassify.o

    ----------------------------------------------------------------------
     13004        590        528        164        104     128905   Library Totals
        30          0          4          0          7          0   (incl. Padding)

    ----------------------------------------------------------------------

      Code (inc. data)   RO Data    RW Data    ZI Data      Debug   Library Name

      6396        292         11        164          1     123849   RTX_CM4F.lib
      6494        298        513          0         96       4564   c_w.l
        22          0          0          0          0        136   cpprt_w.l
        14          0          0          0          0        232   fz_wm.l
        48          0          0          0          0        124   m_wm.l

    ----------------------------------------------------------------------
     13004        590        528        164        104     128905   Library Totals

    ----------------------------------------------------------------------

==============================================================================


      Code (inc. data)   RO Data    RW Data    ZI Data      Debug   

     18664       1382       1244       5452       6412     808506   Grand Totals
     18664       1382       1244         68       6412     808506   ELF Image Totals (compressed)
     18664       1382       1244         68          0          0   ROM Totals

==============================================================================

    Total RO  Size (Code + RO Data)                19908 (  19.44kB)
    Total RW  Size (RW Data + ZI Data)             11864 (  11.59kB)
    Total ROM Size (Code + RO Data + RW Data)      19976 (  19.51kB)

==============================================================================

