<!doctype html public "-//w3c//dtd html 4.0 transitional//en">
<html><head>
<title>Static Call Graph - [.\Objects\IceCreamV2.1]</title></head>
<body><HR>
<H1>Static Call Graph for image .\Objects\IceCreamV2.1</H1><HR>
<BR><P>#&#060CALLGRAPH&#062# ARM Linker, 5060422: Last Updated: Wed May 30 15:37:45 2018
<BR><P>
<H3>Maximum Stack Usage =         96 bytes + Unknown(Functions without stacksize, Cycles, Untraceable Function Pointers)</H3><H3>
Call chain for Maximum Stack Depth:</H3>
svcRtxKernelStart &rArr; osRtxThreadStartup &rArr; svcRtxThreadNew &rArr; osRtxMemoryPoolFree
<P>
<H3>
Functions with no stack information
</H3><UL>
 <LI><a href="#[a6]">__user_initial_stackheap</a>
</UL>
</UL>
<P>
<H3>
Mutually Recursive functions
</H3> <LI><a href="#[c]">NMI_Handler</a>&nbsp;&nbsp;&nbsp;&rArr;&nbsp;&nbsp;&nbsp;<a href="#[c]">NMI_Handler</a><BR>
 <LI><a href="#[d]">HardFault_Handler</a>&nbsp;&nbsp;&nbsp;&rArr;&nbsp;&nbsp;&nbsp;<a href="#[d]">HardFault_Handler</a><BR>
 <LI><a href="#[e]">MemManage_Handler</a>&nbsp;&nbsp;&nbsp;&rArr;&nbsp;&nbsp;&nbsp;<a href="#[e]">MemManage_Handler</a><BR>
 <LI><a href="#[f]">BusFault_Handler</a>&nbsp;&nbsp;&nbsp;&rArr;&nbsp;&nbsp;&nbsp;<a href="#[f]">BusFault_Handler</a><BR>
 <LI><a href="#[10]">UsageFault_Handler</a>&nbsp;&nbsp;&nbsp;&rArr;&nbsp;&nbsp;&nbsp;<a href="#[10]">UsageFault_Handler</a><BR>
 <LI><a href="#[12]">DebugMon_Handler</a>&nbsp;&nbsp;&nbsp;&rArr;&nbsp;&nbsp;&nbsp;<a href="#[12]">DebugMon_Handler</a><BR>
 <LI><a href="#[27]">ADC_IRQHandler</a>&nbsp;&nbsp;&nbsp;&rArr;&nbsp;&nbsp;&nbsp;<a href="#[27]">ADC_IRQHandler</a><BR>
 <LI><a href="#[b7]">osRtxErrorNotify</a>&nbsp;&nbsp;&nbsp;&rArr;&nbsp;&nbsp;&nbsp;<a href="#[b7]">osRtxErrorNotify</a><BR>
 <LI><a href="#[73]">osRtxIdleThread</a>&nbsp;&nbsp;&nbsp;&rArr;&nbsp;&nbsp;&nbsp;<a href="#[73]">osRtxIdleThread</a><BR>
</UL>
<P>
<H3>
Function Pointers
</H3><UL>
 <LI><a href="#[27]">ADC_IRQHandler</a> from startup_stm32f40_41xxx.o(.text) referenced from startup_stm32f40_41xxx.o(RESET)
 <LI><a href="#[f]">BusFault_Handler</a> from startup_stm32f40_41xxx.o(.text) referenced from startup_stm32f40_41xxx.o(RESET)
 <LI><a href="#[29]">CAN1_RX0_IRQHandler</a> from startup_stm32f40_41xxx.o(.text) referenced from startup_stm32f40_41xxx.o(RESET)
 <LI><a href="#[2a]">CAN1_RX1_IRQHandler</a> from startup_stm32f40_41xxx.o(.text) referenced from startup_stm32f40_41xxx.o(RESET)
 <LI><a href="#[2b]">CAN1_SCE_IRQHandler</a> from startup_stm32f40_41xxx.o(.text) referenced from startup_stm32f40_41xxx.o(RESET)
 <LI><a href="#[28]">CAN1_TX_IRQHandler</a> from startup_stm32f40_41xxx.o(.text) referenced from startup_stm32f40_41xxx.o(RESET)
 <LI><a href="#[55]">CAN2_RX0_IRQHandler</a> from startup_stm32f40_41xxx.o(.text) referenced from startup_stm32f40_41xxx.o(RESET)
 <LI><a href="#[56]">CAN2_RX1_IRQHandler</a> from startup_stm32f40_41xxx.o(.text) referenced from startup_stm32f40_41xxx.o(RESET)
 <LI><a href="#[57]">CAN2_SCE_IRQHandler</a> from startup_stm32f40_41xxx.o(.text) referenced from startup_stm32f40_41xxx.o(RESET)
 <LI><a href="#[54]">CAN2_TX_IRQHandler</a> from startup_stm32f40_41xxx.o(.text) referenced from startup_stm32f40_41xxx.o(RESET)
 <LI><a href="#[64]">CRYP_IRQHandler</a> from startup_stm32f40_41xxx.o(.text) referenced from startup_stm32f40_41xxx.o(RESET)
 <LI><a href="#[63]">DCMI_IRQHandler</a> from startup_stm32f40_41xxx.o(.text) referenced from startup_stm32f40_41xxx.o(RESET)
 <LI><a href="#[20]">DMA1_Stream0_IRQHandler</a> from startup_stm32f40_41xxx.o(.text) referenced from startup_stm32f40_41xxx.o(RESET)
 <LI><a href="#[21]">DMA1_Stream1_IRQHandler</a> from startup_stm32f40_41xxx.o(.text) referenced from startup_stm32f40_41xxx.o(RESET)
 <LI><a href="#[22]">DMA1_Stream2_IRQHandler</a> from startup_stm32f40_41xxx.o(.text) referenced from startup_stm32f40_41xxx.o(RESET)
 <LI><a href="#[23]">DMA1_Stream3_IRQHandler</a> from startup_stm32f40_41xxx.o(.text) referenced from startup_stm32f40_41xxx.o(RESET)
 <LI><a href="#[24]">DMA1_Stream4_IRQHandler</a> from startup_stm32f40_41xxx.o(.text) referenced from startup_stm32f40_41xxx.o(RESET)
 <LI><a href="#[25]">DMA1_Stream5_IRQHandler</a> from startup_stm32f40_41xxx.o(.text) referenced from startup_stm32f40_41xxx.o(RESET)
 <LI><a href="#[26]">DMA1_Stream6_IRQHandler</a> from startup_stm32f40_41xxx.o(.text) referenced from startup_stm32f40_41xxx.o(RESET)
 <LI><a href="#[44]">DMA1_Stream7_IRQHandler</a> from startup_stm32f40_41xxx.o(.text) referenced from startup_stm32f40_41xxx.o(RESET)
 <LI><a href="#[4d]">DMA2_Stream0_IRQHandler</a> from startup_stm32f40_41xxx.o(.text) referenced from startup_stm32f40_41xxx.o(RESET)
 <LI><a href="#[4e]">DMA2_Stream1_IRQHandler</a> from startup_stm32f40_41xxx.o(.text) referenced from startup_stm32f40_41xxx.o(RESET)
 <LI><a href="#[4f]">DMA2_Stream2_IRQHandler</a> from startup_stm32f40_41xxx.o(.text) referenced from startup_stm32f40_41xxx.o(RESET)
 <LI><a href="#[50]">DMA2_Stream3_IRQHandler</a> from startup_stm32f40_41xxx.o(.text) referenced from startup_stm32f40_41xxx.o(RESET)
 <LI><a href="#[51]">DMA2_Stream4_IRQHandler</a> from startup_stm32f40_41xxx.o(.text) referenced from startup_stm32f40_41xxx.o(RESET)
 <LI><a href="#[59]">DMA2_Stream5_IRQHandler</a> from startup_stm32f40_41xxx.o(.text) referenced from startup_stm32f40_41xxx.o(RESET)
 <LI><a href="#[5a]">DMA2_Stream6_IRQHandler</a> from startup_stm32f40_41xxx.o(.text) referenced from startup_stm32f40_41xxx.o(RESET)
 <LI><a href="#[5b]">DMA2_Stream7_IRQHandler</a> from startup_stm32f40_41xxx.o(.text) referenced from startup_stm32f40_41xxx.o(RESET)
 <LI><a href="#[12]">DebugMon_Handler</a> from startup_stm32f40_41xxx.o(.text) referenced from startup_stm32f40_41xxx.o(RESET)
 <LI><a href="#[52]">ETH_IRQHandler</a> from startup_stm32f40_41xxx.o(.text) referenced from startup_stm32f40_41xxx.o(RESET)
 <LI><a href="#[53]">ETH_WKUP_IRQHandler</a> from startup_stm32f40_41xxx.o(.text) referenced from startup_stm32f40_41xxx.o(RESET)
 <LI><a href="#[1b]">EXTI0_IRQHandler</a> from startup_stm32f40_41xxx.o(.text) referenced from startup_stm32f40_41xxx.o(RESET)
 <LI><a href="#[3d]">EXTI15_10_IRQHandler</a> from startup_stm32f40_41xxx.o(.text) referenced from startup_stm32f40_41xxx.o(RESET)
 <LI><a href="#[1c]">EXTI1_IRQHandler</a> from startup_stm32f40_41xxx.o(.text) referenced from startup_stm32f40_41xxx.o(RESET)
 <LI><a href="#[1d]">EXTI2_IRQHandler</a> from startup_stm32f40_41xxx.o(.text) referenced from startup_stm32f40_41xxx.o(RESET)
 <LI><a href="#[1e]">EXTI3_IRQHandler</a> from startup_stm32f40_41xxx.o(.text) referenced from startup_stm32f40_41xxx.o(RESET)
 <LI><a href="#[1f]">EXTI4_IRQHandler</a> from startup_stm32f40_41xxx.o(.text) referenced from startup_stm32f40_41xxx.o(RESET)
 <LI><a href="#[2c]">EXTI9_5_IRQHandler</a> from startup_stm32f40_41xxx.o(.text) referenced from startup_stm32f40_41xxx.o(RESET)
 <LI><a href="#[19]">FLASH_IRQHandler</a> from startup_stm32f40_41xxx.o(.text) referenced from startup_stm32f40_41xxx.o(RESET)
 <LI><a href="#[66]">FPU_IRQHandler</a> from startup_stm32f40_41xxx.o(.text) referenced from startup_stm32f40_41xxx.o(RESET)
 <LI><a href="#[45]">FSMC_IRQHandler</a> from startup_stm32f40_41xxx.o(.text) referenced from startup_stm32f40_41xxx.o(RESET)
 <LI><a href="#[65]">HASH_RNG_IRQHandler</a> from startup_stm32f40_41xxx.o(.text) referenced from startup_stm32f40_41xxx.o(RESET)
 <LI><a href="#[d]">HardFault_Handler</a> from startup_stm32f40_41xxx.o(.text) referenced from startup_stm32f40_41xxx.o(RESET)
 <LI><a href="#[35]">I2C1_ER_IRQHandler</a> from startup_stm32f40_41xxx.o(.text) referenced from startup_stm32f40_41xxx.o(RESET)
 <LI><a href="#[34]">I2C1_EV_IRQHandler</a> from startup_stm32f40_41xxx.o(.text) referenced from startup_stm32f40_41xxx.o(RESET)
 <LI><a href="#[37]">I2C2_ER_IRQHandler</a> from startup_stm32f40_41xxx.o(.text) referenced from startup_stm32f40_41xxx.o(RESET)
 <LI><a href="#[36]">I2C2_EV_IRQHandler</a> from startup_stm32f40_41xxx.o(.text) referenced from startup_stm32f40_41xxx.o(RESET)
 <LI><a href="#[5e]">I2C3_ER_IRQHandler</a> from startup_stm32f40_41xxx.o(.text) referenced from startup_stm32f40_41xxx.o(RESET)
 <LI><a href="#[5d]">I2C3_EV_IRQHandler</a> from startup_stm32f40_41xxx.o(.text) referenced from startup_stm32f40_41xxx.o(RESET)
 <LI><a href="#[e]">MemManage_Handler</a> from startup_stm32f40_41xxx.o(.text) referenced from startup_stm32f40_41xxx.o(RESET)
 <LI><a href="#[c]">NMI_Handler</a> from startup_stm32f40_41xxx.o(.text) referenced from startup_stm32f40_41xxx.o(RESET)
 <LI><a href="#[58]">OTG_FS_IRQHandler</a> from startup_stm32f40_41xxx.o(.text) referenced from startup_stm32f40_41xxx.o(RESET)
 <LI><a href="#[3f]">OTG_FS_WKUP_IRQHandler</a> from startup_stm32f40_41xxx.o(.text) referenced from startup_stm32f40_41xxx.o(RESET)
 <LI><a href="#[60]">OTG_HS_EP1_IN_IRQHandler</a> from startup_stm32f40_41xxx.o(.text) referenced from startup_stm32f40_41xxx.o(RESET)
 <LI><a href="#[5f]">OTG_HS_EP1_OUT_IRQHandler</a> from startup_stm32f40_41xxx.o(.text) referenced from startup_stm32f40_41xxx.o(RESET)
 <LI><a href="#[62]">OTG_HS_IRQHandler</a> from startup_stm32f40_41xxx.o(.text) referenced from startup_stm32f40_41xxx.o(RESET)
 <LI><a href="#[61]">OTG_HS_WKUP_IRQHandler</a> from startup_stm32f40_41xxx.o(.text) referenced from startup_stm32f40_41xxx.o(RESET)
 <LI><a href="#[16]">PVD_IRQHandler</a> from startup_stm32f40_41xxx.o(.text) referenced from startup_stm32f40_41xxx.o(RESET)
 <LI><a href="#[13]">PendSV_Handler</a> from irq_cm4f.o(.text) referenced from startup_stm32f40_41xxx.o(RESET)
 <LI><a href="#[1a]">RCC_IRQHandler</a> from startup_stm32f40_41xxx.o(.text) referenced from startup_stm32f40_41xxx.o(RESET)
 <LI><a href="#[3e]">RTC_Alarm_IRQHandler</a> from startup_stm32f40_41xxx.o(.text) referenced from startup_stm32f40_41xxx.o(RESET)
 <LI><a href="#[18]">RTC_WKUP_IRQHandler</a> from startup_stm32f40_41xxx.o(.text) referenced from startup_stm32f40_41xxx.o(RESET)
 <LI><a href="#[b]">Reset_Handler</a> from startup_stm32f40_41xxx.o(.text) referenced from startup_stm32f40_41xxx.o(RESET)
 <LI><a href="#[46]">SDIO_IRQHandler</a> from startup_stm32f40_41xxx.o(.text) referenced from startup_stm32f40_41xxx.o(RESET)
 <LI><a href="#[38]">SPI1_IRQHandler</a> from startup_stm32f40_41xxx.o(.text) referenced from startup_stm32f40_41xxx.o(RESET)
 <LI><a href="#[39]">SPI2_IRQHandler</a> from startup_stm32f40_41xxx.o(.text) referenced from startup_stm32f40_41xxx.o(RESET)
 <LI><a href="#[48]">SPI3_IRQHandler</a> from startup_stm32f40_41xxx.o(.text) referenced from startup_stm32f40_41xxx.o(RESET)
 <LI><a href="#[11]">SVC_Handler</a> from irq_cm4f.o(.text) referenced from startup_stm32f40_41xxx.o(RESET)
 <LI><a href="#[14]">SysTick_Handler</a> from irq_cm4f.o(.text) referenced from rtx_kernel.o(.text.svcRtxKernelStart)
 <LI><a href="#[14]">SysTick_Handler</a> from irq_cm4f.o(.text) referenced from startup_stm32f40_41xxx.o(RESET)
 <LI><a href="#[67]">SystemInit</a> from system_stm32f4xx.o(i.SystemInit) referenced from startup_stm32f40_41xxx.o(.text)
 <LI><a href="#[17]">TAMP_STAMP_IRQHandler</a> from startup_stm32f40_41xxx.o(.text) referenced from startup_stm32f40_41xxx.o(RESET)
 <LI><a href="#[2d]">TIM1_BRK_TIM9_IRQHandler</a> from startup_stm32f40_41xxx.o(.text) referenced from startup_stm32f40_41xxx.o(RESET)
 <LI><a href="#[30]">TIM1_CC_IRQHandler</a> from startup_stm32f40_41xxx.o(.text) referenced from startup_stm32f40_41xxx.o(RESET)
 <LI><a href="#[2f]">TIM1_TRG_COM_TIM11_IRQHandler</a> from startup_stm32f40_41xxx.o(.text) referenced from startup_stm32f40_41xxx.o(RESET)
 <LI><a href="#[2e]">TIM1_UP_TIM10_IRQHandler</a> from startup_stm32f40_41xxx.o(.text) referenced from startup_stm32f40_41xxx.o(RESET)
 <LI><a href="#[31]">TIM2_IRQHandler</a> from startup_stm32f40_41xxx.o(.text) referenced from startup_stm32f40_41xxx.o(RESET)
 <LI><a href="#[32]">TIM3_IRQHandler</a> from startup_stm32f40_41xxx.o(.text) referenced from startup_stm32f40_41xxx.o(RESET)
 <LI><a href="#[33]">TIM4_IRQHandler</a> from startup_stm32f40_41xxx.o(.text) referenced from startup_stm32f40_41xxx.o(RESET)
 <LI><a href="#[47]">TIM5_IRQHandler</a> from startup_stm32f40_41xxx.o(.text) referenced from startup_stm32f40_41xxx.o(RESET)
 <LI><a href="#[4b]">TIM6_DAC_IRQHandler</a> from startup_stm32f40_41xxx.o(.text) referenced from startup_stm32f40_41xxx.o(RESET)
 <LI><a href="#[4c]">TIM7_IRQHandler</a> from startup_stm32f40_41xxx.o(.text) referenced from startup_stm32f40_41xxx.o(RESET)
 <LI><a href="#[40]">TIM8_BRK_TIM12_IRQHandler</a> from startup_stm32f40_41xxx.o(.text) referenced from startup_stm32f40_41xxx.o(RESET)
 <LI><a href="#[43]">TIM8_CC_IRQHandler</a> from startup_stm32f40_41xxx.o(.text) referenced from startup_stm32f40_41xxx.o(RESET)
 <LI><a href="#[42]">TIM8_TRG_COM_TIM14_IRQHandler</a> from startup_stm32f40_41xxx.o(.text) referenced from startup_stm32f40_41xxx.o(RESET)
 <LI><a href="#[41]">TIM8_UP_TIM13_IRQHandler</a> from startup_stm32f40_41xxx.o(.text) referenced from startup_stm32f40_41xxx.o(RESET)
 <LI><a href="#[49]">UART4_IRQHandler</a> from startup_stm32f40_41xxx.o(.text) referenced from startup_stm32f40_41xxx.o(RESET)
 <LI><a href="#[4a]">UART5_IRQHandler</a> from startup_stm32f40_41xxx.o(.text) referenced from startup_stm32f40_41xxx.o(RESET)
 <LI><a href="#[3a]">USART1_IRQHandler</a> from startup_stm32f40_41xxx.o(.text) referenced from startup_stm32f40_41xxx.o(RESET)
 <LI><a href="#[3b]">USART2_IRQHandler</a> from bluetooth.o(i.USART2_IRQHandler) referenced from startup_stm32f40_41xxx.o(RESET)
 <LI><a href="#[3c]">USART3_IRQHandler</a> from microwaveovenuart.o(i.USART3_IRQHandler) referenced from startup_stm32f40_41xxx.o(RESET)
 <LI><a href="#[5c]">USART6_IRQHandler</a> from startup_stm32f40_41xxx.o(.text) referenced from startup_stm32f40_41xxx.o(RESET)
 <LI><a href="#[10]">UsageFault_Handler</a> from startup_stm32f40_41xxx.o(.text) referenced from startup_stm32f40_41xxx.o(RESET)
 <LI><a href="#[15]">WWDG_IRQHandler</a> from startup_stm32f40_41xxx.o(.text) referenced from startup_stm32f40_41xxx.o(RESET)
 <LI><a href="#[7d]">MicroWaveOvenTask::run()</a> from main.o(i._ZN17MicroWaveOvenTask3runEv) referenced from main.o(.constdata__ZTV17MicroWaveOvenTask)
 <LI><a href="#[7c]">Task::startThreadFun(void*)</a> from task.o(i._ZN4Task14startThreadFunEPv) referenced from task.o(i._ZN4Task5startEv)
 <LI><a href="#[7f]">UartTask::run()</a> from main.o(i._ZN8UartTask3runEv) referenced from main.o(.constdata__ZTV8UartTask)
 <LI><a href="#[7e]">__cxa_pure_virtual</a> from pure_virt.o(i.__cxa_pure_virtual) referenced from task.o(.constdata__ZTV4Task)
 <LI><a href="#[82]">__main</a> from __main.o(!!!main) referenced from startup_stm32f40_41xxx.o(.text)
 <LI><a href="#[81]">__sti___13_Bluetooth_cpp_6b41d81d</a> from bluetooth.o(i.__sti___13_Bluetooth_cpp_6b41d81d) referenced from bluetooth.o(.init_array)
 <LI><a href="#[80]">__sti___21_MicroWaveOvenUart_cpp_6b2dcb45</a> from microwaveovenuart.o(i.__sti___21_MicroWaveOvenUart_cpp_6b2dcb45) referenced from microwaveovenuart.o(.init_array)
 <LI><a href="#[73]">osRtxIdleThread</a> from rtx_config.o(i.osRtxIdleThread) referenced from rtx_thread.o(.text.osRtxThreadStartup)
 <LI><a href="#[78]">osRtxMemoryInit</a> from rtx_memory.o(.text.osRtxMemoryInit) referenced from rtx_kernel.o(.text.svcRtxKernelInitialize)
 <LI><a href="#[79]">osRtxMessageQueuePostProcess</a> from rtx_msgqueue.o(.text.osRtxMessageQueuePostProcess) referenced from rtx_msgqueue.o(.text.svcRtxMessageQueueNew)
 <LI><a href="#[7b]">osRtxThreadPostProcess</a> from rtx_thread.o(.text.osRtxThreadPostProcess) referenced from rtx_thread.o(.text.svcRtxThreadNew)
 <LI><a href="#[74]">osRtxTimerThread</a> from rtx_timer.o(.text.osRtxTimerThread) referenced from rtx_thread.o(.text.osRtxThreadStartup)
 <LI><a href="#[75]">osRtxTimerTick</a> from rtx_timer.o(.text.osRtxTimerTick) referenced from rtx_timer.o(.text.osRtxTimerThread)
 <LI><a href="#[7a]">osThreadExit</a> from rtx_thread.o(.text.osThreadExit) referenced from rtx_thread.o(.text.svcRtxThreadNew)
 <LI><a href="#[69]">svcRtxKernelGetState</a> from rtx_kernel.o(.text.svcRtxKernelGetState) referenced from rtx_kernel.o(.text.osKernelGetState)
 <LI><a href="#[6a]">svcRtxKernelInitialize</a> from rtx_kernel.o(.text.svcRtxKernelInitialize) referenced from rtx_kernel.o(.text.osKernelInitialize)
 <LI><a href="#[6b]">svcRtxKernelStart</a> from rtx_kernel.o(.text.svcRtxKernelStart) referenced from rtx_kernel.o(.text.osKernelStart)
 <LI><a href="#[6c]">svcRtxMessageQueueGet</a> from rtx_msgqueue.o(.text.svcRtxMessageQueueGet) referenced from rtx_msgqueue.o(.text.osMessageQueueGet)
 <LI><a href="#[6d]">svcRtxMessageQueueNew</a> from rtx_msgqueue.o(.text.svcRtxMessageQueueNew) referenced from rtx_msgqueue.o(.text.osMessageQueueNew)
 <LI><a href="#[6e]">svcRtxMessageQueuePut</a> from rtx_msgqueue.o(.text.svcRtxMessageQueuePut) referenced from rtx_msgqueue.o(.text.osMessageQueuePut)
 <LI><a href="#[6f]">svcRtxMutexAcquire</a> from rtx_mutex.o(.text.svcRtxMutexAcquire) referenced from rtx_mutex.o(.text.osMutexAcquire)
 <LI><a href="#[70]">svcRtxMutexDelete</a> from rtx_mutex.o(.text.svcRtxMutexDelete) referenced from rtx_mutex.o(.text.osMutexDelete)
 <LI><a href="#[71]">svcRtxMutexNew</a> from rtx_mutex.o(.text.svcRtxMutexNew) referenced from rtx_mutex.o(.text.osMutexNew)
 <LI><a href="#[72]">svcRtxMutexRelease</a> from rtx_mutex.o(.text.svcRtxMutexRelease) referenced from rtx_mutex.o(.text.osMutexRelease)
 <LI><a href="#[76]">svcRtxThreadExit</a> from rtx_thread.o(.text.svcRtxThreadExit) referenced from rtx_thread.o(.text.osThreadExit)
 <LI><a href="#[77]">svcRtxThreadNew</a> from rtx_thread.o(.text.svcRtxThreadNew) referenced from rtx_thread.o(.text.osThreadNew)
</UL>
<P>
<H3>
Global Symbols
</H3>
<P><STRONG><a name="[82]"></a>__main</STRONG> (Thumb, 8 bytes, Stack size 0 bytes, __main.o(!!!main))
<BR><BR>[Calls]<UL><LI><a href="#[89]">&gt;&gt;</a>&nbsp;&nbsp;&nbsp;__rt_entry
<LI><a href="#[88]">&gt;&gt;</a>&nbsp;&nbsp;&nbsp;__scatterload
</UL>

<P><STRONG><a name="[88]"></a>__scatterload</STRONG> (Thumb, 0 bytes, Stack size unknown bytes, __scatter.o(!!!scatter))
<BR><BR>[Called By]<UL><LI><a href="#[82]">&gt;&gt;</a>&nbsp;&nbsp;&nbsp;__main
</UL>

<P><STRONG><a name="[8a]"></a>__scatterload_rt2</STRONG> (Thumb, 44 bytes, Stack size unknown bytes, __scatter.o(!!!scatter), UNUSED)
<BR><BR>[Calls]<UL><LI><a href="#[89]">&gt;&gt;</a>&nbsp;&nbsp;&nbsp;__rt_entry
</UL>

<P><STRONG><a name="[e5]"></a>__scatterload_rt2_thumb_only</STRONG> (Thumb, 0 bytes, Stack size unknown bytes, __scatter.o(!!!scatter), UNUSED)

<P><STRONG><a name="[e6]"></a>__scatterload_null</STRONG> (Thumb, 0 bytes, Stack size unknown bytes, __scatter.o(!!!scatter), UNUSED)

<P><STRONG><a name="[e7]"></a>__decompress</STRONG> (Thumb, 58 bytes, Stack size unknown bytes, __dczerorl.o(!!dczerorl), UNUSED)

<P><STRONG><a name="[e8]"></a>__decompress0</STRONG> (Thumb, 0 bytes, Stack size unknown bytes, __dczerorl.o(!!dczerorl), UNUSED)

<P><STRONG><a name="[e9]"></a>__scatterload_zeroinit</STRONG> (Thumb, 28 bytes, Stack size unknown bytes, __scatter_zi.o(!!handler_zi), UNUSED)

<P><STRONG><a name="[93]"></a>__rt_lib_init</STRONG> (Thumb, 0 bytes, Stack size unknown bytes, libinit.o(.ARM.Collect$$libinit$$00000000))
<BR><BR>[Called By]<UL><LI><a href="#[92]">&gt;&gt;</a>&nbsp;&nbsp;&nbsp;__rt_entry_li
</UL>

<P><STRONG><a name="[8b]"></a>__rt_lib_init_fp_1</STRONG> (Thumb, 0 bytes, Stack size unknown bytes, libinit2.o(.ARM.Collect$$libinit$$00000001))
<BR><BR>[Calls]<UL><LI><a href="#[8c]">&gt;&gt;</a>&nbsp;&nbsp;&nbsp;_fp_init
</UL>

<P><STRONG><a name="[ea]"></a>__rt_lib_init_alloca_1</STRONG> (Thumb, 0 bytes, Stack size unknown bytes, libinit2.o(.ARM.Collect$$libinit$$0000002E))

<P><STRONG><a name="[eb]"></a>__rt_lib_init_argv_1</STRONG> (Thumb, 0 bytes, Stack size unknown bytes, libinit2.o(.ARM.Collect$$libinit$$0000002C))

<P><STRONG><a name="[ec]"></a>__rt_lib_init_atexit_1</STRONG> (Thumb, 0 bytes, Stack size unknown bytes, libinit2.o(.ARM.Collect$$libinit$$0000001B))

<P><STRONG><a name="[ed]"></a>__rt_lib_init_clock_1</STRONG> (Thumb, 0 bytes, Stack size unknown bytes, libinit2.o(.ARM.Collect$$libinit$$00000021))

<P><STRONG><a name="[8d]"></a>__rt_lib_init_cpp_2</STRONG> (Thumb, 0 bytes, Stack size unknown bytes, libinit2.o(.ARM.Collect$$libinit$$00000031))
<BR><BR>[Stack]<UL><LI>Max Depth = 16 + Unknown Stack Size
<LI>Call Chain = __rt_lib_init_cpp_2 &rArr; __cpp_initialize__aeabi_
</UL>
<BR>[Calls]<UL><LI><a href="#[87]">&gt;&gt;</a>&nbsp;&nbsp;&nbsp;__cpp_initialize__aeabi_
</UL>

<P><STRONG><a name="[ee]"></a>__rt_lib_init_exceptions_1</STRONG> (Thumb, 0 bytes, Stack size unknown bytes, libinit2.o(.ARM.Collect$$libinit$$00000030))

<P><STRONG><a name="[ef]"></a>__rt_lib_init_fp_trap_1</STRONG> (Thumb, 0 bytes, Stack size unknown bytes, libinit2.o(.ARM.Collect$$libinit$$0000001F))

<P><STRONG><a name="[f0]"></a>__rt_lib_init_getenv_1</STRONG> (Thumb, 0 bytes, Stack size unknown bytes, libinit2.o(.ARM.Collect$$libinit$$00000023))

<P><STRONG><a name="[f1]"></a>__rt_lib_init_heap_1</STRONG> (Thumb, 0 bytes, Stack size unknown bytes, libinit2.o(.ARM.Collect$$libinit$$0000000A))

<P><STRONG><a name="[f2]"></a>__rt_lib_init_lc_collate_1</STRONG> (Thumb, 0 bytes, Stack size unknown bytes, libinit2.o(.ARM.Collect$$libinit$$00000011))

<P><STRONG><a name="[f3]"></a>__rt_lib_init_lc_ctype_1</STRONG> (Thumb, 0 bytes, Stack size unknown bytes, libinit2.o(.ARM.Collect$$libinit$$00000013))

<P><STRONG><a name="[f4]"></a>__rt_lib_init_lc_monetary_1</STRONG> (Thumb, 0 bytes, Stack size unknown bytes, libinit2.o(.ARM.Collect$$libinit$$00000015))

<P><STRONG><a name="[f5]"></a>__rt_lib_init_lc_numeric_1</STRONG> (Thumb, 0 bytes, Stack size unknown bytes, libinit2.o(.ARM.Collect$$libinit$$00000017))

<P><STRONG><a name="[f6]"></a>__rt_lib_init_lc_time_1</STRONG> (Thumb, 0 bytes, Stack size unknown bytes, libinit2.o(.ARM.Collect$$libinit$$00000019))

<P><STRONG><a name="[f7]"></a>__rt_lib_init_preinit_1</STRONG> (Thumb, 0 bytes, Stack size unknown bytes, libinit2.o(.ARM.Collect$$libinit$$00000004))

<P><STRONG><a name="[f8]"></a>__rt_lib_init_rand_1</STRONG> (Thumb, 0 bytes, Stack size unknown bytes, libinit2.o(.ARM.Collect$$libinit$$0000000E))

<P><STRONG><a name="[f9]"></a>__rt_lib_init_signal_1</STRONG> (Thumb, 0 bytes, Stack size unknown bytes, libinit2.o(.ARM.Collect$$libinit$$0000001D))

<P><STRONG><a name="[fa]"></a>__rt_lib_init_stdio_1</STRONG> (Thumb, 0 bytes, Stack size unknown bytes, libinit2.o(.ARM.Collect$$libinit$$00000025))

<P><STRONG><a name="[fb]"></a>__rt_lib_init_user_alloc_1</STRONG> (Thumb, 0 bytes, Stack size unknown bytes, libinit2.o(.ARM.Collect$$libinit$$0000000C))

<P><STRONG><a name="[fc]"></a>__rt_lib_init_cpp_1</STRONG> (Thumb, 0 bytes, Stack size unknown bytes, libinit2.o(.ARM.Collect$$libinit$$00000032))

<P><STRONG><a name="[fd]"></a>__rt_lib_init_return</STRONG> (Thumb, 0 bytes, Stack size unknown bytes, libinit2.o(.ARM.Collect$$libinit$$00000033))

<P><STRONG><a name="[98]"></a>__rt_lib_shutdown</STRONG> (Thumb, 0 bytes, Stack size unknown bytes, libshutdown.o(.ARM.Collect$$libshutdown$$00000000))
<BR><BR>[Called By]<UL><LI><a href="#[97]">&gt;&gt;</a>&nbsp;&nbsp;&nbsp;__rt_exit_ls
</UL>

<P><STRONG><a name="[fe]"></a>__rt_lib_shutdown_cpp_1</STRONG> (Thumb, 0 bytes, Stack size unknown bytes, libshutdown2.o(.ARM.Collect$$libshutdown$$00000002))

<P><STRONG><a name="[ff]"></a>__rt_lib_shutdown_fp_trap_1</STRONG> (Thumb, 0 bytes, Stack size unknown bytes, libshutdown2.o(.ARM.Collect$$libshutdown$$00000007))

<P><STRONG><a name="[100]"></a>__rt_lib_shutdown_heap_1</STRONG> (Thumb, 0 bytes, Stack size unknown bytes, libshutdown2.o(.ARM.Collect$$libshutdown$$0000000F))

<P><STRONG><a name="[101]"></a>__rt_lib_shutdown_return</STRONG> (Thumb, 0 bytes, Stack size unknown bytes, libshutdown2.o(.ARM.Collect$$libshutdown$$00000010))

<P><STRONG><a name="[102]"></a>__rt_lib_shutdown_signal_1</STRONG> (Thumb, 0 bytes, Stack size unknown bytes, libshutdown2.o(.ARM.Collect$$libshutdown$$0000000A))

<P><STRONG><a name="[103]"></a>__rt_lib_shutdown_stdio_1</STRONG> (Thumb, 0 bytes, Stack size unknown bytes, libshutdown2.o(.ARM.Collect$$libshutdown$$00000004))

<P><STRONG><a name="[104]"></a>__rt_lib_shutdown_user_alloc_1</STRONG> (Thumb, 0 bytes, Stack size unknown bytes, libshutdown2.o(.ARM.Collect$$libshutdown$$0000000C))

<P><STRONG><a name="[89]"></a>__rt_entry</STRONG> (Thumb, 0 bytes, Stack size unknown bytes, __rtentry.o(.ARM.Collect$$rtentry$$00000000))
<BR><BR>[Called By]<UL><LI><a href="#[82]">&gt;&gt;</a>&nbsp;&nbsp;&nbsp;__main
<LI><a href="#[8a]">&gt;&gt;</a>&nbsp;&nbsp;&nbsp;__scatterload_rt2
</UL>

<P><STRONG><a name="[105]"></a>__rt_entry_presh_1</STRONG> (Thumb, 0 bytes, Stack size unknown bytes, __rtentry2.o(.ARM.Collect$$rtentry$$00000002))

<P><STRONG><a name="[8e]"></a>__rt_entry_sh</STRONG> (Thumb, 0 bytes, Stack size unknown bytes, __rtentry4.o(.ARM.Collect$$rtentry$$00000004))
<BR><BR>[Stack]<UL><LI>Max Depth = 8 + Unknown Stack Size
<LI>Call Chain = __rt_entry_sh &rArr; __user_setup_stackheap
</UL>
<BR>[Calls]<UL><LI><a href="#[8f]">&gt;&gt;</a>&nbsp;&nbsp;&nbsp;__user_setup_stackheap
</UL>

<P><STRONG><a name="[90]"></a>__rt_entry_postsh_1</STRONG> (Thumb, 0 bytes, Stack size unknown bytes, __rtentry2.o(.ARM.Collect$$rtentry$$00000008))
<BR><BR>[Calls]<UL><LI><a href="#[91]">&gt;&gt;</a>&nbsp;&nbsp;&nbsp;_platform_post_stackheap_init
</UL>

<P><STRONG><a name="[92]"></a>__rt_entry_li</STRONG> (Thumb, 0 bytes, Stack size unknown bytes, __rtentry2.o(.ARM.Collect$$rtentry$$0000000A))
<BR><BR>[Calls]<UL><LI><a href="#[93]">&gt;&gt;</a>&nbsp;&nbsp;&nbsp;__rt_lib_init
</UL>

<P><STRONG><a name="[94]"></a>__rt_entry_main</STRONG> (Thumb, 0 bytes, Stack size unknown bytes, __rtentry2.o(.ARM.Collect$$rtentry$$0000000D))
<BR><BR>[Stack]<UL><LI>Max Depth = 20 + Unknown Stack Size
<LI>Call Chain = __rt_entry_main &rArr; main &rArr; Task::Task__sub_object(const char*, unsigned long long*, unsigned, osPriority_t)
</UL>
<BR>[Calls]<UL><LI><a href="#[95]">&gt;&gt;</a>&nbsp;&nbsp;&nbsp;main
<LI><a href="#[96]">&gt;&gt;</a>&nbsp;&nbsp;&nbsp;exit
</UL>

<P><STRONG><a name="[106]"></a>__rt_entry_postli_1</STRONG> (Thumb, 0 bytes, Stack size unknown bytes, __rtentry2.o(.ARM.Collect$$rtentry$$0000000C))

<P><STRONG><a name="[a7]"></a>__rt_exit</STRONG> (Thumb, 0 bytes, Stack size unknown bytes, rtexit.o(.ARM.Collect$$rtexit$$00000000))
<BR><BR>[Called By]<UL><LI><a href="#[96]">&gt;&gt;</a>&nbsp;&nbsp;&nbsp;exit
</UL>

<P><STRONG><a name="[97]"></a>__rt_exit_ls</STRONG> (Thumb, 0 bytes, Stack size unknown bytes, rtexit2.o(.ARM.Collect$$rtexit$$00000003))
<BR><BR>[Calls]<UL><LI><a href="#[98]">&gt;&gt;</a>&nbsp;&nbsp;&nbsp;__rt_lib_shutdown
</UL>

<P><STRONG><a name="[107]"></a>__rt_exit_prels_1</STRONG> (Thumb, 0 bytes, Stack size unknown bytes, rtexit2.o(.ARM.Collect$$rtexit$$00000002))

<P><STRONG><a name="[99]"></a>__rt_exit_exit</STRONG> (Thumb, 0 bytes, Stack size unknown bytes, rtexit2.o(.ARM.Collect$$rtexit$$00000004))
<BR><BR>[Calls]<UL><LI><a href="#[9a]">&gt;&gt;</a>&nbsp;&nbsp;&nbsp;_sys_exit
</UL>

<P><STRONG><a name="[b]"></a>Reset_Handler</STRONG> (Thumb, 8 bytes, Stack size 0 bytes, startup_stm32f40_41xxx.o(.text))
<BR>[Address Reference Count : 1]<UL><LI> startup_stm32f40_41xxx.o(RESET)
</UL>
<P><STRONG><a name="[c]"></a>NMI_Handler</STRONG> (Thumb, 2 bytes, Stack size 0 bytes, startup_stm32f40_41xxx.o(.text))
<BR><BR>[Calls]<UL><LI><a href="#[c]">&gt;&gt;</a>&nbsp;&nbsp;&nbsp;NMI_Handler
</UL>
<BR>[Called By]<UL><LI><a href="#[c]">&gt;&gt;</a>&nbsp;&nbsp;&nbsp;NMI_Handler
</UL>
<BR>[Address Reference Count : 1]<UL><LI> startup_stm32f40_41xxx.o(RESET)
</UL>
<P><STRONG><a name="[d]"></a>HardFault_Handler</STRONG> (Thumb, 2 bytes, Stack size 0 bytes, startup_stm32f40_41xxx.o(.text))
<BR><BR>[Calls]<UL><LI><a href="#[d]">&gt;&gt;</a>&nbsp;&nbsp;&nbsp;HardFault_Handler
</UL>
<BR>[Called By]<UL><LI><a href="#[d]">&gt;&gt;</a>&nbsp;&nbsp;&nbsp;HardFault_Handler
</UL>
<BR>[Address Reference Count : 1]<UL><LI> startup_stm32f40_41xxx.o(RESET)
</UL>
<P><STRONG><a name="[e]"></a>MemManage_Handler</STRONG> (Thumb, 2 bytes, Stack size 0 bytes, startup_stm32f40_41xxx.o(.text))
<BR><BR>[Calls]<UL><LI><a href="#[e]">&gt;&gt;</a>&nbsp;&nbsp;&nbsp;MemManage_Handler
</UL>
<BR>[Called By]<UL><LI><a href="#[e]">&gt;&gt;</a>&nbsp;&nbsp;&nbsp;MemManage_Handler
</UL>
<BR>[Address Reference Count : 1]<UL><LI> startup_stm32f40_41xxx.o(RESET)
</UL>
<P><STRONG><a name="[f]"></a>BusFault_Handler</STRONG> (Thumb, 2 bytes, Stack size 0 bytes, startup_stm32f40_41xxx.o(.text))
<BR><BR>[Calls]<UL><LI><a href="#[f]">&gt;&gt;</a>&nbsp;&nbsp;&nbsp;BusFault_Handler
</UL>
<BR>[Called By]<UL><LI><a href="#[f]">&gt;&gt;</a>&nbsp;&nbsp;&nbsp;BusFault_Handler
</UL>
<BR>[Address Reference Count : 1]<UL><LI> startup_stm32f40_41xxx.o(RESET)
</UL>
<P><STRONG><a name="[10]"></a>UsageFault_Handler</STRONG> (Thumb, 2 bytes, Stack size 0 bytes, startup_stm32f40_41xxx.o(.text))
<BR><BR>[Calls]<UL><LI><a href="#[10]">&gt;&gt;</a>&nbsp;&nbsp;&nbsp;UsageFault_Handler
</UL>
<BR>[Called By]<UL><LI><a href="#[10]">&gt;&gt;</a>&nbsp;&nbsp;&nbsp;UsageFault_Handler
</UL>
<BR>[Address Reference Count : 1]<UL><LI> startup_stm32f40_41xxx.o(RESET)
</UL>
<P><STRONG><a name="[12]"></a>DebugMon_Handler</STRONG> (Thumb, 2 bytes, Stack size 0 bytes, startup_stm32f40_41xxx.o(.text))
<BR><BR>[Calls]<UL><LI><a href="#[12]">&gt;&gt;</a>&nbsp;&nbsp;&nbsp;DebugMon_Handler
</UL>
<BR>[Called By]<UL><LI><a href="#[12]">&gt;&gt;</a>&nbsp;&nbsp;&nbsp;DebugMon_Handler
</UL>
<BR>[Address Reference Count : 1]<UL><LI> startup_stm32f40_41xxx.o(RESET)
</UL>
<P><STRONG><a name="[27]"></a>ADC_IRQHandler</STRONG> (Thumb, 0 bytes, Stack size 0 bytes, startup_stm32f40_41xxx.o(.text))
<BR><BR>[Calls]<UL><LI><a href="#[27]">&gt;&gt;</a>&nbsp;&nbsp;&nbsp;ADC_IRQHandler
</UL>
<BR>[Called By]<UL><LI><a href="#[27]">&gt;&gt;</a>&nbsp;&nbsp;&nbsp;ADC_IRQHandler
</UL>
<BR>[Address Reference Count : 1]<UL><LI> startup_stm32f40_41xxx.o(RESET)
</UL>
<P><STRONG><a name="[29]"></a>CAN1_RX0_IRQHandler</STRONG> (Thumb, 0 bytes, Stack size 0 bytes, startup_stm32f40_41xxx.o(.text))
<BR>[Address Reference Count : 1]<UL><LI> startup_stm32f40_41xxx.o(RESET)
</UL>
<P><STRONG><a name="[2a]"></a>CAN1_RX1_IRQHandler</STRONG> (Thumb, 0 bytes, Stack size 0 bytes, startup_stm32f40_41xxx.o(.text))
<BR>[Address Reference Count : 1]<UL><LI> startup_stm32f40_41xxx.o(RESET)
</UL>
<P><STRONG><a name="[2b]"></a>CAN1_SCE_IRQHandler</STRONG> (Thumb, 0 bytes, Stack size 0 bytes, startup_stm32f40_41xxx.o(.text))
<BR>[Address Reference Count : 1]<UL><LI> startup_stm32f40_41xxx.o(RESET)
</UL>
<P><STRONG><a name="[28]"></a>CAN1_TX_IRQHandler</STRONG> (Thumb, 0 bytes, Stack size 0 bytes, startup_stm32f40_41xxx.o(.text))
<BR>[Address Reference Count : 1]<UL><LI> startup_stm32f40_41xxx.o(RESET)
</UL>
<P><STRONG><a name="[55]"></a>CAN2_RX0_IRQHandler</STRONG> (Thumb, 0 bytes, Stack size 0 bytes, startup_stm32f40_41xxx.o(.text))
<BR>[Address Reference Count : 1]<UL><LI> startup_stm32f40_41xxx.o(RESET)
</UL>
<P><STRONG><a name="[56]"></a>CAN2_RX1_IRQHandler</STRONG> (Thumb, 0 bytes, Stack size 0 bytes, startup_stm32f40_41xxx.o(.text))
<BR>[Address Reference Count : 1]<UL><LI> startup_stm32f40_41xxx.o(RESET)
</UL>
<P><STRONG><a name="[57]"></a>CAN2_SCE_IRQHandler</STRONG> (Thumb, 0 bytes, Stack size 0 bytes, startup_stm32f40_41xxx.o(.text))
<BR>[Address Reference Count : 1]<UL><LI> startup_stm32f40_41xxx.o(RESET)
</UL>
<P><STRONG><a name="[54]"></a>CAN2_TX_IRQHandler</STRONG> (Thumb, 0 bytes, Stack size 0 bytes, startup_stm32f40_41xxx.o(.text))
<BR>[Address Reference Count : 1]<UL><LI> startup_stm32f40_41xxx.o(RESET)
</UL>
<P><STRONG><a name="[64]"></a>CRYP_IRQHandler</STRONG> (Thumb, 0 bytes, Stack size 0 bytes, startup_stm32f40_41xxx.o(.text))
<BR>[Address Reference Count : 1]<UL><LI> startup_stm32f40_41xxx.o(RESET)
</UL>
<P><STRONG><a name="[63]"></a>DCMI_IRQHandler</STRONG> (Thumb, 0 bytes, Stack size 0 bytes, startup_stm32f40_41xxx.o(.text))
<BR>[Address Reference Count : 1]<UL><LI> startup_stm32f40_41xxx.o(RESET)
</UL>
<P><STRONG><a name="[20]"></a>DMA1_Stream0_IRQHandler</STRONG> (Thumb, 0 bytes, Stack size 0 bytes, startup_stm32f40_41xxx.o(.text))
<BR>[Address Reference Count : 1]<UL><LI> startup_stm32f40_41xxx.o(RESET)
</UL>
<P><STRONG><a name="[21]"></a>DMA1_Stream1_IRQHandler</STRONG> (Thumb, 0 bytes, Stack size 0 bytes, startup_stm32f40_41xxx.o(.text))
<BR>[Address Reference Count : 1]<UL><LI> startup_stm32f40_41xxx.o(RESET)
</UL>
<P><STRONG><a name="[22]"></a>DMA1_Stream2_IRQHandler</STRONG> (Thumb, 0 bytes, Stack size 0 bytes, startup_stm32f40_41xxx.o(.text))
<BR>[Address Reference Count : 1]<UL><LI> startup_stm32f40_41xxx.o(RESET)
</UL>
<P><STRONG><a name="[23]"></a>DMA1_Stream3_IRQHandler</STRONG> (Thumb, 0 bytes, Stack size 0 bytes, startup_stm32f40_41xxx.o(.text))
<BR>[Address Reference Count : 1]<UL><LI> startup_stm32f40_41xxx.o(RESET)
</UL>
<P><STRONG><a name="[24]"></a>DMA1_Stream4_IRQHandler</STRONG> (Thumb, 0 bytes, Stack size 0 bytes, startup_stm32f40_41xxx.o(.text))
<BR>[Address Reference Count : 1]<UL><LI> startup_stm32f40_41xxx.o(RESET)
</UL>
<P><STRONG><a name="[25]"></a>DMA1_Stream5_IRQHandler</STRONG> (Thumb, 0 bytes, Stack size 0 bytes, startup_stm32f40_41xxx.o(.text))
<BR>[Address Reference Count : 1]<UL><LI> startup_stm32f40_41xxx.o(RESET)
</UL>
<P><STRONG><a name="[26]"></a>DMA1_Stream6_IRQHandler</STRONG> (Thumb, 0 bytes, Stack size 0 bytes, startup_stm32f40_41xxx.o(.text))
<BR>[Address Reference Count : 1]<UL><LI> startup_stm32f40_41xxx.o(RESET)
</UL>
<P><STRONG><a name="[44]"></a>DMA1_Stream7_IRQHandler</STRONG> (Thumb, 0 bytes, Stack size 0 bytes, startup_stm32f40_41xxx.o(.text))
<BR>[Address Reference Count : 1]<UL><LI> startup_stm32f40_41xxx.o(RESET)
</UL>
<P><STRONG><a name="[4d]"></a>DMA2_Stream0_IRQHandler</STRONG> (Thumb, 0 bytes, Stack size 0 bytes, startup_stm32f40_41xxx.o(.text))
<BR>[Address Reference Count : 1]<UL><LI> startup_stm32f40_41xxx.o(RESET)
</UL>
<P><STRONG><a name="[4e]"></a>DMA2_Stream1_IRQHandler</STRONG> (Thumb, 0 bytes, Stack size 0 bytes, startup_stm32f40_41xxx.o(.text))
<BR>[Address Reference Count : 1]<UL><LI> startup_stm32f40_41xxx.o(RESET)
</UL>
<P><STRONG><a name="[4f]"></a>DMA2_Stream2_IRQHandler</STRONG> (Thumb, 0 bytes, Stack size 0 bytes, startup_stm32f40_41xxx.o(.text))
<BR>[Address Reference Count : 1]<UL><LI> startup_stm32f40_41xxx.o(RESET)
</UL>
<P><STRONG><a name="[50]"></a>DMA2_Stream3_IRQHandler</STRONG> (Thumb, 0 bytes, Stack size 0 bytes, startup_stm32f40_41xxx.o(.text))
<BR>[Address Reference Count : 1]<UL><LI> startup_stm32f40_41xxx.o(RESET)
</UL>
<P><STRONG><a name="[51]"></a>DMA2_Stream4_IRQHandler</STRONG> (Thumb, 0 bytes, Stack size 0 bytes, startup_stm32f40_41xxx.o(.text))
<BR>[Address Reference Count : 1]<UL><LI> startup_stm32f40_41xxx.o(RESET)
</UL>
<P><STRONG><a name="[59]"></a>DMA2_Stream5_IRQHandler</STRONG> (Thumb, 0 bytes, Stack size 0 bytes, startup_stm32f40_41xxx.o(.text))
<BR>[Address Reference Count : 1]<UL><LI> startup_stm32f40_41xxx.o(RESET)
</UL>
<P><STRONG><a name="[5a]"></a>DMA2_Stream6_IRQHandler</STRONG> (Thumb, 0 bytes, Stack size 0 bytes, startup_stm32f40_41xxx.o(.text))
<BR>[Address Reference Count : 1]<UL><LI> startup_stm32f40_41xxx.o(RESET)
</UL>
<P><STRONG><a name="[5b]"></a>DMA2_Stream7_IRQHandler</STRONG> (Thumb, 0 bytes, Stack size 0 bytes, startup_stm32f40_41xxx.o(.text))
<BR>[Address Reference Count : 1]<UL><LI> startup_stm32f40_41xxx.o(RESET)
</UL>
<P><STRONG><a name="[52]"></a>ETH_IRQHandler</STRONG> (Thumb, 0 bytes, Stack size 0 bytes, startup_stm32f40_41xxx.o(.text))
<BR>[Address Reference Count : 1]<UL><LI> startup_stm32f40_41xxx.o(RESET)
</UL>
<P><STRONG><a name="[53]"></a>ETH_WKUP_IRQHandler</STRONG> (Thumb, 0 bytes, Stack size 0 bytes, startup_stm32f40_41xxx.o(.text))
<BR>[Address Reference Count : 1]<UL><LI> startup_stm32f40_41xxx.o(RESET)
</UL>
<P><STRONG><a name="[1b]"></a>EXTI0_IRQHandler</STRONG> (Thumb, 0 bytes, Stack size 0 bytes, startup_stm32f40_41xxx.o(.text))
<BR>[Address Reference Count : 1]<UL><LI> startup_stm32f40_41xxx.o(RESET)
</UL>
<P><STRONG><a name="[3d]"></a>EXTI15_10_IRQHandler</STRONG> (Thumb, 0 bytes, Stack size 0 bytes, startup_stm32f40_41xxx.o(.text))
<BR>[Address Reference Count : 1]<UL><LI> startup_stm32f40_41xxx.o(RESET)
</UL>
<P><STRONG><a name="[1c]"></a>EXTI1_IRQHandler</STRONG> (Thumb, 0 bytes, Stack size 0 bytes, startup_stm32f40_41xxx.o(.text))
<BR>[Address Reference Count : 1]<UL><LI> startup_stm32f40_41xxx.o(RESET)
</UL>
<P><STRONG><a name="[1d]"></a>EXTI2_IRQHandler</STRONG> (Thumb, 0 bytes, Stack size 0 bytes, startup_stm32f40_41xxx.o(.text))
<BR>[Address Reference Count : 1]<UL><LI> startup_stm32f40_41xxx.o(RESET)
</UL>
<P><STRONG><a name="[1e]"></a>EXTI3_IRQHandler</STRONG> (Thumb, 0 bytes, Stack size 0 bytes, startup_stm32f40_41xxx.o(.text))
<BR>[Address Reference Count : 1]<UL><LI> startup_stm32f40_41xxx.o(RESET)
</UL>
<P><STRONG><a name="[1f]"></a>EXTI4_IRQHandler</STRONG> (Thumb, 0 bytes, Stack size 0 bytes, startup_stm32f40_41xxx.o(.text))
<BR>[Address Reference Count : 1]<UL><LI> startup_stm32f40_41xxx.o(RESET)
</UL>
<P><STRONG><a name="[2c]"></a>EXTI9_5_IRQHandler</STRONG> (Thumb, 0 bytes, Stack size 0 bytes, startup_stm32f40_41xxx.o(.text))
<BR>[Address Reference Count : 1]<UL><LI> startup_stm32f40_41xxx.o(RESET)
</UL>
<P><STRONG><a name="[19]"></a>FLASH_IRQHandler</STRONG> (Thumb, 0 bytes, Stack size 0 bytes, startup_stm32f40_41xxx.o(.text))
<BR>[Address Reference Count : 1]<UL><LI> startup_stm32f40_41xxx.o(RESET)
</UL>
<P><STRONG><a name="[66]"></a>FPU_IRQHandler</STRONG> (Thumb, 0 bytes, Stack size 0 bytes, startup_stm32f40_41xxx.o(.text))
<BR>[Address Reference Count : 1]<UL><LI> startup_stm32f40_41xxx.o(RESET)
</UL>
<P><STRONG><a name="[45]"></a>FSMC_IRQHandler</STRONG> (Thumb, 0 bytes, Stack size 0 bytes, startup_stm32f40_41xxx.o(.text))
<BR>[Address Reference Count : 1]<UL><LI> startup_stm32f40_41xxx.o(RESET)
</UL>
<P><STRONG><a name="[65]"></a>HASH_RNG_IRQHandler</STRONG> (Thumb, 0 bytes, Stack size 0 bytes, startup_stm32f40_41xxx.o(.text))
<BR>[Address Reference Count : 1]<UL><LI> startup_stm32f40_41xxx.o(RESET)
</UL>
<P><STRONG><a name="[35]"></a>I2C1_ER_IRQHandler</STRONG> (Thumb, 0 bytes, Stack size 0 bytes, startup_stm32f40_41xxx.o(.text))
<BR>[Address Reference Count : 1]<UL><LI> startup_stm32f40_41xxx.o(RESET)
</UL>
<P><STRONG><a name="[34]"></a>I2C1_EV_IRQHandler</STRONG> (Thumb, 0 bytes, Stack size 0 bytes, startup_stm32f40_41xxx.o(.text))
<BR>[Address Reference Count : 1]<UL><LI> startup_stm32f40_41xxx.o(RESET)
</UL>
<P><STRONG><a name="[37]"></a>I2C2_ER_IRQHandler</STRONG> (Thumb, 0 bytes, Stack size 0 bytes, startup_stm32f40_41xxx.o(.text))
<BR>[Address Reference Count : 1]<UL><LI> startup_stm32f40_41xxx.o(RESET)
</UL>
<P><STRONG><a name="[36]"></a>I2C2_EV_IRQHandler</STRONG> (Thumb, 0 bytes, Stack size 0 bytes, startup_stm32f40_41xxx.o(.text))
<BR>[Address Reference Count : 1]<UL><LI> startup_stm32f40_41xxx.o(RESET)
</UL>
<P><STRONG><a name="[5e]"></a>I2C3_ER_IRQHandler</STRONG> (Thumb, 0 bytes, Stack size 0 bytes, startup_stm32f40_41xxx.o(.text))
<BR>[Address Reference Count : 1]<UL><LI> startup_stm32f40_41xxx.o(RESET)
</UL>
<P><STRONG><a name="[5d]"></a>I2C3_EV_IRQHandler</STRONG> (Thumb, 0 bytes, Stack size 0 bytes, startup_stm32f40_41xxx.o(.text))
<BR>[Address Reference Count : 1]<UL><LI> startup_stm32f40_41xxx.o(RESET)
</UL>
<P><STRONG><a name="[58]"></a>OTG_FS_IRQHandler</STRONG> (Thumb, 0 bytes, Stack size 0 bytes, startup_stm32f40_41xxx.o(.text))
<BR>[Address Reference Count : 1]<UL><LI> startup_stm32f40_41xxx.o(RESET)
</UL>
<P><STRONG><a name="[3f]"></a>OTG_FS_WKUP_IRQHandler</STRONG> (Thumb, 0 bytes, Stack size 0 bytes, startup_stm32f40_41xxx.o(.text))
<BR>[Address Reference Count : 1]<UL><LI> startup_stm32f40_41xxx.o(RESET)
</UL>
<P><STRONG><a name="[60]"></a>OTG_HS_EP1_IN_IRQHandler</STRONG> (Thumb, 0 bytes, Stack size 0 bytes, startup_stm32f40_41xxx.o(.text))
<BR>[Address Reference Count : 1]<UL><LI> startup_stm32f40_41xxx.o(RESET)
</UL>
<P><STRONG><a name="[5f]"></a>OTG_HS_EP1_OUT_IRQHandler</STRONG> (Thumb, 0 bytes, Stack size 0 bytes, startup_stm32f40_41xxx.o(.text))
<BR>[Address Reference Count : 1]<UL><LI> startup_stm32f40_41xxx.o(RESET)
</UL>
<P><STRONG><a name="[62]"></a>OTG_HS_IRQHandler</STRONG> (Thumb, 0 bytes, Stack size 0 bytes, startup_stm32f40_41xxx.o(.text))
<BR>[Address Reference Count : 1]<UL><LI> startup_stm32f40_41xxx.o(RESET)
</UL>
<P><STRONG><a name="[61]"></a>OTG_HS_WKUP_IRQHandler</STRONG> (Thumb, 0 bytes, Stack size 0 bytes, startup_stm32f40_41xxx.o(.text))
<BR>[Address Reference Count : 1]<UL><LI> startup_stm32f40_41xxx.o(RESET)
</UL>
<P><STRONG><a name="[16]"></a>PVD_IRQHandler</STRONG> (Thumb, 0 bytes, Stack size 0 bytes, startup_stm32f40_41xxx.o(.text))
<BR>[Address Reference Count : 1]<UL><LI> startup_stm32f40_41xxx.o(RESET)
</UL>
<P><STRONG><a name="[1a]"></a>RCC_IRQHandler</STRONG> (Thumb, 0 bytes, Stack size 0 bytes, startup_stm32f40_41xxx.o(.text))
<BR>[Address Reference Count : 1]<UL><LI> startup_stm32f40_41xxx.o(RESET)
</UL>
<P><STRONG><a name="[3e]"></a>RTC_Alarm_IRQHandler</STRONG> (Thumb, 0 bytes, Stack size 0 bytes, startup_stm32f40_41xxx.o(.text))
<BR>[Address Reference Count : 1]<UL><LI> startup_stm32f40_41xxx.o(RESET)
</UL>
<P><STRONG><a name="[18]"></a>RTC_WKUP_IRQHandler</STRONG> (Thumb, 0 bytes, Stack size 0 bytes, startup_stm32f40_41xxx.o(.text))
<BR>[Address Reference Count : 1]<UL><LI> startup_stm32f40_41xxx.o(RESET)
</UL>
<P><STRONG><a name="[46]"></a>SDIO_IRQHandler</STRONG> (Thumb, 0 bytes, Stack size 0 bytes, startup_stm32f40_41xxx.o(.text))
<BR>[Address Reference Count : 1]<UL><LI> startup_stm32f40_41xxx.o(RESET)
</UL>
<P><STRONG><a name="[38]"></a>SPI1_IRQHandler</STRONG> (Thumb, 0 bytes, Stack size 0 bytes, startup_stm32f40_41xxx.o(.text))
<BR>[Address Reference Count : 1]<UL><LI> startup_stm32f40_41xxx.o(RESET)
</UL>
<P><STRONG><a name="[39]"></a>SPI2_IRQHandler</STRONG> (Thumb, 0 bytes, Stack size 0 bytes, startup_stm32f40_41xxx.o(.text))
<BR>[Address Reference Count : 1]<UL><LI> startup_stm32f40_41xxx.o(RESET)
</UL>
<P><STRONG><a name="[48]"></a>SPI3_IRQHandler</STRONG> (Thumb, 0 bytes, Stack size 0 bytes, startup_stm32f40_41xxx.o(.text))
<BR>[Address Reference Count : 1]<UL><LI> startup_stm32f40_41xxx.o(RESET)
</UL>
<P><STRONG><a name="[17]"></a>TAMP_STAMP_IRQHandler</STRONG> (Thumb, 0 bytes, Stack size 0 bytes, startup_stm32f40_41xxx.o(.text))
<BR>[Address Reference Count : 1]<UL><LI> startup_stm32f40_41xxx.o(RESET)
</UL>
<P><STRONG><a name="[2d]"></a>TIM1_BRK_TIM9_IRQHandler</STRONG> (Thumb, 0 bytes, Stack size 0 bytes, startup_stm32f40_41xxx.o(.text))
<BR>[Address Reference Count : 1]<UL><LI> startup_stm32f40_41xxx.o(RESET)
</UL>
<P><STRONG><a name="[30]"></a>TIM1_CC_IRQHandler</STRONG> (Thumb, 0 bytes, Stack size 0 bytes, startup_stm32f40_41xxx.o(.text))
<BR>[Address Reference Count : 1]<UL><LI> startup_stm32f40_41xxx.o(RESET)
</UL>
<P><STRONG><a name="[2f]"></a>TIM1_TRG_COM_TIM11_IRQHandler</STRONG> (Thumb, 0 bytes, Stack size 0 bytes, startup_stm32f40_41xxx.o(.text))
<BR>[Address Reference Count : 1]<UL><LI> startup_stm32f40_41xxx.o(RESET)
</UL>
<P><STRONG><a name="[2e]"></a>TIM1_UP_TIM10_IRQHandler</STRONG> (Thumb, 0 bytes, Stack size 0 bytes, startup_stm32f40_41xxx.o(.text))
<BR>[Address Reference Count : 1]<UL><LI> startup_stm32f40_41xxx.o(RESET)
</UL>
<P><STRONG><a name="[31]"></a>TIM2_IRQHandler</STRONG> (Thumb, 0 bytes, Stack size 0 bytes, startup_stm32f40_41xxx.o(.text))
<BR>[Address Reference Count : 1]<UL><LI> startup_stm32f40_41xxx.o(RESET)
</UL>
<P><STRONG><a name="[32]"></a>TIM3_IRQHandler</STRONG> (Thumb, 0 bytes, Stack size 0 bytes, startup_stm32f40_41xxx.o(.text))
<BR>[Address Reference Count : 1]<UL><LI> startup_stm32f40_41xxx.o(RESET)
</UL>
<P><STRONG><a name="[33]"></a>TIM4_IRQHandler</STRONG> (Thumb, 0 bytes, Stack size 0 bytes, startup_stm32f40_41xxx.o(.text))
<BR>[Address Reference Count : 1]<UL><LI> startup_stm32f40_41xxx.o(RESET)
</UL>
<P><STRONG><a name="[47]"></a>TIM5_IRQHandler</STRONG> (Thumb, 0 bytes, Stack size 0 bytes, startup_stm32f40_41xxx.o(.text))
<BR>[Address Reference Count : 1]<UL><LI> startup_stm32f40_41xxx.o(RESET)
</UL>
<P><STRONG><a name="[4b]"></a>TIM6_DAC_IRQHandler</STRONG> (Thumb, 0 bytes, Stack size 0 bytes, startup_stm32f40_41xxx.o(.text))
<BR>[Address Reference Count : 1]<UL><LI> startup_stm32f40_41xxx.o(RESET)
</UL>
<P><STRONG><a name="[4c]"></a>TIM7_IRQHandler</STRONG> (Thumb, 0 bytes, Stack size 0 bytes, startup_stm32f40_41xxx.o(.text))
<BR>[Address Reference Count : 1]<UL><LI> startup_stm32f40_41xxx.o(RESET)
</UL>
<P><STRONG><a name="[40]"></a>TIM8_BRK_TIM12_IRQHandler</STRONG> (Thumb, 0 bytes, Stack size 0 bytes, startup_stm32f40_41xxx.o(.text))
<BR>[Address Reference Count : 1]<UL><LI> startup_stm32f40_41xxx.o(RESET)
</UL>
<P><STRONG><a name="[43]"></a>TIM8_CC_IRQHandler</STRONG> (Thumb, 0 bytes, Stack size 0 bytes, startup_stm32f40_41xxx.o(.text))
<BR>[Address Reference Count : 1]<UL><LI> startup_stm32f40_41xxx.o(RESET)
</UL>
<P><STRONG><a name="[42]"></a>TIM8_TRG_COM_TIM14_IRQHandler</STRONG> (Thumb, 0 bytes, Stack size 0 bytes, startup_stm32f40_41xxx.o(.text))
<BR>[Address Reference Count : 1]<UL><LI> startup_stm32f40_41xxx.o(RESET)
</UL>
<P><STRONG><a name="[41]"></a>TIM8_UP_TIM13_IRQHandler</STRONG> (Thumb, 0 bytes, Stack size 0 bytes, startup_stm32f40_41xxx.o(.text))
<BR>[Address Reference Count : 1]<UL><LI> startup_stm32f40_41xxx.o(RESET)
</UL>
<P><STRONG><a name="[49]"></a>UART4_IRQHandler</STRONG> (Thumb, 0 bytes, Stack size 0 bytes, startup_stm32f40_41xxx.o(.text))
<BR>[Address Reference Count : 1]<UL><LI> startup_stm32f40_41xxx.o(RESET)
</UL>
<P><STRONG><a name="[4a]"></a>UART5_IRQHandler</STRONG> (Thumb, 0 bytes, Stack size 0 bytes, startup_stm32f40_41xxx.o(.text))
<BR>[Address Reference Count : 1]<UL><LI> startup_stm32f40_41xxx.o(RESET)
</UL>
<P><STRONG><a name="[3a]"></a>USART1_IRQHandler</STRONG> (Thumb, 0 bytes, Stack size 0 bytes, startup_stm32f40_41xxx.o(.text))
<BR>[Address Reference Count : 1]<UL><LI> startup_stm32f40_41xxx.o(RESET)
</UL>
<P><STRONG><a name="[5c]"></a>USART6_IRQHandler</STRONG> (Thumb, 0 bytes, Stack size 0 bytes, startup_stm32f40_41xxx.o(.text))
<BR>[Address Reference Count : 1]<UL><LI> startup_stm32f40_41xxx.o(RESET)
</UL>
<P><STRONG><a name="[15]"></a>WWDG_IRQHandler</STRONG> (Thumb, 0 bytes, Stack size 0 bytes, startup_stm32f40_41xxx.o(.text))
<BR>[Address Reference Count : 1]<UL><LI> startup_stm32f40_41xxx.o(RESET)
</UL>
<P><STRONG><a name="[a6]"></a>__user_initial_stackheap</STRONG> (Thumb, 0 bytes, Stack size unknown bytes, startup_stm32f40_41xxx.o(.text))
<BR><BR>[Called By]<UL><LI><a href="#[8f]">&gt;&gt;</a>&nbsp;&nbsp;&nbsp;__user_setup_stackheap
</UL>

<P><STRONG><a name="[11]"></a>SVC_Handler</STRONG> (Thumb, 152 bytes, Stack size 0 bytes, irq_cm4f.o(.text))
<BR>[Address Reference Count : 1]<UL><LI> startup_stm32f40_41xxx.o(RESET)
</UL>
<P><STRONG><a name="[13]"></a>PendSV_Handler</STRONG> (Thumb, 16 bytes, Stack size 0 bytes, irq_cm4f.o(.text))
<BR><BR>[Stack]<UL><LI>Max Depth = 40<LI>Call Chain = PendSV_Handler &rArr; osRtxPendSV_Handler &rArr; osRtxThreadDispatch
</UL>
<BR>[Calls]<UL><LI><a href="#[9b]">&gt;&gt;</a>&nbsp;&nbsp;&nbsp;osRtxPendSV_Handler
</UL>
<BR>[Address Reference Count : 1]<UL><LI> startup_stm32f40_41xxx.o(RESET)
</UL>
<P><STRONG><a name="[14]"></a>SysTick_Handler</STRONG> (Thumb, 16 bytes, Stack size 0 bytes, irq_cm4f.o(.text))
<BR><BR>[Stack]<UL><LI>Max Depth = 32<LI>Call Chain = SysTick_Handler &rArr; osRtxTick_Handler &rArr; osRtxThreadDispatch
</UL>
<BR>[Calls]<UL><LI><a href="#[9c]">&gt;&gt;</a>&nbsp;&nbsp;&nbsp;osRtxTick_Handler
</UL>
<BR>[Address Reference Count : 2]<UL><LI> startup_stm32f40_41xxx.o(RESET)
<LI> rtx_kernel.o(.text.svcRtxKernelStart)
</UL>
<P><STRONG><a name="[ab]"></a>__aeabi_memcpy</STRONG> (Thumb, 0 bytes, Stack size 0 bytes, rt_memcpy_v6.o(.text))
<BR><BR>[Called By]<UL><LI><a href="#[ad]">&gt;&gt;</a>&nbsp;&nbsp;&nbsp;osMessageQueuePut
<LI><a href="#[a9]">&gt;&gt;</a>&nbsp;&nbsp;&nbsp;osMessageQueueGet
<LI><a href="#[6e]">&gt;&gt;</a>&nbsp;&nbsp;&nbsp;svcRtxMessageQueuePut
<LI><a href="#[6c]">&gt;&gt;</a>&nbsp;&nbsp;&nbsp;svcRtxMessageQueueGet
<LI><a href="#[79]">&gt;&gt;</a>&nbsp;&nbsp;&nbsp;osRtxMessageQueuePostProcess
</UL>

<P><STRONG><a name="[9d]"></a>__rt_memcpy</STRONG> (Thumb, 138 bytes, Stack size 0 bytes, rt_memcpy_v6.o(.text), UNUSED)
<BR><BR>[Calls]<UL><LI><a href="#[9e]">&gt;&gt;</a>&nbsp;&nbsp;&nbsp;__aeabi_memcpy4
</UL>

<P><STRONG><a name="[108]"></a>_memcpy_lastbytes</STRONG> (Thumb, 0 bytes, Stack size unknown bytes, rt_memcpy_v6.o(.text), UNUSED)

<P><STRONG><a name="[d0]"></a>__aeabi_memclr</STRONG> (Thumb, 0 bytes, Stack size 0 bytes, rt_memclr.o(.text))
<BR><BR>[Called By]<UL><LI><a href="#[6d]">&gt;&gt;</a>&nbsp;&nbsp;&nbsp;svcRtxMessageQueueNew
</UL>

<P><STRONG><a name="[9f]"></a>__rt_memclr</STRONG> (Thumb, 68 bytes, Stack size 0 bytes, rt_memclr.o(.text), UNUSED)
<BR><BR>[Calls]<UL><LI><a href="#[a0]">&gt;&gt;</a>&nbsp;&nbsp;&nbsp;_memset_w
</UL>

<P><STRONG><a name="[109]"></a>_memset</STRONG> (Thumb, 0 bytes, Stack size unknown bytes, rt_memclr.o(.text), UNUSED)

<P><STRONG><a name="[ca]"></a>__aeabi_memclr4</STRONG> (Thumb, 0 bytes, Stack size 4 bytes, rt_memclr_w.o(.text))
<BR><BR>[Stack]<UL><LI>Max Depth = 4<LI>Call Chain = __aeabi_memclr4
</UL>
<BR>[Called By]<UL><LI><a href="#[77]">&gt;&gt;</a>&nbsp;&nbsp;&nbsp;svcRtxThreadNew
<LI><a href="#[6a]">&gt;&gt;</a>&nbsp;&nbsp;&nbsp;svcRtxKernelInitialize
<LI><a href="#[71]">&gt;&gt;</a>&nbsp;&nbsp;&nbsp;svcRtxMutexNew
</UL>

<P><STRONG><a name="[10a]"></a>__aeabi_memclr8</STRONG> (Thumb, 0 bytes, Stack size 4 bytes, rt_memclr_w.o(.text), UNUSED)

<P><STRONG><a name="[10b]"></a>__rt_memclr_w</STRONG> (Thumb, 78 bytes, Stack size 4 bytes, rt_memclr_w.o(.text), UNUSED)

<P><STRONG><a name="[a0]"></a>_memset_w</STRONG> (Thumb, 0 bytes, Stack size unknown bytes, rt_memclr_w.o(.text), UNUSED)
<BR><BR>[Called By]<UL><LI><a href="#[9f]">&gt;&gt;</a>&nbsp;&nbsp;&nbsp;__rt_memclr
</UL>

<P><STRONG><a name="[10c]"></a>__use_two_region_memory</STRONG> (Thumb, 2 bytes, Stack size 0 bytes, heapauxi.o(.text), UNUSED)

<P><STRONG><a name="[7]"></a>__rt_heap_escrow</STRONG> (Thumb, 2 bytes, Stack size 0 bytes, heapauxi.o(.text), UNUSED)

<P><STRONG><a name="[6]"></a>__rt_heap_expand</STRONG> (Thumb, 2 bytes, Stack size 0 bytes, heapauxi.o(.text), UNUSED)

<P><STRONG><a name="[87]"></a>__cpp_initialize__aeabi_</STRONG> (Thumb, 26 bytes, Stack size 16 bytes, init_aeabi.o(.text))
<BR><BR>[Stack]<UL><LI>Max Depth = 16<LI>Call Chain = __cpp_initialize__aeabi_
</UL>
<BR>[Called By]<UL><LI><a href="#[8d]">&gt;&gt;</a>&nbsp;&nbsp;&nbsp;__rt_lib_init_cpp_2
</UL>

<P><STRONG><a name="[a1]"></a>__rt_SIGPVFN</STRONG> (Thumb, 14 bytes, Stack size 8 bytes, defsig_pvfn_outer.o(.text))
<BR><BR>[Stack]<UL><LI>Max Depth = 40<LI>Call Chain = __rt_SIGPVFN &rArr; __rt_SIGPVFN_inner &rArr; __default_signal_display &rArr; _ttywrch
</UL>
<BR>[Calls]<UL><LI><a href="#[a2]">&gt;&gt;</a>&nbsp;&nbsp;&nbsp;__rt_SIGPVFN_inner
<LI><a href="#[a3]">&gt;&gt;</a>&nbsp;&nbsp;&nbsp;__sig_exit
</UL>
<BR>[Called By]<UL><LI><a href="#[7e]">&gt;&gt;</a>&nbsp;&nbsp;&nbsp;__cxa_pure_virtual
</UL>

<P><STRONG><a name="[9e]"></a>__aeabi_memcpy4</STRONG> (Thumb, 0 bytes, Stack size 8 bytes, rt_memcpy_w.o(.text), UNUSED)
<BR><BR>[Called By]<UL><LI><a href="#[9d]">&gt;&gt;</a>&nbsp;&nbsp;&nbsp;__rt_memcpy
</UL>

<P><STRONG><a name="[10d]"></a>__aeabi_memcpy8</STRONG> (Thumb, 0 bytes, Stack size 8 bytes, rt_memcpy_w.o(.text), UNUSED)

<P><STRONG><a name="[10e]"></a>__rt_memcpy_w</STRONG> (Thumb, 100 bytes, Stack size 8 bytes, rt_memcpy_w.o(.text), UNUSED)

<P><STRONG><a name="[10f]"></a>_memcpy_lastbytes_aligned</STRONG> (Thumb, 0 bytes, Stack size unknown bytes, rt_memcpy_w.o(.text), UNUSED)

<P><STRONG><a name="[a3]"></a>__sig_exit</STRONG> (Thumb, 10 bytes, Stack size 0 bytes, defsig_exit.o(.text))
<BR><BR>[Calls]<UL><LI><a href="#[9a]">&gt;&gt;</a>&nbsp;&nbsp;&nbsp;_sys_exit
</UL>
<BR>[Called By]<UL><LI><a href="#[a1]">&gt;&gt;</a>&nbsp;&nbsp;&nbsp;__rt_SIGPVFN
</UL>

<P><STRONG><a name="[a2]"></a>__rt_SIGPVFN_inner</STRONG> (Thumb, 14 bytes, Stack size 8 bytes, defsig_pvfn_inner.o(.text))
<BR><BR>[Stack]<UL><LI>Max Depth = 32<LI>Call Chain = __rt_SIGPVFN_inner &rArr; __default_signal_display &rArr; _ttywrch
</UL>
<BR>[Calls]<UL><LI><a href="#[a4]">&gt;&gt;</a>&nbsp;&nbsp;&nbsp;__default_signal_display
</UL>
<BR>[Called By]<UL><LI><a href="#[a1]">&gt;&gt;</a>&nbsp;&nbsp;&nbsp;__rt_SIGPVFN
</UL>

<P><STRONG><a name="[9a]"></a>_sys_exit</STRONG> (Thumb, 8 bytes, Stack size 0 bytes, sys_exit.o(.text))
<BR><BR>[Called By]<UL><LI><a href="#[99]">&gt;&gt;</a>&nbsp;&nbsp;&nbsp;__rt_exit_exit
<LI><a href="#[a3]">&gt;&gt;</a>&nbsp;&nbsp;&nbsp;__sig_exit
</UL>

<P><STRONG><a name="[8f]"></a>__user_setup_stackheap</STRONG> (Thumb, 74 bytes, Stack size 8 bytes, sys_stackheap_outer.o(.text))
<BR><BR>[Stack]<UL><LI>Max Depth = 8 + Unknown Stack Size
<LI>Call Chain = __user_setup_stackheap
</UL>
<BR>[Calls]<UL><LI><a href="#[a6]">&gt;&gt;</a>&nbsp;&nbsp;&nbsp;__user_initial_stackheap
<LI><a href="#[a5]">&gt;&gt;</a>&nbsp;&nbsp;&nbsp;__user_perproc_libspace
</UL>
<BR>[Called By]<UL><LI><a href="#[8e]">&gt;&gt;</a>&nbsp;&nbsp;&nbsp;__rt_entry_sh
</UL>

<P><STRONG><a name="[96]"></a>exit</STRONG> (Thumb, 18 bytes, Stack size 8 bytes, exit.o(.text))
<BR><BR>[Stack]<UL><LI>Max Depth = 8 + Unknown Stack Size
<LI>Call Chain = exit
</UL>
<BR>[Calls]<UL><LI><a href="#[a7]">&gt;&gt;</a>&nbsp;&nbsp;&nbsp;__rt_exit
</UL>
<BR>[Called By]<UL><LI><a href="#[94]">&gt;&gt;</a>&nbsp;&nbsp;&nbsp;__rt_entry_main
</UL>

<P><STRONG><a name="[a4]"></a>__default_signal_display</STRONG> (Thumb, 50 bytes, Stack size 16 bytes, defsig_general.o(.text))
<BR><BR>[Stack]<UL><LI>Max Depth = 24<LI>Call Chain = __default_signal_display &rArr; _ttywrch
</UL>
<BR>[Calls]<UL><LI><a href="#[a8]">&gt;&gt;</a>&nbsp;&nbsp;&nbsp;_ttywrch
</UL>
<BR>[Called By]<UL><LI><a href="#[a2]">&gt;&gt;</a>&nbsp;&nbsp;&nbsp;__rt_SIGPVFN_inner
</UL>

<P><STRONG><a name="[a8]"></a>_ttywrch</STRONG> (Thumb, 14 bytes, Stack size 8 bytes, sys_wrch.o(.text))
<BR><BR>[Stack]<UL><LI>Max Depth = 8<LI>Call Chain = _ttywrch
</UL>
<BR>[Called By]<UL><LI><a href="#[a4]">&gt;&gt;</a>&nbsp;&nbsp;&nbsp;__default_signal_display
</UL>

<P><STRONG><a name="[110]"></a>__user_libspace</STRONG> (Thumb, 8 bytes, Stack size 0 bytes, libspace.o(.text), UNUSED)

<P><STRONG><a name="[a5]"></a>__user_perproc_libspace</STRONG> (Thumb, 0 bytes, Stack size 0 bytes, libspace.o(.text))
<BR><BR>[Called By]<UL><LI><a href="#[8f]">&gt;&gt;</a>&nbsp;&nbsp;&nbsp;__user_setup_stackheap
</UL>

<P><STRONG><a name="[111]"></a>__I$use$semihosting</STRONG> (Thumb, 0 bytes, Stack size 0 bytes, use_no_semi.o(.text), UNUSED)

<P><STRONG><a name="[112]"></a>__use_no_semihosting_swi</STRONG> (Thumb, 2 bytes, Stack size 0 bytes, use_no_semi.o(.text), UNUSED)

<P><STRONG><a name="[113]"></a>__semihosting_library_function</STRONG> (Thumb, 0 bytes, Stack size 8 bytes, indicate_semi.o(.text), UNUSED)

<P><STRONG><a name="[c7]"></a>OS_Tick_AcknowledgeIRQ</STRONG> (Thumb, 12 bytes, Stack size 0 bytes, os_systick.o(.text.OS_Tick_AcknowledgeIRQ))
<BR><BR>[Called By]<UL><LI><a href="#[9c]">&gt;&gt;</a>&nbsp;&nbsp;&nbsp;osRtxTick_Handler
</UL>

<P><STRONG><a name="[ce]"></a>OS_Tick_Enable</STRONG> (Thumb, 44 bytes, Stack size 0 bytes, os_systick.o(.text.OS_Tick_Enable))
<BR><BR>[Called By]<UL><LI><a href="#[6b]">&gt;&gt;</a>&nbsp;&nbsp;&nbsp;svcRtxKernelStart
</UL>

<P><STRONG><a name="[cd]"></a>OS_Tick_GetIRQn</STRONG> (Thumb, 6 bytes, Stack size 0 bytes, os_systick.o(.text.OS_Tick_GetIRQn))
<BR><BR>[Called By]<UL><LI><a href="#[6b]">&gt;&gt;</a>&nbsp;&nbsp;&nbsp;svcRtxKernelStart
</UL>

<P><STRONG><a name="[cc]"></a>OS_Tick_Setup</STRONG> (Thumb, 64 bytes, Stack size 0 bytes, os_systick.o(.text.OS_Tick_Setup))
<BR><BR>[Called By]<UL><LI><a href="#[6b]">&gt;&gt;</a>&nbsp;&nbsp;&nbsp;svcRtxKernelStart
</UL>

<P><STRONG><a name="[e4]"></a>osKernelGetState</STRONG> (Thumb, 52 bytes, Stack size 0 bytes, rtx_kernel.o(.text.osKernelGetState), UNUSED, KEPT)
<BR><BR>[Called By]<UL><LI><a href="#[df]">&gt;&gt;</a>&nbsp;&nbsp;&nbsp;os_kernel_is_active
</UL>

<P><STRONG><a name="[e1]"></a>osKernelInitialize</STRONG> (Thumb, 36 bytes, Stack size 0 bytes, rtx_kernel.o(.text.osKernelInitialize))
<BR><BR>[Called By]<UL><LI><a href="#[95]">&gt;&gt;</a>&nbsp;&nbsp;&nbsp;main
<LI><a href="#[91]">&gt;&gt;</a>&nbsp;&nbsp;&nbsp;_platform_post_stackheap_init
</UL>

<P><STRONG><a name="[e3]"></a>osKernelStart</STRONG> (Thumb, 36 bytes, Stack size 0 bytes, rtx_kernel.o(.text.osKernelStart))
<BR><BR>[Called By]<UL><LI><a href="#[95]">&gt;&gt;</a>&nbsp;&nbsp;&nbsp;main
</UL>

<P><STRONG><a name="[a9]"></a>osMessageQueueGet</STRONG> (Thumb, 112 bytes, Stack size 24 bytes, rtx_msgqueue.o(.text.osMessageQueueGet))
<BR><BR>[Stack]<UL><LI>Max Depth = 40<LI>Call Chain = osMessageQueueGet &rArr; osRtxPostProcess
</UL>
<BR>[Calls]<UL><LI><a href="#[ac]">&gt;&gt;</a>&nbsp;&nbsp;&nbsp;osRtxPostProcess
<LI><a href="#[aa]">&gt;&gt;</a>&nbsp;&nbsp;&nbsp;MessageQueueGet
<LI><a href="#[ab]">&gt;&gt;</a>&nbsp;&nbsp;&nbsp;__aeabi_memcpy
</UL>
<BR>[Called By]<UL><LI><a href="#[d5]">&gt;&gt;</a>&nbsp;&nbsp;&nbsp;Receiver::recv(Event*)
<LI><a href="#[74]">&gt;&gt;</a>&nbsp;&nbsp;&nbsp;osRtxTimerThread
</UL>

<P><STRONG><a name="[c8]"></a>osMessageQueueNew</STRONG> (Thumb, 36 bytes, Stack size 0 bytes, rtx_msgqueue.o(.text.osMessageQueueNew))
<BR><BR>[Called By]<UL><LI><a href="#[d8]">&gt;&gt;</a>&nbsp;&nbsp;&nbsp;Receiver::Receiver(const char*, unsigned long long*, unsigned, unsigned)
<LI><a href="#[74]">&gt;&gt;</a>&nbsp;&nbsp;&nbsp;osRtxTimerThread
</UL>

<P><STRONG><a name="[ad]"></a>osMessageQueuePut</STRONG> (Thumb, 128 bytes, Stack size 24 bytes, rtx_msgqueue.o(.text.osMessageQueuePut))
<BR><BR>[Stack]<UL><LI>Max Depth = 40<LI>Call Chain = osMessageQueuePut &rArr; osRtxPostProcess
</UL>
<BR>[Calls]<UL><LI><a href="#[ac]">&gt;&gt;</a>&nbsp;&nbsp;&nbsp;osRtxPostProcess
<LI><a href="#[ae]">&gt;&gt;</a>&nbsp;&nbsp;&nbsp;osRtxMemoryPoolAlloc
<LI><a href="#[ab]">&gt;&gt;</a>&nbsp;&nbsp;&nbsp;__aeabi_memcpy
</UL>
<BR>[Called By]<UL><LI><a href="#[3b]">&gt;&gt;</a>&nbsp;&nbsp;&nbsp;USART2_IRQHandler
<LI><a href="#[3c]">&gt;&gt;</a>&nbsp;&nbsp;&nbsp;USART3_IRQHandler
<LI><a href="#[75]">&gt;&gt;</a>&nbsp;&nbsp;&nbsp;osRtxTimerTick
</UL>

<P><STRONG><a name="[d6]"></a>osMutexAcquire</STRONG> (Thumb, 36 bytes, Stack size 0 bytes, rtx_mutex.o(.text.osMutexAcquire))
<BR><BR>[Called By]<UL><LI><a href="#[7f]">&gt;&gt;</a>&nbsp;&nbsp;&nbsp;UartTask::run()
<LI><a href="#[7d]">&gt;&gt;</a>&nbsp;&nbsp;&nbsp;MicroWaveOvenTask::run()
<LI><a href="#[83]">&gt;&gt;</a>&nbsp;&nbsp;&nbsp;_mutex_acquire
</UL>

<P><STRONG><a name="[e0]"></a>osMutexDelete</STRONG> (Thumb, 36 bytes, Stack size 0 bytes, rtx_mutex.o(.text.osMutexDelete), UNUSED, KEPT)
<BR><BR>[Called By]<UL><LI><a href="#[84]">&gt;&gt;</a>&nbsp;&nbsp;&nbsp;_mutex_free
</UL>

<P><STRONG><a name="[dd]"></a>osMutexNew</STRONG> (Thumb, 36 bytes, Stack size 0 bytes, rtx_mutex.o(.text.osMutexNew))
<BR><BR>[Called By]<UL><LI><a href="#[d9]">&gt;&gt;</a>&nbsp;&nbsp;&nbsp;Sender::Sender(const char*)
<LI><a href="#[85]">&gt;&gt;</a>&nbsp;&nbsp;&nbsp;_mutex_initialize
</UL>

<P><STRONG><a name="[d7]"></a>osMutexRelease</STRONG> (Thumb, 36 bytes, Stack size 0 bytes, rtx_mutex.o(.text.osMutexRelease))
<BR><BR>[Called By]<UL><LI><a href="#[7f]">&gt;&gt;</a>&nbsp;&nbsp;&nbsp;UartTask::run()
<LI><a href="#[7d]">&gt;&gt;</a>&nbsp;&nbsp;&nbsp;MicroWaveOvenTask::run()
<LI><a href="#[86]">&gt;&gt;</a>&nbsp;&nbsp;&nbsp;_mutex_release
</UL>

<P><STRONG><a name="[cf]"></a>osRtxMemoryAlloc</STRONG> (Thumb, 128 bytes, Stack size 16 bytes, rtx_memory.o(.text.osRtxMemoryAlloc))
<BR><BR>[Stack]<UL><LI>Max Depth = 16<LI>Call Chain = osRtxMemoryAlloc
</UL>
<BR>[Called By]<UL><LI><a href="#[77]">&gt;&gt;</a>&nbsp;&nbsp;&nbsp;svcRtxThreadNew
<LI><a href="#[6d]">&gt;&gt;</a>&nbsp;&nbsp;&nbsp;svcRtxMessageQueueNew
<LI><a href="#[71]">&gt;&gt;</a>&nbsp;&nbsp;&nbsp;svcRtxMutexNew
</UL>

<P><STRONG><a name="[be]"></a>osRtxMemoryFree</STRONG> (Thumb, 82 bytes, Stack size 8 bytes, rtx_memory.o(.text.osRtxMemoryFree))
<BR><BR>[Stack]<UL><LI>Max Depth = 8<LI>Call Chain = osRtxMemoryFree
</UL>
<BR>[Called By]<UL><LI><a href="#[77]">&gt;&gt;</a>&nbsp;&nbsp;&nbsp;svcRtxThreadNew
<LI><a href="#[bd]">&gt;&gt;</a>&nbsp;&nbsp;&nbsp;osRtxThreadFree
<LI><a href="#[6d]">&gt;&gt;</a>&nbsp;&nbsp;&nbsp;svcRtxMessageQueueNew
<LI><a href="#[70]">&gt;&gt;</a>&nbsp;&nbsp;&nbsp;svcRtxMutexDelete
</UL>

<P><STRONG><a name="[78]"></a>osRtxMemoryInit</STRONG> (Thumb, 54 bytes, Stack size 0 bytes, rtx_memory.o(.text.osRtxMemoryInit))
<BR><BR>[Called By]<UL><LI><a href="#[6a]">&gt;&gt;</a>&nbsp;&nbsp;&nbsp;svcRtxKernelInitialize
</UL>
<BR>[Address Reference Count : 1]<UL><LI> rtx_kernel.o(.text.svcRtxKernelInitialize)
</UL>
<P><STRONG><a name="[ae]"></a>osRtxMemoryPoolAlloc</STRONG> (Thumb, 74 bytes, Stack size 16 bytes, rtx_mempool.o(.text.osRtxMemoryPoolAlloc))
<BR><BR>[Stack]<UL><LI>Max Depth = 16<LI>Call Chain = osRtxMemoryPoolAlloc
</UL>
<BR>[Called By]<UL><LI><a href="#[ad]">&gt;&gt;</a>&nbsp;&nbsp;&nbsp;osMessageQueuePut
<LI><a href="#[77]">&gt;&gt;</a>&nbsp;&nbsp;&nbsp;svcRtxThreadNew
<LI><a href="#[6e]">&gt;&gt;</a>&nbsp;&nbsp;&nbsp;svcRtxMessageQueuePut
<LI><a href="#[6d]">&gt;&gt;</a>&nbsp;&nbsp;&nbsp;svcRtxMessageQueueNew
<LI><a href="#[6c]">&gt;&gt;</a>&nbsp;&nbsp;&nbsp;svcRtxMessageQueueGet
<LI><a href="#[79]">&gt;&gt;</a>&nbsp;&nbsp;&nbsp;osRtxMessageQueuePostProcess
<LI><a href="#[71]">&gt;&gt;</a>&nbsp;&nbsp;&nbsp;svcRtxMutexNew
</UL>

<P><STRONG><a name="[b0]"></a>osRtxMemoryPoolFree</STRONG> (Thumb, 86 bytes, Stack size 16 bytes, rtx_mempool.o(.text.osRtxMemoryPoolFree))
<BR><BR>[Stack]<UL><LI>Max Depth = 16<LI>Call Chain = osRtxMemoryPoolFree
</UL>
<BR>[Called By]<UL><LI><a href="#[77]">&gt;&gt;</a>&nbsp;&nbsp;&nbsp;svcRtxThreadNew
<LI><a href="#[bd]">&gt;&gt;</a>&nbsp;&nbsp;&nbsp;osRtxThreadFree
<LI><a href="#[6d]">&gt;&gt;</a>&nbsp;&nbsp;&nbsp;svcRtxMessageQueueNew
<LI><a href="#[6c]">&gt;&gt;</a>&nbsp;&nbsp;&nbsp;svcRtxMessageQueueGet
<LI><a href="#[79]">&gt;&gt;</a>&nbsp;&nbsp;&nbsp;osRtxMessageQueuePostProcess
<LI><a href="#[70]">&gt;&gt;</a>&nbsp;&nbsp;&nbsp;svcRtxMutexDelete
</UL>

<P><STRONG><a name="[cb]"></a>osRtxMemoryPoolInit</STRONG> (Thumb, 84 bytes, Stack size 8 bytes, rtx_mempool.o(.text.osRtxMemoryPoolInit))
<BR><BR>[Stack]<UL><LI>Max Depth = 8<LI>Call Chain = osRtxMemoryPoolInit
</UL>
<BR>[Called By]<UL><LI><a href="#[6a]">&gt;&gt;</a>&nbsp;&nbsp;&nbsp;svcRtxKernelInitialize
<LI><a href="#[6d]">&gt;&gt;</a>&nbsp;&nbsp;&nbsp;svcRtxMessageQueueNew
</UL>

<P><STRONG><a name="[b5]"></a>osRtxMutexOwnerRelease</STRONG> (Thumb, 68 bytes, Stack size 24 bytes, rtx_mutex.o(.text.osRtxMutexOwnerRelease))
<BR><BR>[Stack]<UL><LI>Max Depth = 56<LI>Call Chain = osRtxMutexOwnerRelease &rArr; osRtxThreadWaitExit &rArr; osRtxThreadDispatch
</UL>
<BR>[Calls]<UL><LI><a href="#[b2]">&gt;&gt;</a>&nbsp;&nbsp;&nbsp;osRtxThreadWaitExit
<LI><a href="#[b1]">&gt;&gt;</a>&nbsp;&nbsp;&nbsp;osRtxThreadListGet
</UL>
<BR>[Called By]<UL><LI><a href="#[76]">&gt;&gt;</a>&nbsp;&nbsp;&nbsp;svcRtxThreadExit
</UL>

<P><STRONG><a name="[9b]"></a>osRtxPendSV_Handler</STRONG> (Thumb, 144 bytes, Stack size 24 bytes, rtx_system.o(.text.osRtxPendSV_Handler))
<BR><BR>[Stack]<UL><LI>Max Depth = 40<LI>Call Chain = osRtxPendSV_Handler &rArr; osRtxThreadDispatch
</UL>
<BR>[Calls]<UL><LI><a href="#[b6]">&gt;&gt;</a>&nbsp;&nbsp;&nbsp;osRtxThreadDispatch
</UL>
<BR>[Called By]<UL><LI><a href="#[13]">&gt;&gt;</a>&nbsp;&nbsp;&nbsp;PendSV_Handler
</UL>

<P><STRONG><a name="[ac]"></a>osRtxPostProcess</STRONG> (Thumb, 116 bytes, Stack size 16 bytes, rtx_system.o(.text.osRtxPostProcess))
<BR><BR>[Stack]<UL><LI>Max Depth = 16<LI>Call Chain = osRtxPostProcess
</UL>
<BR>[Calls]<UL><LI><a href="#[b7]">&gt;&gt;</a>&nbsp;&nbsp;&nbsp;osRtxErrorNotify
</UL>
<BR>[Called By]<UL><LI><a href="#[ad]">&gt;&gt;</a>&nbsp;&nbsp;&nbsp;osMessageQueuePut
<LI><a href="#[a9]">&gt;&gt;</a>&nbsp;&nbsp;&nbsp;osMessageQueueGet
</UL>

<P><STRONG><a name="[b8]"></a>osRtxThreadDelayTick</STRONG> (Thumb, 56 bytes, Stack size 16 bytes, rtx_thread.o(.text.osRtxThreadDelayTick))
<BR><BR>[Stack]<UL><LI>Max Depth = 16<LI>Call Chain = osRtxThreadDelayTick
</UL>
<BR>[Calls]<UL><LI><a href="#[ba]">&gt;&gt;</a>&nbsp;&nbsp;&nbsp;osRtxThreadReadyPut
<LI><a href="#[b9]">&gt;&gt;</a>&nbsp;&nbsp;&nbsp;osRtxThreadListRemove
</UL>
<BR>[Called By]<UL><LI><a href="#[9c]">&gt;&gt;</a>&nbsp;&nbsp;&nbsp;osRtxTick_Handler
</UL>

<P><STRONG><a name="[b6]"></a>osRtxThreadDispatch</STRONG> (Thumb, 96 bytes, Stack size 16 bytes, rtx_thread.o(.text.osRtxThreadDispatch))
<BR><BR>[Stack]<UL><LI>Max Depth = 16<LI>Call Chain = osRtxThreadDispatch
</UL>
<BR>[Calls]<UL><LI><a href="#[ba]">&gt;&gt;</a>&nbsp;&nbsp;&nbsp;osRtxThreadReadyPut
<LI><a href="#[b9]">&gt;&gt;</a>&nbsp;&nbsp;&nbsp;osRtxThreadListRemove
<LI><a href="#[bb]">&gt;&gt;</a>&nbsp;&nbsp;&nbsp;osRtxThreadBlock
<LI><a href="#[bc]">&gt;&gt;</a>&nbsp;&nbsp;&nbsp;osRtxThreadSwitch
</UL>
<BR>[Called By]<UL><LI><a href="#[b2]">&gt;&gt;</a>&nbsp;&nbsp;&nbsp;osRtxThreadWaitExit
<LI><a href="#[77]">&gt;&gt;</a>&nbsp;&nbsp;&nbsp;svcRtxThreadNew
<LI><a href="#[9c]">&gt;&gt;</a>&nbsp;&nbsp;&nbsp;osRtxTick_Handler
<LI><a href="#[9b]">&gt;&gt;</a>&nbsp;&nbsp;&nbsp;osRtxPendSV_Handler
<LI><a href="#[72]">&gt;&gt;</a>&nbsp;&nbsp;&nbsp;svcRtxMutexRelease
<LI><a href="#[70]">&gt;&gt;</a>&nbsp;&nbsp;&nbsp;svcRtxMutexDelete
</UL>

<P><STRONG><a name="[b1]"></a>osRtxThreadListGet</STRONG> (Thumb, 22 bytes, Stack size 0 bytes, rtx_thread.o(.text.osRtxThreadListGet))
<BR><BR>[Called By]<UL><LI><a href="#[c4]">&gt;&gt;</a>&nbsp;&nbsp;&nbsp;osRtxThreadWaitEnter
<LI><a href="#[b5]">&gt;&gt;</a>&nbsp;&nbsp;&nbsp;osRtxMutexOwnerRelease
<LI><a href="#[76]">&gt;&gt;</a>&nbsp;&nbsp;&nbsp;svcRtxThreadExit
<LI><a href="#[6b]">&gt;&gt;</a>&nbsp;&nbsp;&nbsp;svcRtxKernelStart
<LI><a href="#[6e]">&gt;&gt;</a>&nbsp;&nbsp;&nbsp;svcRtxMessageQueuePut
<LI><a href="#[6c]">&gt;&gt;</a>&nbsp;&nbsp;&nbsp;svcRtxMessageQueueGet
<LI><a href="#[79]">&gt;&gt;</a>&nbsp;&nbsp;&nbsp;osRtxMessageQueuePostProcess
<LI><a href="#[72]">&gt;&gt;</a>&nbsp;&nbsp;&nbsp;svcRtxMutexRelease
<LI><a href="#[70]">&gt;&gt;</a>&nbsp;&nbsp;&nbsp;svcRtxMutexDelete
</UL>

<P><STRONG><a name="[c0]"></a>osRtxThreadListPut</STRONG> (Thumb, 56 bytes, Stack size 0 bytes, rtx_thread.o(.text.osRtxThreadListPut))
<BR><BR>[Called By]<UL><LI><a href="#[ba]">&gt;&gt;</a>&nbsp;&nbsp;&nbsp;osRtxThreadReadyPut
<LI><a href="#[bf]">&gt;&gt;</a>&nbsp;&nbsp;&nbsp;osRtxThreadListSort
<LI><a href="#[6e]">&gt;&gt;</a>&nbsp;&nbsp;&nbsp;svcRtxMessageQueuePut
<LI><a href="#[6c]">&gt;&gt;</a>&nbsp;&nbsp;&nbsp;svcRtxMessageQueueGet
<LI><a href="#[6f]">&gt;&gt;</a>&nbsp;&nbsp;&nbsp;svcRtxMutexAcquire
</UL>

<P><STRONG><a name="[b9]"></a>osRtxThreadListRemove</STRONG> (Thumb, 20 bytes, Stack size 0 bytes, rtx_thread.o(.text.osRtxThreadListRemove))
<BR><BR>[Called By]<UL><LI><a href="#[bf]">&gt;&gt;</a>&nbsp;&nbsp;&nbsp;osRtxThreadListSort
<LI><a href="#[b6]">&gt;&gt;</a>&nbsp;&nbsp;&nbsp;osRtxThreadDispatch
<LI><a href="#[b8]">&gt;&gt;</a>&nbsp;&nbsp;&nbsp;osRtxThreadDelayTick
<LI><a href="#[9c]">&gt;&gt;</a>&nbsp;&nbsp;&nbsp;osRtxTick_Handler
</UL>

<P><STRONG><a name="[bf]"></a>osRtxThreadListSort</STRONG> (Thumb, 40 bytes, Stack size 16 bytes, rtx_thread.o(.text.osRtxThreadListSort))
<BR><BR>[Stack]<UL><LI>Max Depth = 16<LI>Call Chain = osRtxThreadListSort
</UL>
<BR>[Calls]<UL><LI><a href="#[b9]">&gt;&gt;</a>&nbsp;&nbsp;&nbsp;osRtxThreadListRemove
<LI><a href="#[c0]">&gt;&gt;</a>&nbsp;&nbsp;&nbsp;osRtxThreadListPut
</UL>
<BR>[Called By]<UL><LI><a href="#[70]">&gt;&gt;</a>&nbsp;&nbsp;&nbsp;svcRtxMutexDelete
<LI><a href="#[6f]">&gt;&gt;</a>&nbsp;&nbsp;&nbsp;svcRtxMutexAcquire
</UL>

<P><STRONG><a name="[ba]"></a>osRtxThreadReadyPut</STRONG> (Thumb, 20 bytes, Stack size 0 bytes, rtx_thread.o(.text.osRtxThreadReadyPut))
<BR><BR>[Calls]<UL><LI><a href="#[c0]">&gt;&gt;</a>&nbsp;&nbsp;&nbsp;osRtxThreadListPut
</UL>
<BR>[Called By]<UL><LI><a href="#[b2]">&gt;&gt;</a>&nbsp;&nbsp;&nbsp;osRtxThreadWaitExit
<LI><a href="#[b6]">&gt;&gt;</a>&nbsp;&nbsp;&nbsp;osRtxThreadDispatch
<LI><a href="#[b8]">&gt;&gt;</a>&nbsp;&nbsp;&nbsp;osRtxThreadDelayTick
<LI><a href="#[9c]">&gt;&gt;</a>&nbsp;&nbsp;&nbsp;osRtxTick_Handler
</UL>

<P><STRONG><a name="[b3]"></a>osRtxThreadRegPtr</STRONG> (Thumb, 20 bytes, Stack size 0 bytes, rtx_thread.o(.text.osRtxThreadRegPtr))
<BR><BR>[Called By]<UL><LI><a href="#[6e]">&gt;&gt;</a>&nbsp;&nbsp;&nbsp;svcRtxMessageQueuePut
<LI><a href="#[6c]">&gt;&gt;</a>&nbsp;&nbsp;&nbsp;svcRtxMessageQueueGet
<LI><a href="#[79]">&gt;&gt;</a>&nbsp;&nbsp;&nbsp;osRtxMessageQueuePostProcess
</UL>

<P><STRONG><a name="[c2]"></a>osRtxThreadStartup</STRONG> (Thumb, 88 bytes, Stack size 16 bytes, rtx_thread.o(.text.osRtxThreadStartup))
<BR><BR>[Stack]<UL><LI>Max Depth = 80<LI>Call Chain = osRtxThreadStartup &rArr; svcRtxThreadNew &rArr; osRtxMemoryPoolFree
</UL>
<BR>[Calls]<UL><LI><a href="#[77]">&gt;&gt;</a>&nbsp;&nbsp;&nbsp;svcRtxThreadNew
</UL>
<BR>[Called By]<UL><LI><a href="#[6b]">&gt;&gt;</a>&nbsp;&nbsp;&nbsp;svcRtxKernelStart
</UL>

<P><STRONG><a name="[bc]"></a>osRtxThreadSwitch</STRONG> (Thumb, 16 bytes, Stack size 0 bytes, rtx_thread.o(.text.osRtxThreadSwitch))
<BR><BR>[Calls]<UL><LI><a href="#[c3]">&gt;&gt;</a>&nbsp;&nbsp;&nbsp;osRtxThreadStackCheck
</UL>
<BR>[Called By]<UL><LI><a href="#[c4]">&gt;&gt;</a>&nbsp;&nbsp;&nbsp;osRtxThreadWaitEnter
<LI><a href="#[76]">&gt;&gt;</a>&nbsp;&nbsp;&nbsp;svcRtxThreadExit
<LI><a href="#[b6]">&gt;&gt;</a>&nbsp;&nbsp;&nbsp;osRtxThreadDispatch
<LI><a href="#[6b]">&gt;&gt;</a>&nbsp;&nbsp;&nbsp;svcRtxKernelStart
<LI><a href="#[9c]">&gt;&gt;</a>&nbsp;&nbsp;&nbsp;osRtxTick_Handler
</UL>

<P><STRONG><a name="[c4]"></a>osRtxThreadWaitEnter</STRONG> (Thumb, 56 bytes, Stack size 8 bytes, rtx_thread.o(.text.osRtxThreadWaitEnter))
<BR><BR>[Stack]<UL><LI>Max Depth = 16<LI>Call Chain = osRtxThreadWaitEnter &rArr; osRtxThreadDelayInsert
</UL>
<BR>[Calls]<UL><LI><a href="#[c5]">&gt;&gt;</a>&nbsp;&nbsp;&nbsp;osRtxThreadDelayInsert
<LI><a href="#[bc]">&gt;&gt;</a>&nbsp;&nbsp;&nbsp;osRtxThreadSwitch
<LI><a href="#[b1]">&gt;&gt;</a>&nbsp;&nbsp;&nbsp;osRtxThreadListGet
</UL>
<BR>[Called By]<UL><LI><a href="#[6e]">&gt;&gt;</a>&nbsp;&nbsp;&nbsp;svcRtxMessageQueuePut
<LI><a href="#[6c]">&gt;&gt;</a>&nbsp;&nbsp;&nbsp;svcRtxMessageQueueGet
<LI><a href="#[6f]">&gt;&gt;</a>&nbsp;&nbsp;&nbsp;svcRtxMutexAcquire
</UL>

<P><STRONG><a name="[b2]"></a>osRtxThreadWaitExit</STRONG> (Thumb, 50 bytes, Stack size 16 bytes, rtx_thread.o(.text.osRtxThreadWaitExit))
<BR><BR>[Stack]<UL><LI>Max Depth = 32<LI>Call Chain = osRtxThreadWaitExit &rArr; osRtxThreadDispatch
</UL>
<BR>[Calls]<UL><LI><a href="#[ba]">&gt;&gt;</a>&nbsp;&nbsp;&nbsp;osRtxThreadReadyPut
<LI><a href="#[c6]">&gt;&gt;</a>&nbsp;&nbsp;&nbsp;osRtxThreadDelayRemove
<LI><a href="#[b6]">&gt;&gt;</a>&nbsp;&nbsp;&nbsp;osRtxThreadDispatch
</UL>
<BR>[Called By]<UL><LI><a href="#[b5]">&gt;&gt;</a>&nbsp;&nbsp;&nbsp;osRtxMutexOwnerRelease
<LI><a href="#[76]">&gt;&gt;</a>&nbsp;&nbsp;&nbsp;svcRtxThreadExit
<LI><a href="#[7b]">&gt;&gt;</a>&nbsp;&nbsp;&nbsp;osRtxThreadPostProcess
<LI><a href="#[6e]">&gt;&gt;</a>&nbsp;&nbsp;&nbsp;svcRtxMessageQueuePut
<LI><a href="#[6c]">&gt;&gt;</a>&nbsp;&nbsp;&nbsp;svcRtxMessageQueueGet
<LI><a href="#[79]">&gt;&gt;</a>&nbsp;&nbsp;&nbsp;osRtxMessageQueuePostProcess
<LI><a href="#[72]">&gt;&gt;</a>&nbsp;&nbsp;&nbsp;svcRtxMutexRelease
<LI><a href="#[70]">&gt;&gt;</a>&nbsp;&nbsp;&nbsp;svcRtxMutexDelete
</UL>

<P><STRONG><a name="[9c]"></a>osRtxTick_Handler</STRONG> (Thumb, 112 bytes, Stack size 16 bytes, rtx_system.o(.text.osRtxTick_Handler))
<BR><BR>[Stack]<UL><LI>Max Depth = 32<LI>Call Chain = osRtxTick_Handler &rArr; osRtxThreadDispatch
</UL>
<BR>[Calls]<UL><LI><a href="#[ba]">&gt;&gt;</a>&nbsp;&nbsp;&nbsp;osRtxThreadReadyPut
<LI><a href="#[b9]">&gt;&gt;</a>&nbsp;&nbsp;&nbsp;osRtxThreadListRemove
<LI><a href="#[bc]">&gt;&gt;</a>&nbsp;&nbsp;&nbsp;osRtxThreadSwitch
<LI><a href="#[b6]">&gt;&gt;</a>&nbsp;&nbsp;&nbsp;osRtxThreadDispatch
<LI><a href="#[b8]">&gt;&gt;</a>&nbsp;&nbsp;&nbsp;osRtxThreadDelayTick
<LI><a href="#[c7]">&gt;&gt;</a>&nbsp;&nbsp;&nbsp;OS_Tick_AcknowledgeIRQ
</UL>
<BR>[Called By]<UL><LI><a href="#[14]">&gt;&gt;</a>&nbsp;&nbsp;&nbsp;SysTick_Handler
</UL>

<P><STRONG><a name="[74]"></a>osRtxTimerThread</STRONG> (Thumb, 68 bytes, Stack size 24 bytes, rtx_timer.o(.text.osRtxTimerThread))
<BR><BR>[Stack]<UL><LI>Max Depth = 64<LI>Call Chain = osRtxTimerThread &rArr; osMessageQueueGet &rArr; osRtxPostProcess
</UL>
<BR>[Calls]<UL><LI><a href="#[c8]">&gt;&gt;</a>&nbsp;&nbsp;&nbsp;osMessageQueueNew
<LI><a href="#[a9]">&gt;&gt;</a>&nbsp;&nbsp;&nbsp;osMessageQueueGet
</UL>
<BR>[Address Reference Count : 1]<UL><LI> rtx_thread.o(.text.osRtxThreadStartup)
</UL>
<P><STRONG><a name="[7a]"></a>osThreadExit</STRONG> (Thumb, 12 bytes, Stack size 0 bytes, rtx_thread.o(.text.osThreadExit))
<BR>[Address Reference Count : 1]<UL><LI> rtx_thread.o(.text.svcRtxThreadNew)
</UL>
<P><STRONG><a name="[dc]"></a>osThreadNew</STRONG> (Thumb, 36 bytes, Stack size 0 bytes, rtx_thread.o(.text.osThreadNew))
<BR><BR>[Called By]<UL><LI><a href="#[db]">&gt;&gt;</a>&nbsp;&nbsp;&nbsp;Task::start()
</UL>

<P><STRONG><a name="[67]"></a>SystemInit</STRONG> (Thumb, 74 bytes, Stack size 8 bytes, system_stm32f4xx.o(i.SystemInit))
<BR><BR>[Stack]<UL><LI>Max Depth = 20<LI>Call Chain = SystemInit &rArr; SetSysClock
</UL>
<BR>[Calls]<UL><LI><a href="#[d1]">&gt;&gt;</a>&nbsp;&nbsp;&nbsp;SetSysClock
</UL>
<BR>[Address Reference Count : 1]<UL><LI> startup_stm32f40_41xxx.o(.text)
</UL>
<P><STRONG><a name="[3b]"></a>USART2_IRQHandler</STRONG> (Thumb, 140 bytes, Stack size 24 bytes, bluetooth.o(i.USART2_IRQHandler))
<BR><BR>[Stack]<UL><LI>Max Depth = 64<LI>Call Chain = USART2_IRQHandler &rArr; osMessageQueuePut &rArr; osRtxPostProcess
</UL>
<BR>[Calls]<UL><LI><a href="#[ad]">&gt;&gt;</a>&nbsp;&nbsp;&nbsp;osMessageQueuePut
<LI><a href="#[d3]">&gt;&gt;</a>&nbsp;&nbsp;&nbsp;Bluetooth::Bluetooth()
<LI><a href="#[d2]">&gt;&gt;</a>&nbsp;&nbsp;&nbsp;__cxa_guard_acquire
</UL>
<BR>[Address Reference Count : 1]<UL><LI> startup_stm32f40_41xxx.o(RESET)
</UL>
<P><STRONG><a name="[3c]"></a>USART3_IRQHandler</STRONG> (Thumb, 138 bytes, Stack size 24 bytes, microwaveovenuart.o(i.USART3_IRQHandler))
<BR><BR>[Stack]<UL><LI>Max Depth = 64<LI>Call Chain = USART3_IRQHandler &rArr; osMessageQueuePut &rArr; osRtxPostProcess
</UL>
<BR>[Calls]<UL><LI><a href="#[ad]">&gt;&gt;</a>&nbsp;&nbsp;&nbsp;osMessageQueuePut
<LI><a href="#[d4]">&gt;&gt;</a>&nbsp;&nbsp;&nbsp;MicroWaveOvenUart::MicroWaveOvenUart()
<LI><a href="#[d2]">&gt;&gt;</a>&nbsp;&nbsp;&nbsp;__cxa_guard_acquire
</UL>
<BR>[Address Reference Count : 1]<UL><LI> startup_stm32f40_41xxx.o(RESET)
</UL>
<P><STRONG><a name="[7d]"></a>MicroWaveOvenTask::run()</STRONG> (Thumb, 90 bytes, Stack size 16 bytes, main.o(i._ZN17MicroWaveOvenTask3runEv))
<BR><BR>[Stack]<UL><LI>Max Depth = 56<LI>Call Chain = MicroWaveOvenTask::run() &rArr; Receiver::recv(Event*) &rArr; osMessageQueueGet &rArr; osRtxPostProcess
</UL>
<BR>[Calls]<UL><LI><a href="#[d7]">&gt;&gt;</a>&nbsp;&nbsp;&nbsp;osMutexRelease
<LI><a href="#[d6]">&gt;&gt;</a>&nbsp;&nbsp;&nbsp;osMutexAcquire
<LI><a href="#[d4]">&gt;&gt;</a>&nbsp;&nbsp;&nbsp;MicroWaveOvenUart::MicroWaveOvenUart()
<LI><a href="#[d5]">&gt;&gt;</a>&nbsp;&nbsp;&nbsp;Receiver::recv(Event*)
<LI><a href="#[d2]">&gt;&gt;</a>&nbsp;&nbsp;&nbsp;__cxa_guard_acquire
</UL>
<BR>[Address Reference Count : 1]<UL><LI> main.o(.constdata__ZTV17MicroWaveOvenTask)
</UL>
<P><STRONG><a name="[da]"></a>MicroWaveOvenUart::initDriver()</STRONG> (Thumb, 176 bytes, Stack size 0 bytes, microwaveovenuart.o(i._ZN17MicroWaveOvenUart10initDriverEv))
<BR><BR>[Called By]<UL><LI><a href="#[d4]">&gt;&gt;</a>&nbsp;&nbsp;&nbsp;MicroWaveOvenUart::MicroWaveOvenUart()
</UL>

<P><STRONG><a name="[d4]"></a>MicroWaveOvenUart::MicroWaveOvenUart()</STRONG> (Thumb, 38 bytes, Stack size 16 bytes, microwaveovenuart.o(i._ZN17MicroWaveOvenUartC1Ev))
<BR><BR>[Stack]<UL><LI>Max Depth = 32<LI>Call Chain = MicroWaveOvenUart::MicroWaveOvenUart() &rArr; Receiver::Receiver(const char*, unsigned long long*, unsigned, unsigned)
</UL>
<BR>[Calls]<UL><LI><a href="#[d8]">&gt;&gt;</a>&nbsp;&nbsp;&nbsp;Receiver::Receiver(const char*, unsigned long long*, unsigned, unsigned)
<LI><a href="#[d9]">&gt;&gt;</a>&nbsp;&nbsp;&nbsp;Sender::Sender(const char*)
<LI><a href="#[da]">&gt;&gt;</a>&nbsp;&nbsp;&nbsp;MicroWaveOvenUart::initDriver()
</UL>
<BR>[Called By]<UL><LI><a href="#[3c]">&gt;&gt;</a>&nbsp;&nbsp;&nbsp;USART3_IRQHandler
<LI><a href="#[7d]">&gt;&gt;</a>&nbsp;&nbsp;&nbsp;MicroWaveOvenTask::run()
</UL>

<P><STRONG><a name="[114]"></a>MicroWaveOvenUart::MicroWaveOvenUart__sub_object()</STRONG> (Thumb, 0 bytes, Stack size 16 bytes, microwaveovenuart.o(i._ZN17MicroWaveOvenUartC1Ev), UNUSED)

<P><STRONG><a name="[7c]"></a>Task::startThreadFun(void*)</STRONG> (Thumb, 18 bytes, Stack size 8 bytes, task.o(i._ZN4Task14startThreadFunEPv))
<BR><BR>[Stack]<UL><LI>Max Depth = 8<LI>Call Chain = Task::startThreadFun(void*)
</UL>
<BR>[Address Reference Count : 1]<UL><LI> task.o(i._ZN4Task5startEv)
</UL>
<P><STRONG><a name="[db]"></a>Task::start()</STRONG> (Thumb, 20 bytes, Stack size 8 bytes, task.o(i._ZN4Task5startEv))
<BR><BR>[Stack]<UL><LI>Max Depth = 8<LI>Call Chain = Task::start()
</UL>
<BR>[Calls]<UL><LI><a href="#[dc]">&gt;&gt;</a>&nbsp;&nbsp;&nbsp;osThreadNew
</UL>
<BR>[Called By]<UL><LI><a href="#[95]">&gt;&gt;</a>&nbsp;&nbsp;&nbsp;main
</UL>

<P><STRONG><a name="[e2]"></a>Task::Task__sub_object(const char*, unsigned long long*, unsigned, osPriority_t)</STRONG> (Thumb, 38 bytes, Stack size 12 bytes, task.o(i._ZN4TaskC2EPKcPyj12osPriority_t))
<BR><BR>[Stack]<UL><LI>Max Depth = 12<LI>Call Chain = Task::Task__sub_object(const char*, unsigned long long*, unsigned, osPriority_t)
</UL>
<BR>[Called By]<UL><LI><a href="#[95]">&gt;&gt;</a>&nbsp;&nbsp;&nbsp;main
</UL>

<P><STRONG><a name="[d9]"></a>Sender::Sender(const char*)</STRONG> (Thumb, 32 bytes, Stack size 8 bytes, sender.o(i._ZN6SenderC1EPKc))
<BR><BR>[Stack]<UL><LI>Max Depth = 8<LI>Call Chain = Sender::Sender(const char*)
</UL>
<BR>[Calls]<UL><LI><a href="#[dd]">&gt;&gt;</a>&nbsp;&nbsp;&nbsp;osMutexNew
</UL>
<BR>[Called By]<UL><LI><a href="#[d3]">&gt;&gt;</a>&nbsp;&nbsp;&nbsp;Bluetooth::Bluetooth()
<LI><a href="#[d4]">&gt;&gt;</a>&nbsp;&nbsp;&nbsp;MicroWaveOvenUart::MicroWaveOvenUart()
</UL>

<P><STRONG><a name="[115]"></a>Sender::Sender__sub_object(const char*)</STRONG> (Thumb, 0 bytes, Stack size 8 bytes, sender.o(i._ZN6SenderC1EPKc), UNUSED)

<P><STRONG><a name="[d5]"></a>Receiver::recv(Event*)</STRONG> (Thumb, 12 bytes, Stack size 0 bytes, main.o(i._ZN8Receiver4recvEP5Event))
<BR><BR>[Stack]<UL><LI>Max Depth = 40<LI>Call Chain = Receiver::recv(Event*) &rArr; osMessageQueueGet &rArr; osRtxPostProcess
</UL>
<BR>[Calls]<UL><LI><a href="#[a9]">&gt;&gt;</a>&nbsp;&nbsp;&nbsp;osMessageQueueGet
</UL>
<BR>[Called By]<UL><LI><a href="#[7f]">&gt;&gt;</a>&nbsp;&nbsp;&nbsp;UartTask::run()
<LI><a href="#[7d]">&gt;&gt;</a>&nbsp;&nbsp;&nbsp;MicroWaveOvenTask::run()
</UL>

<P><STRONG><a name="[d8]"></a>Receiver::Receiver(const char*, unsigned long long*, unsigned, unsigned)</STRONG> (Thumb, 54 bytes, Stack size 16 bytes, receiver.o(i._ZN8ReceiverC1EPKcPyjj))
<BR><BR>[Stack]<UL><LI>Max Depth = 16<LI>Call Chain = Receiver::Receiver(const char*, unsigned long long*, unsigned, unsigned)
</UL>
<BR>[Calls]<UL><LI><a href="#[c8]">&gt;&gt;</a>&nbsp;&nbsp;&nbsp;osMessageQueueNew
</UL>
<BR>[Called By]<UL><LI><a href="#[d3]">&gt;&gt;</a>&nbsp;&nbsp;&nbsp;Bluetooth::Bluetooth()
<LI><a href="#[d4]">&gt;&gt;</a>&nbsp;&nbsp;&nbsp;MicroWaveOvenUart::MicroWaveOvenUart()
</UL>

[...]

<P><STRONG><a name="[d2]"></a>__cxa_guard_acquire</STRONG> (Thumb, 16 bytes, Stack size 0 bytes, cxa_guard_acquire.o(i.__cxa_guard_acquire))
<BR><BR>[Called By]<UL><LI><a href="#[3b]">&gt;&gt;</a>&nbsp;&nbsp;&nbsp;USART2_IRQHandler
<LI><a href="#[3c]">&gt;&gt;</a>&nbsp;&nbsp;&nbsp;USART3_IRQHandler
<LI><a href="#[95]">&gt;&gt;</a>&nbsp;&nbsp;&nbsp;main
<LI><a href="#[7f]">&gt;&gt;</a>&nbsp;&nbsp;&nbsp;UartTask::run()
<LI><a href="#[7d]">&gt;&gt;</a>&nbsp;&nbsp;&nbsp;MicroWaveOvenTask::run()
</UL>

<P><STRONG><a name="[7e]"></a>__cxa_pure_virtual</STRONG> (Thumb, 6 bytes, Stack size 0 bytes, pure_virt.o(i.__cxa_pure_virtual))
<BR><BR>[Stack]<UL><LI>Max Depth = 40<LI>Call Chain = __cxa_pure_virtual &rArr; __rt_SIGPVFN &rArr; __rt_SIGPVFN_inner &rArr; __default_signal_display &rArr; _ttywrch
</UL>
<BR>[Calls]<UL><LI><a href="#[a1]">&gt;&gt;</a>&nbsp;&nbsp;&nbsp;__rt_SIGPVFN
</UL>
<BR>[Address Reference Count : 1]<UL><LI> task.o(.constdata__ZTV4Task)
</UL>
<P><STRONG><a name="[83]"></a>_mutex_acquire</STRONG> (Thumb, 28 bytes, Stack size 8 bytes, rtx_lib.o(i._mutex_acquire), UNUSED, KEPT)
<BR><BR>[Stack]<UL><LI>Max Depth = 16<LI>Call Chain = _mutex_acquire &rArr; os_kernel_is_active
</UL>
<BR>[Calls]<UL><LI><a href="#[d6]">&gt;&gt;</a>&nbsp;&nbsp;&nbsp;osMutexAcquire
<LI><a href="#[df]">&gt;&gt;</a>&nbsp;&nbsp;&nbsp;os_kernel_is_active
</UL>

<P><STRONG><a name="[84]"></a>_mutex_free</STRONG> (Thumb, 6 bytes, Stack size 0 bytes, rtx_lib.o(i._mutex_free), UNUSED, KEPT)
<BR><BR>[Calls]<UL><LI><a href="#[e0]">&gt;&gt;</a>&nbsp;&nbsp;&nbsp;osMutexDelete
</UL>

<P><STRONG><a name="[85]"></a>_mutex_initialize</STRONG> (Thumb, 32 bytes, Stack size 16 bytes, rtx_lib.o(i._mutex_initialize), UNUSED, KEPT)
<BR><BR>[Stack]<UL><LI>Max Depth = 16<LI>Call Chain = _mutex_initialize
</UL>
<BR>[Calls]<UL><LI><a href="#[dd]">&gt;&gt;</a>&nbsp;&nbsp;&nbsp;osMutexNew
<LI><a href="#[b7]">&gt;&gt;</a>&nbsp;&nbsp;&nbsp;osRtxErrorNotify
</UL>

<P><STRONG><a name="[86]"></a>_mutex_release</STRONG> (Thumb, 24 bytes, Stack size 8 bytes, rtx_lib.o(i._mutex_release), UNUSED, KEPT)
<BR><BR>[Stack]<UL><LI>Max Depth = 16<LI>Call Chain = _mutex_release &rArr; os_kernel_is_active
</UL>
<BR>[Calls]<UL><LI><a href="#[d7]">&gt;&gt;</a>&nbsp;&nbsp;&nbsp;osMutexRelease
<LI><a href="#[df]">&gt;&gt;</a>&nbsp;&nbsp;&nbsp;os_kernel_is_active
</UL>

<P><STRONG><a name="[91]"></a>_platform_post_stackheap_init</STRONG> (Thumb, 4 bytes, Stack size 0 bytes, rtx_lib.o(i._platform_post_stackheap_init))
<BR><BR>[Calls]<UL><LI><a href="#[e1]">&gt;&gt;</a>&nbsp;&nbsp;&nbsp;osKernelInitialize
</UL>
<BR>[Called By]<UL><LI><a href="#[90]">&gt;&gt;</a>&nbsp;&nbsp;&nbsp;__rt_entry_postsh_1
</UL>

<P><STRONG><a name="[95]"></a>main</STRONG> (Thumb, 132 bytes, Stack size 8 bytes, main.o(i.main))
<BR><BR>[Stack]<UL><LI>Max Depth = 20<LI>Call Chain = main &rArr; Task::Task__sub_object(const char*, unsigned long long*, unsigned, osPriority_t)
</UL>
<BR>[Calls]<UL><LI><a href="#[e3]">&gt;&gt;</a>&nbsp;&nbsp;&nbsp;osKernelStart
<LI><a href="#[e1]">&gt;&gt;</a>&nbsp;&nbsp;&nbsp;osKernelInitialize
<LI><a href="#[e2]">&gt;&gt;</a>&nbsp;&nbsp;&nbsp;Task::Task__sub_object(const char*, unsigned long long*, unsigned, osPriority_t)
<LI><a href="#[db]">&gt;&gt;</a>&nbsp;&nbsp;&nbsp;Task::start()
<LI><a href="#[d2]">&gt;&gt;</a>&nbsp;&nbsp;&nbsp;__cxa_guard_acquire
</UL>
<BR>[Called By]<UL><LI><a href="#[94]">&gt;&gt;</a>&nbsp;&nbsp;&nbsp;__rt_entry_main
</UL>

<P><STRONG><a name="[b7]"></a>osRtxErrorNotify</STRONG> (Thumb, 2 bytes, Stack size 0 bytes, rtx_config.o(i.osRtxErrorNotify))
<BR><BR>[Calls]<UL><LI><a href="#[b7]">&gt;&gt;</a>&nbsp;&nbsp;&nbsp;osRtxErrorNotify
</UL>
<BR>[Called By]<UL><LI><a href="#[ac]">&gt;&gt;</a>&nbsp;&nbsp;&nbsp;osRtxPostProcess
<LI><a href="#[b7]">&gt;&gt;</a>&nbsp;&nbsp;&nbsp;osRtxErrorNotify
<LI><a href="#[85]">&gt;&gt;</a>&nbsp;&nbsp;&nbsp;_mutex_initialize
<LI><a href="#[75]">&gt;&gt;</a>&nbsp;&nbsp;&nbsp;osRtxTimerTick
</UL>

<P><STRONG><a name="[73]"></a>osRtxIdleThread</STRONG> (Thumb, 2 bytes, Stack size 0 bytes, rtx_config.o(i.osRtxIdleThread))
<BR><BR>[Calls]<UL><LI><a href="#[73]">&gt;&gt;</a>&nbsp;&nbsp;&nbsp;osRtxIdleThread
</UL>
<BR>[Called By]<UL><LI><a href="#[73]">&gt;&gt;</a>&nbsp;&nbsp;&nbsp;osRtxIdleThread
</UL>
<BR>[Address Reference Count : 1]<UL><LI> rtx_thread.o(.text.osRtxThreadStartup)
</UL>
<P><STRONG><a name="[c3]"></a>osRtxThreadStackCheck</STRONG> (Thumb, 2 bytes, Stack size 0 bytes, rtx_lib.o(i.osRtxThreadStackCheck))
<BR><BR>[Called By]<UL><LI><a href="#[bc]">&gt;&gt;</a>&nbsp;&nbsp;&nbsp;osRtxThreadSwitch
</UL>

<P><STRONG><a name="[8c]"></a>_fp_init</STRONG> (Thumb, 10 bytes, Stack size 0 bytes, fpinit.o(x$fpl$fpinit))
<BR><BR>[Called By]<UL><LI><a href="#[8b]">&gt;&gt;</a>&nbsp;&nbsp;&nbsp;__rt_lib_init_fp_1
</UL>

<P><STRONG><a name="[118]"></a>__fplib_config_fpu_vfp</STRONG> (Thumb, 0 bytes, Stack size unknown bytes, fpinit.o(x$fpl$fpinit), UNUSED)

<P><STRONG><a name="[119]"></a>__fplib_config_pureend_doubles</STRONG> (Thumb, 0 bytes, Stack size unknown bytes, fpinit.o(x$fpl$fpinit), UNUSED)
<P>
<H3>
Local Symbols
</H3>
<P><STRONG><a name="[d1]"></a>SetSysClock</STRONG> (Thumb, 162 bytes, Stack size 12 bytes, system_stm32f4xx.o(i.SetSysClock))
<BR><BR>[Stack]<UL><LI>Max Depth = 12<LI>Call Chain = SetSysClock
</UL>
<BR>[Called By]<UL><LI><a href="#[67]">&gt;&gt;</a>&nbsp;&nbsp;&nbsp;SystemInit
</UL>

<P><STRONG><a name="[80]"></a>__sti___21_MicroWaveOvenUart_cpp_6b2dcb45</STRONG> (Thumb, 10 bytes, Stack size 0 bytes, microwaveovenuart.o(i.__sti___21_MicroWaveOvenUart_cpp_6b2dcb45))
<BR>[Address Reference Count : 1]<UL><LI> microwaveovenuart.o(.init_array)
</UL>
<P><STRONG><a name="[81]"></a>__sti___13_Bluetooth_cpp_6b41d81d</STRONG> (Thumb, 10 bytes, Stack size 0 bytes, bluetooth.o(i.__sti___13_Bluetooth_cpp_6b41d81d))
<BR>[Address Reference Count : 1]<UL><LI> bluetooth.o(.init_array)
</UL>
<P><STRONG><a name="[df]"></a>os_kernel_is_active</STRONG> (Thumb, 24 bytes, Stack size 8 bytes, rtx_lib.o(i.os_kernel_is_active), UNUSED, KEPT)
<BR><BR>[Stack]<UL><LI>Max Depth = 8<LI>Call Chain = os_kernel_is_active
</UL>
<BR>[Calls]<UL><LI><a href="#[e4]">&gt;&gt;</a>&nbsp;&nbsp;&nbsp;osKernelGetState
</UL>
<BR>[Called By]<UL><LI><a href="#[86]">&gt;&gt;</a>&nbsp;&nbsp;&nbsp;_mutex_release
<LI><a href="#[83]">&gt;&gt;</a>&nbsp;&nbsp;&nbsp;_mutex_acquire
</UL>

<P><STRONG><a name="[69]"></a>svcRtxKernelGetState</STRONG> (Thumb, 12 bytes, Stack size 0 bytes, rtx_kernel.o(.text.svcRtxKernelGetState))
<BR>[Address Reference Count : 1]<UL><LI> rtx_kernel.o(.text.osKernelGetState)
</UL>
<P><STRONG><a name="[6a]"></a>svcRtxKernelInitialize</STRONG> (Thumb, 376 bytes, Stack size 32 bytes, rtx_kernel.o(.text.svcRtxKernelInitialize))
<BR><BR>[Stack]<UL><LI>Max Depth = 40<LI>Call Chain = svcRtxKernelInitialize &rArr; osRtxMemoryPoolInit
</UL>
<BR>[Calls]<UL><LI><a href="#[cb]">&gt;&gt;</a>&nbsp;&nbsp;&nbsp;osRtxMemoryPoolInit
<LI><a href="#[78]">&gt;&gt;</a>&nbsp;&nbsp;&nbsp;osRtxMemoryInit
<LI><a href="#[ca]">&gt;&gt;</a>&nbsp;&nbsp;&nbsp;__aeabi_memclr4
</UL>
<BR>[Address Reference Count : 1]<UL><LI> rtx_kernel.o(.text.osKernelInitialize)
</UL>
<P><STRONG><a name="[6b]"></a>svcRtxKernelStart</STRONG> (Thumb, 140 bytes, Stack size 16 bytes, rtx_kernel.o(.text.svcRtxKernelStart))
<BR><BR>[Stack]<UL><LI>Max Depth = 96<LI>Call Chain = svcRtxKernelStart &rArr; osRtxThreadStartup &rArr; svcRtxThreadNew &rArr; osRtxMemoryPoolFree
</UL>
<BR>[Calls]<UL><LI><a href="#[bc]">&gt;&gt;</a>&nbsp;&nbsp;&nbsp;osRtxThreadSwitch
<LI><a href="#[c2]">&gt;&gt;</a>&nbsp;&nbsp;&nbsp;osRtxThreadStartup
<LI><a href="#[b1]">&gt;&gt;</a>&nbsp;&nbsp;&nbsp;osRtxThreadListGet
<LI><a href="#[cc]">&gt;&gt;</a>&nbsp;&nbsp;&nbsp;OS_Tick_Setup
<LI><a href="#[cd]">&gt;&gt;</a>&nbsp;&nbsp;&nbsp;OS_Tick_GetIRQn
<LI><a href="#[ce]">&gt;&gt;</a>&nbsp;&nbsp;&nbsp;OS_Tick_Enable
</UL>
<BR>[Address Reference Count : 1]<UL><LI> rtx_kernel.o(.text.osKernelStart)
</UL>
<P><STRONG><a name="[c1]"></a>ThreadFlagsCheck</STRONG> (Thumb, 106 bytes, Stack size 8 bytes, rtx_thread.o(.text.ThreadFlagsCheck))
<BR><BR>[Stack]<UL><LI>Max Depth = 8<LI>Call Chain = ThreadFlagsCheck
</UL>
<BR>[Called By]<UL><LI><a href="#[7b]">&gt;&gt;</a>&nbsp;&nbsp;&nbsp;osRtxThreadPostProcess
</UL>

<P><STRONG><a name="[bb]"></a>osRtxThreadBlock</STRONG> (Thumb, 60 bytes, Stack size 0 bytes, rtx_thread.o(.text.osRtxThreadBlock))
<BR><BR>[Called By]<UL><LI><a href="#[b6]">&gt;&gt;</a>&nbsp;&nbsp;&nbsp;osRtxThreadDispatch
</UL>

<P><STRONG><a name="[c5]"></a>osRtxThreadDelayInsert</STRONG> (Thumb, 148 bytes, Stack size 8 bytes, rtx_thread.o(.text.osRtxThreadDelayInsert))
<BR><BR>[Stack]<UL><LI>Max Depth = 8<LI>Call Chain = osRtxThreadDelayInsert
</UL>
<BR>[Called By]<UL><LI><a href="#[c4]">&gt;&gt;</a>&nbsp;&nbsp;&nbsp;osRtxThreadWaitEnter
</UL>

<P><STRONG><a name="[c6]"></a>osRtxThreadDelayRemove</STRONG> (Thumb, 88 bytes, Stack size 0 bytes, rtx_thread.o(.text.osRtxThreadDelayRemove))
<BR><BR>[Called By]<UL><LI><a href="#[b2]">&gt;&gt;</a>&nbsp;&nbsp;&nbsp;osRtxThreadWaitExit
</UL>

<P><STRONG><a name="[bd]"></a>osRtxThreadFree</STRONG> (Thumb, 88 bytes, Stack size 8 bytes, rtx_thread.o(.text.osRtxThreadFree))
<BR><BR>[Stack]<UL><LI>Max Depth = 24<LI>Call Chain = osRtxThreadFree &rArr; osRtxMemoryPoolFree
</UL>
<BR>[Calls]<UL><LI><a href="#[b0]">&gt;&gt;</a>&nbsp;&nbsp;&nbsp;osRtxMemoryPoolFree
<LI><a href="#[be]">&gt;&gt;</a>&nbsp;&nbsp;&nbsp;osRtxMemoryFree
</UL>
<BR>[Called By]<UL><LI><a href="#[76]">&gt;&gt;</a>&nbsp;&nbsp;&nbsp;svcRtxThreadExit
</UL>

<P><STRONG><a name="[7b]"></a>osRtxThreadPostProcess</STRONG> (Thumb, 42 bytes, Stack size 8 bytes, rtx_thread.o(.text.osRtxThreadPostProcess))
<BR><BR>[Stack]<UL><LI>Max Depth = 40<LI>Call Chain = osRtxThreadPostProcess &rArr; osRtxThreadWaitExit &rArr; osRtxThreadDispatch
</UL>
<BR>[Calls]<UL><LI><a href="#[b2]">&gt;&gt;</a>&nbsp;&nbsp;&nbsp;osRtxThreadWaitExit
<LI><a href="#[c1]">&gt;&gt;</a>&nbsp;&nbsp;&nbsp;ThreadFlagsCheck
</UL>
<BR>[Address Reference Count : 1]<UL><LI> rtx_thread.o(.text.svcRtxThreadNew)
</UL>
<P><STRONG><a name="[76]"></a>svcRtxThreadExit</STRONG> (Thumb, 104 bytes, Stack size 16 bytes, rtx_thread.o(.text.svcRtxThreadExit))
<BR><BR>[Stack]<UL><LI>Max Depth = 72<LI>Call Chain = svcRtxThreadExit &rArr; osRtxMutexOwnerRelease &rArr; osRtxThreadWaitExit &rArr; osRtxThreadDispatch
</UL>
<BR>[Calls]<UL><LI><a href="#[b2]">&gt;&gt;</a>&nbsp;&nbsp;&nbsp;osRtxThreadWaitExit
<LI><a href="#[b5]">&gt;&gt;</a>&nbsp;&nbsp;&nbsp;osRtxMutexOwnerRelease
<LI><a href="#[bd]">&gt;&gt;</a>&nbsp;&nbsp;&nbsp;osRtxThreadFree
<LI><a href="#[bc]">&gt;&gt;</a>&nbsp;&nbsp;&nbsp;osRtxThreadSwitch
<LI><a href="#[b1]">&gt;&gt;</a>&nbsp;&nbsp;&nbsp;osRtxThreadListGet
</UL>
<BR>[Address Reference Count : 1]<UL><LI> rtx_thread.o(.text.osThreadExit)
</UL>
<P><STRONG><a name="[77]"></a>svcRtxThreadNew</STRONG> (Thumb, 480 bytes, Stack size 48 bytes, rtx_thread.o(.text.svcRtxThreadNew))
<BR><BR>[Stack]<UL><LI>Max Depth = 64<LI>Call Chain = svcRtxThreadNew &rArr; osRtxMemoryPoolFree
</UL>
<BR>[Calls]<UL><LI><a href="#[b0]">&gt;&gt;</a>&nbsp;&nbsp;&nbsp;osRtxMemoryPoolFree
<LI><a href="#[ae]">&gt;&gt;</a>&nbsp;&nbsp;&nbsp;osRtxMemoryPoolAlloc
<LI><a href="#[be]">&gt;&gt;</a>&nbsp;&nbsp;&nbsp;osRtxMemoryFree
<LI><a href="#[cf]">&gt;&gt;</a>&nbsp;&nbsp;&nbsp;osRtxMemoryAlloc
<LI><a href="#[b6]">&gt;&gt;</a>&nbsp;&nbsp;&nbsp;osRtxThreadDispatch
<LI><a href="#[ca]">&gt;&gt;</a>&nbsp;&nbsp;&nbsp;__aeabi_memclr4
</UL>
<BR>[Called By]<UL><LI><a href="#[c2]">&gt;&gt;</a>&nbsp;&nbsp;&nbsp;osRtxThreadStartup
</UL>
<BR>[Address Reference Count : 1]<UL><LI> rtx_thread.o(.text.osThreadNew)
</UL>
<P><STRONG><a name="[6f]"></a>svcRtxMutexAcquire</STRONG> (Thumb, 152 bytes, Stack size 16 bytes, rtx_mutex.o(.text.svcRtxMutexAcquire))
<BR><BR>[Stack]<UL><LI>Max Depth = 32<LI>Call Chain = svcRtxMutexAcquire &rArr; osRtxThreadWaitEnter &rArr; osRtxThreadDelayInsert
</UL>
<BR>[Calls]<UL><LI><a href="#[c4]">&gt;&gt;</a>&nbsp;&nbsp;&nbsp;osRtxThreadWaitEnter
<LI><a href="#[bf]">&gt;&gt;</a>&nbsp;&nbsp;&nbsp;osRtxThreadListSort
<LI><a href="#[c0]">&gt;&gt;</a>&nbsp;&nbsp;&nbsp;osRtxThreadListPut
</UL>
<BR>[Address Reference Count : 1]<UL><LI> rtx_mutex.o(.text.osMutexAcquire)
</UL>
<P><STRONG><a name="[70]"></a>svcRtxMutexDelete</STRONG> (Thumb, 212 bytes, Stack size 8 bytes, rtx_mutex.o(.text.svcRtxMutexDelete))
<BR><BR>[Stack]<UL><LI>Max Depth = 40<LI>Call Chain = svcRtxMutexDelete &rArr; osRtxThreadWaitExit &rArr; osRtxThreadDispatch
</UL>
<BR>[Calls]<UL><LI><a href="#[b2]">&gt;&gt;</a>&nbsp;&nbsp;&nbsp;osRtxThreadWaitExit
<LI><a href="#[bf]">&gt;&gt;</a>&nbsp;&nbsp;&nbsp;osRtxThreadListSort
<LI><a href="#[b0]">&gt;&gt;</a>&nbsp;&nbsp;&nbsp;osRtxMemoryPoolFree
<LI><a href="#[be]">&gt;&gt;</a>&nbsp;&nbsp;&nbsp;osRtxMemoryFree
<LI><a href="#[b1]">&gt;&gt;</a>&nbsp;&nbsp;&nbsp;osRtxThreadListGet
<LI><a href="#[b6]">&gt;&gt;</a>&nbsp;&nbsp;&nbsp;osRtxThreadDispatch
</UL>
<BR>[Address Reference Count : 1]<UL><LI> rtx_mutex.o(.text.osMutexDelete)
</UL>
<P><STRONG><a name="[71]"></a>svcRtxMutexNew</STRONG> (Thumb, 108 bytes, Stack size 16 bytes, rtx_mutex.o(.text.svcRtxMutexNew))
<BR><BR>[Stack]<UL><LI>Max Depth = 32<LI>Call Chain = svcRtxMutexNew &rArr; osRtxMemoryPoolAlloc
</UL>
<BR>[Calls]<UL><LI><a href="#[ae]">&gt;&gt;</a>&nbsp;&nbsp;&nbsp;osRtxMemoryPoolAlloc
<LI><a href="#[cf]">&gt;&gt;</a>&nbsp;&nbsp;&nbsp;osRtxMemoryAlloc
<LI><a href="#[ca]">&gt;&gt;</a>&nbsp;&nbsp;&nbsp;__aeabi_memclr4
</UL>
<BR>[Address Reference Count : 1]<UL><LI> rtx_mutex.o(.text.osMutexNew)
</UL>
<P><STRONG><a name="[72]"></a>svcRtxMutexRelease</STRONG> (Thumb, 188 bytes, Stack size 16 bytes, rtx_mutex.o(.text.svcRtxMutexRelease))
<BR><BR>[Stack]<UL><LI>Max Depth = 48<LI>Call Chain = svcRtxMutexRelease &rArr; osRtxThreadWaitExit &rArr; osRtxThreadDispatch
</UL>
<BR>[Calls]<UL><LI><a href="#[b2]">&gt;&gt;</a>&nbsp;&nbsp;&nbsp;osRtxThreadWaitExit
<LI><a href="#[b1]">&gt;&gt;</a>&nbsp;&nbsp;&nbsp;osRtxThreadListGet
<LI><a href="#[b6]">&gt;&gt;</a>&nbsp;&nbsp;&nbsp;osRtxThreadDispatch
</UL>
<BR>[Address Reference Count : 1]<UL><LI> rtx_mutex.o(.text.osMutexRelease)
</UL>
<P><STRONG><a name="[aa]"></a>MessageQueueGet</STRONG> (Thumb, 70 bytes, Stack size 8 bytes, rtx_msgqueue.o(.text.MessageQueueGet))
<BR><BR>[Stack]<UL><LI>Max Depth = 8<LI>Call Chain = MessageQueueGet
</UL>
<BR>[Called By]<UL><LI><a href="#[a9]">&gt;&gt;</a>&nbsp;&nbsp;&nbsp;osMessageQueueGet
<LI><a href="#[6c]">&gt;&gt;</a>&nbsp;&nbsp;&nbsp;svcRtxMessageQueueGet
</UL>

<P><STRONG><a name="[b4]"></a>MessageQueuePut</STRONG> (Thumb, 100 bytes, Stack size 8 bytes, rtx_msgqueue.o(.text.MessageQueuePut))
<BR><BR>[Stack]<UL><LI>Max Depth = 8<LI>Call Chain = MessageQueuePut
</UL>
<BR>[Called By]<UL><LI><a href="#[6e]">&gt;&gt;</a>&nbsp;&nbsp;&nbsp;svcRtxMessageQueuePut
<LI><a href="#[6c]">&gt;&gt;</a>&nbsp;&nbsp;&nbsp;svcRtxMessageQueueGet
<LI><a href="#[79]">&gt;&gt;</a>&nbsp;&nbsp;&nbsp;osRtxMessageQueuePostProcess
</UL>

<P><STRONG><a name="[af]"></a>MessageQueueRemove</STRONG> (Thumb, 38 bytes, Stack size 0 bytes, rtx_msgqueue.o(.text.MessageQueueRemove))
<BR><BR>[Called By]<UL><LI><a href="#[6c]">&gt;&gt;</a>&nbsp;&nbsp;&nbsp;svcRtxMessageQueueGet
<LI><a href="#[79]">&gt;&gt;</a>&nbsp;&nbsp;&nbsp;osRtxMessageQueuePostProcess
</UL>

<P><STRONG><a name="[79]"></a>osRtxMessageQueuePostProcess</STRONG> (Thumb, 214 bytes, Stack size 24 bytes, rtx_msgqueue.o(.text.osRtxMessageQueuePostProcess))
<BR><BR>[Stack]<UL><LI>Max Depth = 56<LI>Call Chain = osRtxMessageQueuePostProcess &rArr; osRtxThreadWaitExit &rArr; osRtxThreadDispatch
</UL>
<BR>[Calls]<UL><LI><a href="#[b2]">&gt;&gt;</a>&nbsp;&nbsp;&nbsp;osRtxThreadWaitExit
<LI><a href="#[b3]">&gt;&gt;</a>&nbsp;&nbsp;&nbsp;osRtxThreadRegPtr
<LI><a href="#[b0]">&gt;&gt;</a>&nbsp;&nbsp;&nbsp;osRtxMemoryPoolFree
<LI><a href="#[ae]">&gt;&gt;</a>&nbsp;&nbsp;&nbsp;osRtxMemoryPoolAlloc
<LI><a href="#[b1]">&gt;&gt;</a>&nbsp;&nbsp;&nbsp;osRtxThreadListGet
<LI><a href="#[af]">&gt;&gt;</a>&nbsp;&nbsp;&nbsp;MessageQueueRemove
<LI><a href="#[b4]">&gt;&gt;</a>&nbsp;&nbsp;&nbsp;MessageQueuePut
<LI><a href="#[ab]">&gt;&gt;</a>&nbsp;&nbsp;&nbsp;__aeabi_memcpy
</UL>
<BR>[Address Reference Count : 1]<UL><LI> rtx_msgqueue.o(.text.svcRtxMessageQueueNew)
</UL>
<P><STRONG><a name="[6c]"></a>svcRtxMessageQueueGet</STRONG> (Thumb, 240 bytes, Stack size 32 bytes, rtx_msgqueue.o(.text.svcRtxMessageQueueGet))
<BR><BR>[Stack]<UL><LI>Max Depth = 64<LI>Call Chain = svcRtxMessageQueueGet &rArr; osRtxThreadWaitExit &rArr; osRtxThreadDispatch
</UL>
<BR>[Calls]<UL><LI><a href="#[b2]">&gt;&gt;</a>&nbsp;&nbsp;&nbsp;osRtxThreadWaitExit
<LI><a href="#[c4]">&gt;&gt;</a>&nbsp;&nbsp;&nbsp;osRtxThreadWaitEnter
<LI><a href="#[b3]">&gt;&gt;</a>&nbsp;&nbsp;&nbsp;osRtxThreadRegPtr
<LI><a href="#[c0]">&gt;&gt;</a>&nbsp;&nbsp;&nbsp;osRtxThreadListPut
<LI><a href="#[b0]">&gt;&gt;</a>&nbsp;&nbsp;&nbsp;osRtxMemoryPoolFree
<LI><a href="#[ae]">&gt;&gt;</a>&nbsp;&nbsp;&nbsp;osRtxMemoryPoolAlloc
<LI><a href="#[b1]">&gt;&gt;</a>&nbsp;&nbsp;&nbsp;osRtxThreadListGet
<LI><a href="#[af]">&gt;&gt;</a>&nbsp;&nbsp;&nbsp;MessageQueueRemove
<LI><a href="#[b4]">&gt;&gt;</a>&nbsp;&nbsp;&nbsp;MessageQueuePut
<LI><a href="#[aa]">&gt;&gt;</a>&nbsp;&nbsp;&nbsp;MessageQueueGet
<LI><a href="#[ab]">&gt;&gt;</a>&nbsp;&nbsp;&nbsp;__aeabi_memcpy
</UL>
<BR>[Address Reference Count : 1]<UL><LI> rtx_msgqueue.o(.text.osMessageQueueGet)
</UL>
<P><STRONG><a name="[6d]"></a>svcRtxMessageQueueNew</STRONG> (Thumb, 312 bytes, Stack size 40 bytes, rtx_msgqueue.o(.text.svcRtxMessageQueueNew))
<BR><BR>[Stack]<UL><LI>Max Depth = 56<LI>Call Chain = svcRtxMessageQueueNew &rArr; osRtxMemoryPoolFree
</UL>
<BR>[Calls]<UL><LI><a href="#[b0]">&gt;&gt;</a>&nbsp;&nbsp;&nbsp;osRtxMemoryPoolFree
<LI><a href="#[ae]">&gt;&gt;</a>&nbsp;&nbsp;&nbsp;osRtxMemoryPoolAlloc
<LI><a href="#[be]">&gt;&gt;</a>&nbsp;&nbsp;&nbsp;osRtxMemoryFree
<LI><a href="#[cf]">&gt;&gt;</a>&nbsp;&nbsp;&nbsp;osRtxMemoryAlloc
<LI><a href="#[cb]">&gt;&gt;</a>&nbsp;&nbsp;&nbsp;osRtxMemoryPoolInit
<LI><a href="#[d0]">&gt;&gt;</a>&nbsp;&nbsp;&nbsp;__aeabi_memclr
</UL>
<BR>[Address Reference Count : 1]<UL><LI> rtx_msgqueue.o(.text.osMessageQueueNew)
</UL>
<P><STRONG><a name="[6e]"></a>svcRtxMessageQueuePut</STRONG> (Thumb, 200 bytes, Stack size 32 bytes, rtx_msgqueue.o(.text.svcRtxMessageQueuePut))
<BR><BR>[Stack]<UL><LI>Max Depth = 64<LI>Call Chain = svcRtxMessageQueuePut &rArr; osRtxThreadWaitExit &rArr; osRtxThreadDispatch
</UL>
<BR>[Calls]<UL><LI><a href="#[b2]">&gt;&gt;</a>&nbsp;&nbsp;&nbsp;osRtxThreadWaitExit
<LI><a href="#[c4]">&gt;&gt;</a>&nbsp;&nbsp;&nbsp;osRtxThreadWaitEnter
<LI><a href="#[b3]">&gt;&gt;</a>&nbsp;&nbsp;&nbsp;osRtxThreadRegPtr
<LI><a href="#[c0]">&gt;&gt;</a>&nbsp;&nbsp;&nbsp;osRtxThreadListPut
<LI><a href="#[ae]">&gt;&gt;</a>&nbsp;&nbsp;&nbsp;osRtxMemoryPoolAlloc
<LI><a href="#[b1]">&gt;&gt;</a>&nbsp;&nbsp;&nbsp;osRtxThreadListGet
<LI><a href="#[b4]">&gt;&gt;</a>&nbsp;&nbsp;&nbsp;MessageQueuePut
<LI><a href="#[ab]">&gt;&gt;</a>&nbsp;&nbsp;&nbsp;__aeabi_memcpy
</UL>
<BR>[Address Reference Count : 1]<UL><LI> rtx_msgqueue.o(.text.osMessageQueuePut)
</UL>
<P><STRONG><a name="[c9]"></a>TimerInsert</STRONG> (Thumb, 80 bytes, Stack size 8 bytes, rtx_timer.o(.text.TimerInsert))
<BR><BR>[Stack]<UL><LI>Max Depth = 8<LI>Call Chain = TimerInsert
</UL>
<BR>[Called By]<UL><LI><a href="#[75]">&gt;&gt;</a>&nbsp;&nbsp;&nbsp;osRtxTimerTick
</UL>

<P><STRONG><a name="[75]"></a>osRtxTimerTick</STRONG> (Thumb, 88 bytes, Stack size 16 bytes, rtx_timer.o(.text.osRtxTimerTick))
<BR><BR>[Stack]<UL><LI>Max Depth = 56<LI>Call Chain = osRtxTimerTick &rArr; osMessageQueuePut &rArr; osRtxPostProcess
</UL>
<BR>[Calls]<UL><LI><a href="#[ad]">&gt;&gt;</a>&nbsp;&nbsp;&nbsp;osMessageQueuePut
<LI><a href="#[b7]">&gt;&gt;</a>&nbsp;&nbsp;&nbsp;osRtxErrorNotify
<LI><a href="#[c9]">&gt;&gt;</a>&nbsp;&nbsp;&nbsp;TimerInsert
</UL>
<BR>[Address Reference Count : 1]<UL><LI> rtx_timer.o(.text.osRtxTimerThread)
</UL><P>
<H3>
Undefined Global Symbols
</H3><HR></body></html>
